I/Telecom ( 1799): InCallController: onConnected to ComponentInfo{com.google.android.gms/com.google.android.gms.car.InCallServiceImpl}
I/Telecom ( 1799): InCallController: Adding 1 calls to InCallService after onConnected: ComponentInfo{com.google.android.gms/com.google.android.gms.car.InCallServiceImpl}
I/Telecom ( 1799): InCallController: addCall after binding: [197488259, CONNECTING, null, ***-***-****, 0, childs(0), has_parent(false), [[Capabilities:]]
I/Telecom ( 1799): InCallController: Calling onAudioStateChanged, audioState: null -> [AudioState isMuted: false, route; EARPIECE, supportedRouteMask: EARPIECE, SPEAKER]
I/Telecom ( 1799): InCallController: onConnected to ComponentInfo{com.google.android.dialer/com.android.incallui.InCallServiceImpl}
I/Telecom ( 1799): InCallController: Adding 1 calls to InCallService after onConnected: ComponentInfo{com.google.android.dialer/com.android.incallui.InCallServiceImpl}
I/Telecom ( 1799): InCallController: addCall after binding: [197488259, CONNECTING, null, ***-***-****, 0, childs(0), has_parent(false), [[Capabilities:]]
I/Telecom ( 1799): InCallController: Calling onAudioStateChanged, audioState: null -> [AudioState isMuted: false, route; EARPIECE, supportedRouteMask: EARPIECE, SPEAKER]
I/Telecom ( 1799): ProximitySensorManager: Proximity wake lock already released
I/ActivityManager(  751): Process com.google.android.calendar (pid 14286) has died
I/ActivityManager(  751): START u0 {act=android.intent.action.MAIN flg=0x10840000 cmp=com.google.android.dialer/com.android.incallui.InCallActivity (has extras)} from uid 10008 on display 0
W/ResourcesManager(23699): Asset path '/system/framework/com.google.android.media.effects.jar' does not exist or contains no resources.
I/ActivityManager(  751): Process android.process.media (pid 14473) has died
I/ActivityManager(  751): Start proc com.syncme.syncmeapp for broadcast com.syncme.syncmeapp/com.syncme.listeners.PhoneBroadcastReceiver: pid=14900 uid=10078 gids={50078, 9997, 3003, 1028, 1015} abi=armeabi-v7a
D/WifiService(  751): releaseWifiLockLocked: WifiLock{NlpWifiLock type=2 binder=android.os.BinderProxy@1b7a712f}
I/ActivityManager(  751): Process com.google.android.apps.plus (pid 14433) has died
I/ActivityManager(  751): Process com.android.vending (pid 13476) has died
D/WifiService(  751): acquireWifiLockLocked: WifiLock{NlpWifiLock type=2 binder=android.os.BinderProxy@1b7a712f}
I/Telecom ( 1799): ProximitySensorManager: Proximity wake lock already released
I/ActivityManager(  751): Process il.co.orange.app.myorange (pid 14874) has died
I/ActivityManager(  751): Process com.qualcomm.timeservice (pid 14225) has died
I/Telecom ( 1799): CallsManager: Creating a new outgoing call with handle: **********
I/Telecom ( 1799): CreateConnectionProcessor: Trying attempt CallAttemptRecord(ComponentInfo{com.android.phone/com.android.services.telephony.TelephonyConnectionService}, 1,ComponentInfo{com.android.phone/com.android.services.telephony.TelephonyConnectionService}, 1)
I/Telecom ( 1799): CreateConnectionProcessor: Attempting to call from ComponentInfo{com.android.phone/com.android.services.telephony.TelephonyConnectionService}
I/Telecom ( 1799): Call: CallerInfo received for **********: com.android.internal.telephony.CallerInfo@20ec2afb { name non-null, phoneNumber non-null }
I/Telecom ( 1799): ServiceBinderConnection: Service bound ComponentInfo{com.android.phone/com.android.services.telephony.TelephonyConnectionService}
I/ActivityManager(  751): Start proc com.ringya for broadcast com.ringya/.caller.CallReceiver: pid=14934 uid=10127 gids={50127, 9997, 3003, 1028, 1015} abi=armeabi-v7a
I/Telecom ( 1799): CallAudioManager: updateAudioStreamAndMode, mIsRinging: false, mIsTonePlaying: false
I/Telecom ( 1799): CallAudioManager: requestAudioFocusAndSetMode, stream: 0 -> 0
I/Telecom ( 1799): CallsManager: setCallState CONNECTING -> CONNECTING, call: [197488259, CONNECTING, com.android.phone/com.android.services.telephony.TelephonyConnectionService, **********, 0, childs(0), has_parent(false), [[Capabilities: SUPPORT_HOLD MUTE]]
I/Telecom ( 1799): CallsManager: setCallState CONNECTING -> DIALING, call: [197488259, CONNECTING, com.android.phone/com.android.services.telephony.TelephonyConnectionService, **********, 0, childs(0), has_parent(false), [[Capabilities: SUPPORT_HOLD MUTE]]
I/Telecom ( 1799): CallAudioManager: updateAudioStreamAndMode, mIsRinging: false, mIsTonePlaying: false
I/Telecom ( 1799): CallAudioManager: requestAudioFocusAndSetMode, stream: 0 -> 0
I/ActivityManager(  751): Process com.syncme.syncmeapp (pid 14900) has died
I/Telecom ( 1799): PhoneStateBroadcaster: Broadcasted state change: 2
I/Telecom ( 1799): CallsManager: setCallState DIALING -> DIALING, call: [197488259, DIALING, com.android.phone/com.android.services.telephony.TelephonyConnectionService, **********, 0, childs(0), has_parent(false), [[Capabilities: SUPPORT_HOLD MUTE]]
I/Telecom ( 1799): ProximitySensorManager: Acquiring proximity wake lock
I/ActivityManager(  751): Start proc il.co.orange.app.myorange for broadcast il.co.orange.app.myorange/com.sdk.ida.callvu.IncomingCallInterceptor: pid=14976 uid=10147 gids={50147, 9997, 3003, 1028, 1015} abi=armeabi-v7a
I/ActivityManager(  751): Start proc com.google.android.talk for broadcast com.google.android.talk/com.google.android.apps.hangouts.phone.PhoneStateReceiver: pid=14997 uid=10052 gids={50052, 9997, 3003, 1028, 1015, 3002} abi=armeabi-v7a
I/ActivityManager(  751): Start proc com.android.vending for service com.android.vending/com.google.android.finsky.billing.iab.InAppBillingService: pid=15003 uid=10015 gids={50015, 9997, 3003, 1028, 1015} abi=armeabi-v7a
I/ActivityManager(  751): Process il.co.orange.app.myorange (pid 14976) has died
W/ResourcesManager(14997): Asset path '/system/framework/com.google.android.media.effects.jar' does not exist or contains no resources.
I/Telecom ( 1799): ProximitySensorManager: Proximity wake lock already acquired
I/ActivityManager(  751): Process com.ringya (pid 14934) has died
I/ActivityManager(  751): Start proc com.syncme.syncmeapp for broadcast com.syncme.syncmeapp/com.syncme.listeners.PhoneBroadcastReceiver: pid=15109 uid=10078 gids={50078, 9997, 3003, 1028, 1015} abi=armeabi-v7a
I/ActivityManager(  751): Process com.android.vending (pid 15003) has died
I/Telecom ( 1799): InCallController: onDisconnected from ComponentInfo{com.google.android.gms/com.google.android.gms.car.InCallServiceImpl}
I/Telecom ( 1799): InCallController: In-Call Service ComponentInfo{com.google.android.gms/com.google.android.gms.car.InCallServiceImpl} suddenly disconnected
W/ActivityManager(  751): Exception when unbinding service com.google.android.gms/.car.InCallServiceImpl
W/ActivityManager(  751): android.os.DeadObjectException
W/ActivityManager(  751): 	at android.os.BinderProxy.transactNative(Native Method)
W/ActivityManager(  751): 	at android.os.BinderProxy.transact(Binder.java:496)
W/ActivityManager(  751): 	at android.app.ApplicationThreadProxy.scheduleUnbindService(ApplicationThreadNative.java:917)
W/ActivityManager(  751): 	at com.android.server.am.ActiveServices.removeConnectionLocked(ActiveServices.java:1772)
W/ActivityManager(  751): 	at com.android.server.am.ActiveServices.unbindServiceLocked(ActiveServices.java:897)
W/ActivityManager(  751): 	at com.android.server.am.ActivityManagerService.unbindService(ActivityManagerService.java:14925)
W/ActivityManager(  751): 	at android.app.ActivityManagerNative.onTransact(ActivityManagerNative.java:960)
W/ActivityManager(  751): 	at com.android.server.am.ActivityManagerService.onTransact(ActivityManagerService.java:2407)
W/ActivityManager(  751): 	at android.os.Binder.execTransact(Binder.java:446)
I/Telecom ( 1799): ProximitySensorManager: Proximity wake lock already acquired
I/ActivityManager(  751): Process com.google.android.gms:car (pid 14854) has died
I/DisplayManagerService(  751): Display device changed: DisplayDeviceInfo{"Built-in Screen": 1080 x 1920, 60.0 fps, supportedRefreshRates [60.0], density 480, 442.451 x 443.345 dpi, appVsyncOff 7500000, presDeadline 12666667, touch INTERNAL, rotation 0, type BUILT_IN, state OFF, FLAG_DEFAULT_DISPLAY, FLAG_ROTATES_WITH_CONTENT, FLAG_SECURE, FLAG_SUPPORTS_PROTECTED_BUFFERS}
V/ActivityManager(  751): Display changed displayId=0
W/ResourcesManager(14997): Asset path '/system/framework/com.android.media.remotedisplay.jar' does not exist or contains no resources.
W/ResourcesManager(14997): Asset path '/system/framework/com.android.location.provider.jar' does not exist or contains no resources.
D/ConnectivityService(  751): updateNetworkScore for NetworkAgentInfo [WIFI () - 114] to 60
D/ConnectivityService(  751): rematching NetworkAgentInfo [WIFI () - 114]
D/ConnectivityService(  751): Network NetworkAgentInfo [WIFI () - 114] was already satisfying request 1. No change.
D/ConnectivityService(  751): notifyType AVAILABLE for NetworkAgentInfo [WIFI () - 114]
I/ActivityManager(  751): Start proc com.ringya for broadcast com.ringya/.caller.CallReceiver: pid=15145 uid=10127 gids={50127, 9997, 3003, 1028, 1015} abi=armeabi-v7a
I/ActivityManager(  751): Process com.syncme.syncmeapp (pid 15109) has died
I/ActivityManager(  751): Start proc il.co.orange.app.myorange for broadcast il.co.orange.app.myorange/com.sdk.ida.callvu.IncomingCallInterceptor: pid=15204 uid=10147 gids={50147, 9997, 3003, 1028, 1015} abi=armeabi-v7a
I/ActivityManager(  751): Start proc com.android.vending for service com.android.vending/com.google.android.finsky.billing.iab.InAppBillingService: pid=15226 uid=10015 gids={50015, 9997, 3003, 1028, 1015} abi=armeabi-v7a
I/ActivityManager(  751): Start proc com.syncme.syncmeapp for broadcast com.syncme.syncmeapp/com.syncme.listeners.PhoneBroadcastReceiver: pid=15245 uid=10078 gids={50078, 9997, 3003, 1028, 1015} abi=armeabi-v7a
I/ActivityManager(  751): Process il.co.orange.app.myorange (pid 15204) has died
I/ActivityManager(  751): Process com.ringya (pid 15145) has died
I/ActivityManager(  751): Start proc com.google.android.gms:car for service com.google.android.gms/.car.CarService: pid=15320 uid=10007 gids={50007, 9997, 3007, 2001, 3003, 1007, 3006, 3002, 3001, 1028, 1015, 1005} abi=armeabi-v7a
I/ActivityManager(  751): Start proc com.android.cellbroadcastreceiver for broadcast com.android.cellbroadcastreceiver/.CellBroadcastReceiver: pid=15328 uid=10030 gids={50030, 9997} abi=armeabi-v7a
W/ResourcesManager(15320): Asset path '/system/framework/com.android.media.remotedisplay.jar' does not exist or contains no resources.
W/ResourcesManager(15320): Asset path '/system/framework/com.android.location.provider.jar' does not exist or contains no resources.
I/ActivityManager(  751): Process com.syncme.syncmeapp (pid 15245) has died
D/TaskPersister(  751): removeObsoleteFile: deleting file=2541_task_thumbnail.png
I/ActivityManager(  751): Start proc android.process.media for content provider com.android.providers.downloads/.DownloadProvider: pid=15365 uid=10005 gids={50005, 9997, 2001, 3003, 1028, 1015, 3007, 1023, 1024} abi=armeabi-v7a
D/WifiService(  751): releaseWifiLockLocked: WifiLock{NlpWifiLock type=2 binder=android.os.BinderProxy@1b7a712f}
D/WifiService(  751): acquireWifiLockLocked: WifiLock{NlpWifiLock type=2 binder=android.os.BinderProxy@1b7a712f}
I/ActivityManager(  751): Process com.android.vending (pid 15226) has died
I/ActivityManager(  751): Process com.google.android.gms:car (pid 15320) has died
I/ActivityManager(  751): Start proc com.google.android.deskclock for broadcast com.google.android.deskclock/com.android.deskclock.AlarmInitReceiver: pid=15407 uid=10034 gids={50034, 9997, 1028} abi=armeabi-v7a
I/ActivityManager(  751): Start proc com.qualcomm.timeservice for broadcast com.qualcomm.timeservice/.TimeServiceBroadcastReceiver: pid=15450 uid=10070 gids={50070, 9997} abi=armeabi-v7a
I/ActivityManager(  751): Start proc com.google.android.keep for broadcast com.google.android.keep/.notification.AlertReceiver: pid=15470 uid=10053 gids={50053, 9997, 3003, 1028, 1015} abi=armeabi-v7a
I/ActivityManager(  751): Process android.process.media (pid 15365) has died
I/ActivityManager(  751): Process com.android.cellbroadcastreceiver (pid 15328) has died
D/WifiService(  751): releaseWifiLockLocked: WifiLock{NlpWifiLock type=2 binder=android.os.BinderProxy@1b7a712f}
I/ActivityManager(  751): Start proc com.google.android.calendar for broadcast com.google.android.calendar/com.android.calendar.widget.CalendarAppWidgetProvider: pid=15517 uid=10029 gids={50029, 9997, 3003, 1028, 1015} abi=armeabi-v7a
I/ActivityManager(  751): Start proc com.android.providers.calendar for content provider com.android.providers.calendar/.CalendarProvider2: pid=15543 uid=10001 gids={50001, 9997, 3003, 1028, 1015} abi=armeabi-v7a
I/ActivityManager(  751): Process com.google.android.keep (pid 15470) has died
W/ResourcesManager(15543): Asset path '/system/framework/android.test.runner.jar' does not exist or contains no resources.
I/ActivityManager(  751): Start proc com.google.android.setupwizard for broadcast com.google.android.setupwizard/.util.GservicesChangedReceiver: pid=15566 uid=10017 gids={50017, 9997, 3003} abi=armeabi-v7a
I/ActivityManager(  751): Process com.qualcomm.timeservice (pid 15450) has died
I/ActivityManager(  751): Process com.google.android.setupwizard (pid 15566) has died
I/ActivityManager(  751): Process com.google.android.calendar (pid 15517) has died
I/ActivityManager(  751): Start proc com.google.android.gms.unstable for service com.google.android.gms/.droidguard.DroidGuardService: pid=15592 uid=10007 gids={50007, 9997, 3007, 2001, 3003, 1007, 3006, 3002, 3001, 1028, 1015, 1005} abi=armeabi-v7a
W/ResourcesManager(15592): Asset path '/system/framework/com.android.media.remotedisplay.jar' does not exist or contains no resources.
W/ResourcesManager(15592): Asset path '/system/framework/com.android.location.provider.jar' does not exist or contains no resources.
I/ActivityManager(  751): Start proc com.google.android.calendar for broadcast com.google.android.calendar/com.android.calendar.alerts.AlertReceiver: pid=15618 uid=10029 gids={50029, 9997, 3003, 1028, 1015} abi=armeabi-v7a
I/ActivityManager(  751): Process com.android.providers.calendar (pid 15543) has died
I/ActivityManager(  751): Start proc com.android.providers.calendar for content provider com.android.providers.calendar/.CalendarProvider2: pid=15658 uid=10001 gids={50001, 9997, 3003, 1028, 1015} abi=armeabi-v7a
W/ResourcesManager(15658): Asset path '/system/framework/android.test.runner.jar' does not exist or contains no resources.
I/ActivityManager(  751): Start proc com.google.android.setupwizard for broadcast com.google.android.setupwizard/.util.GservicesChangedReceiver: pid=15724 uid=10017 gids={50017, 9997, 3003} abi=armeabi-v7a
W/ResourcesManager( 1833): Asset path '/system/framework/com.google.android.media.effects.jar' does not exist or contains no resources.
I/ActivityManager(  751): Start proc com.android.vending for broadcast com.android.vending/com.google.android.finsky.receivers.PackageMonitorReceiver$RegisteredReceiver: pid=15780 uid=10015 gids={50015, 9997, 3003, 1028, 1015} abi=armeabi-v7a
I/ActivityManager(  751): Process com.google.android.gms.unstable (pid 15592) has died
I/ActivityManager(  751): Process com.google.android.setupwizard (pid 15724) has died
I/ActivityManager(  751): Process com.google.android.talk (pid 14997) has died
I/ActivityManager(  751): Start proc com.google.android.gms:car for service com.google.android.gms/.car.CarService: pid=15817 uid=10007 gids={50007, 9997, 3007, 2001, 3003, 1007, 3006, 3002, 3001, 1028, 1015, 1005} abi=armeabi-v7a
D/BackupManagerService(  751): Received broadcast Intent { act=android.intent.action.PACKAGE_CHANGED dat=package:com.google.android.gms flg=0x4000010 (has extras) }
I/BackupManagerService(  751): Unbinding ComponentInfo{com.google.android.gms/com.google.android.gms.backup.BackupTransportService}
I/BackupManagerService(  751): Binding to transport host ComponentInfo{com.google.android.gms/com.google.android.gms.backup.BackupTransportService}
V/BackupManagerService(  751): Connected to transport ComponentInfo{com.google.android.gms/com.google.android.gms.backup.BackupTransportService}
V/BackupManagerService(  751): Registering transport com.google.android.gms/.backup.BackupTransportService::com.google.android.gms/.backup.BackupTransportService = com.android.internal.backup.IBackupTransport$Stub$Proxy@3cca31e7
E/ActivityThread( 3209): Service com.google.android.gms.backup.BackupTransportService has leaked ServiceConnection com.google.android.gms.http.f@27e99346 that was originally bound here
E/ActivityThread( 3209): android.app.ServiceConnectionLeaked: Service com.google.android.gms.backup.BackupTransportService has leaked ServiceConnection com.google.android.gms.http.f@27e99346 that was originally bound here
E/ActivityThread( 3209): 	at android.app.LoadedApk$ServiceDispatcher.<init>(LoadedApk.java:1072)
E/ActivityThread( 3209): 	at android.app.LoadedApk.getServiceDispatcher(LoadedApk.java:966)
E/ActivityThread( 3209): 	at android.app.ContextImpl.bindServiceCommon(ContextImpl.java:1768)
E/ActivityThread( 3209): 	at android.app.ContextImpl.bindService(ContextImpl.java:1751)
E/ActivityThread( 3209): 	at android.content.ContextWrapper.bindService(ContextWrapper.java:538)
E/ActivityThread( 3209): 	at com.google.android.gms.http.e.<init>(SourceFile:94)
E/ActivityThread( 3209): 	at com.google.android.gms.http.GoogleHttpClient.<init>(SourceFile:234)
E/ActivityThread( 3209): 	at com.google.android.gms.http.GoogleHttpClient.<init>(SourceFile:196)
E/ActivityThread( 3209): 	at com.google.android.gms.backup.BackupTransportService.onCreate(SourceFile:1183)
E/ActivityThread( 3209): 	at android.app.ActivityThread.handleCreateService(ActivityThread.java:2731)
E/ActivityThread( 3209): 	at android.app.ActivityThread.access$1800(ActivityThread.java:144)
E/ActivityThread( 3209): 	at android.app.ActivityThread$H.handleMessage(ActivityThread.java:1361)
E/ActivityThread( 3209): 	at android.os.Handler.dispatchMessage(Handler.java:102)
E/ActivityThread( 3209): 	at android.os.Looper.loop(Looper.java:135)
E/ActivityThread( 3209): 	at android.app.ActivityThread.main(ActivityThread.java:5221)
E/ActivityThread( 3209): 	at java.lang.reflect.Method.invoke(Native Method)
E/ActivityThread( 3209): 	at java.lang.reflect.Method.invoke(Method.java:372)
E/ActivityThread( 3209): 	at com.android.internal.os.ZygoteInit$MethodAndArgsCaller.run(ZygoteInit.java:899)
E/ActivityThread( 3209): 	at com.android.internal.os.ZygoteInit.main(ZygoteInit.java:694)
V/BackupManagerService(  751): Scheduling immediate backup pass
W/ResourcesManager(15817): Asset path '/system/framework/com.android.media.remotedisplay.jar' does not exist or contains no resources.
W/ResourcesManager(15817): Asset path '/system/framework/com.android.location.provider.jar' does not exist or contains no resources.
I/ActivityManager(  751): Process com.google.android.deskclock (pid 15407) has died
V/BackupManagerService(  751): Running a backup pass
V/BackupManagerService(  751): clearing pending backups
V/PerformBackupTask(  751): Beginning backup of 17 targets
D/PerformBackupTask(  751): invokeAgentForBackup on @pm@
E/PMBA    (  751): No global metadata in state file!
I/PMBA    (  751): Previous metadata null mismatch vs 1602158 - rewriting
I/BackupRestoreController(  751): Getting widget state for user: 0
D/BackupManagerService(  751): Now staging backup of com.google.android.talk
D/BackupManagerService(  751): Now staging backup of com.zegoggles.smssync
D/BackupManagerService(  751): Now staging backup of com.google.android.dialer
D/BackupManagerService(  751): Now staging backup of com.android.providers.settings
I/ActivityManager(  751): Start proc com.google.android.apps.plus for broadcast com.google.android.apps.plus/.service.PackagesMediaMonitor: pid=15838 uid=10065 gids={50065, 9997, 3003, 3002, 1028, 1015} abi=armeabi-v7a
D/BackupManagerService(  751): Now staging backup of com.rhmsoft.fm
D/BackupManagerService(  751): Now staging backup of com.android.sharedstoragebackup
D/BackupManagerService(  751): Now staging backup of com.shazam.android
D/BackupManagerService(  751): Now staging backup of com.google.android.gm
D/BackupManagerService(  751): Now staging backup of com.android.providers.userdictionary
D/BackupManagerService(  751): Now staging backup of com.google.android.apps.genie.geniewidget
I/ActivityManager(  751): Start proc android.process.media for content provider com.android.providers.downloads/.DownloadProvider: pid=15854 uid=10005 gids={50005, 9997, 2001, 3003, 1028, 1015, 3007, 1023, 1024} abi=armeabi-v7a
D/BackupManagerService(  751): Now staging backup of com.android.nfc
D/BackupManagerService(  751): Now staging backup of com.google.android.marvin.talkback
D/BackupManagerService(  751): Now staging backup of com.google.android.calendar
D/BackupManagerService(  751): Now staging backup of com.android.vending
D/BackupManagerService(  751): Now staging backup of com.google.android.inputmethod.latin
D/BackupManagerService(  751): Now staging backup of android
D/BackupManagerService(  751): Now staging backup of com.google.android.googlequicksearchbox
I/ActivityManager(  751): Process com.android.providers.calendar (pid 15658) has died
W/ResourcesManager(15838): Asset path '/system/framework/com.google.android.maps.jar' does not exist or contains no resources.
I/BackupManagerService(  751): Backup pass finished.
I/ActivityManager(  751): Process com.android.vending (pid 15780) has died
I/ActivityManager(  751): Process com.google.android.gms:car (pid 15817) has died
D/WifiService(  751): acquireWifiLockLocked: WifiLock{NlpWifiLock type=2 binder=android.os.BinderProxy@3da518b7}
I/ActivityManager(  751): Process com.google.android.youtube (pid 10934) has died
I/ActivityManager(  751): Start proc com.android.providers.calendar for content provider com.android.providers.calendar/.CalendarProvider2: pid=15897 uid=10001 gids={50001, 9997, 3003, 1028, 1015} abi=armeabi-v7a
W/ResourcesManager(15897): Asset path '/system/framework/android.test.runner.jar' does not exist or contains no resources.
I/ActivityManager(  751): Process com.google.android.calendar (pid 15618) has died
D/ConnectivityService(  751): updateNetworkScore for NetworkAgentInfo [WIFI () - 114] to 56
D/ConnectivityService(  751): rematching NetworkAgentInfo [WIFI () - 114]
D/ConnectivityService(  751): Network NetworkAgentInfo [WIFI () - 114] was already satisfying request 1. No change.
D/ConnectivityService(  751): notifyType AVAILABLE for NetworkAgentInfo [WIFI () - 114]
I/ActivityManager(  751): Start proc com.google.android.calendar for broadcast com.google.android.calendar/com.android.calendar.alerts.AlertReceiver: pid=15928 uid=10029 gids={50029, 9997, 3003, 1028, 1015} abi=armeabi-v7a
D/WifiService(  751): releaseWifiLockLocked: WifiLock{NlpWifiLock type=2 binder=android.os.BinderProxy@3da518b7}
I/Telecom ( 1799): CallsManager: setCallState DIALING -> ACTIVE, call: [197488259, DIALING, com.android.phone/com.android.services.telephony.TelephonyConnectionService, **********, 0, childs(0), has_parent(false), [[Capabilities: SUPPORT_HOLD MUTE]]
I/Telecom ( 1799): CallAudioManager: updateAudioStreamAndMode, mIsRinging: false, mIsTonePlaying: false
I/Telecom ( 1799): CallAudioManager: requestAudioFocusAndSetMode, stream: 0 -> 0
I/ActivityManager(  751): Process com.google.android.apps.plus (pid 15838) has died
D/ConnectivityService(  751): updateNetworkScore for NetworkAgentInfo [WIFI () - 114] to 55
D/ConnectivityService(  751): rematching NetworkAgentInfo [WIFI () - 114]
D/ConnectivityService(  751): Network NetworkAgentInfo [WIFI () - 114] was already satisfying request 1. No change.
D/ConnectivityService(  751): notifyType AVAILABLE for NetworkAgentInfo [WIFI () - 114]
D/ConnectivityService(  751): updateNetworkScore for NetworkAgentInfo [WIFI () - 114] to 60
D/ConnectivityService(  751): rematching NetworkAgentInfo [WIFI () - 114]
D/ConnectivityService(  751): Network NetworkAgentInfo [WIFI () - 114] was already satisfying request 1. No change.
D/ConnectivityService(  751): notifyType AVAILABLE for NetworkAgentInfo [WIFI () - 114]
D/ConnectivityService(  751): updateNetworkScore for NetworkAgentInfo [WIFI () - 114] to 56
D/ConnectivityService(  751): rematching NetworkAgentInfo [WIFI () - 114]
D/ConnectivityService(  751): Network NetworkAgentInfo [WIFI () - 114] was already satisfying request 1. No change.
D/ConnectivityService(  751): notifyType AVAILABLE for NetworkAgentInfo [WIFI () - 114]
D/ConnectivityService(  751): updateNetworkScore for NetworkAgentInfo [WIFI () - 114] to 60
D/ConnectivityService(  751): rematching NetworkAgentInfo [WIFI () - 114]
D/ConnectivityService(  751): Network NetworkAgentInfo [WIFI () - 114] was already satisfying request 1. No change.
D/ConnectivityService(  751): notifyType AVAILABLE for NetworkAgentInfo [WIFI () - 114]
D/ConnectivityService(  751): updateNetworkScore for NetworkAgentInfo [WIFI () - 114] to 56
D/ConnectivityService(  751): rematching NetworkAgentInfo [WIFI () - 114]
D/ConnectivityService(  751): Network NetworkAgentInfo [WIFI () - 114] was already satisfying request 1. No change.
D/ConnectivityService(  751): notifyType AVAILABLE for NetworkAgentInfo [WIFI () - 114]
D/WifiService(  751): acquireWifiLockLocked: WifiLock{NlpWifiLock type=2 binder=android.os.BinderProxy@3da518b7}
D/WifiService(  751): releaseWifiLockLocked: WifiLock{NlpWifiLock type=2 binder=android.os.BinderProxy@3da518b7}
D/ConnectivityService(  751): updateNetworkScore for NetworkAgentInfo [WIFI () - 114] to 60
D/ConnectivityService(  751): rematching NetworkAgentInfo [WIFI () - 114]
D/ConnectivityService(  751): Network NetworkAgentInfo [WIFI () - 114] was already satisfying request 1. No change.
D/ConnectivityService(  751): notifyType AVAILABLE for NetworkAgentInfo [WIFI () - 114]
D/ConnectivityService(  751): updateNetworkScore for NetworkAgentInfo [WIFI () - 114] to 56
D/ConnectivityService(  751): rematching NetworkAgentInfo [WIFI () - 114]
D/ConnectivityService(  751): Network NetworkAgentInfo [WIFI () - 114] was already satisfying request 1. No change.
D/ConnectivityService(  751): notifyType AVAILABLE for NetworkAgentInfo [WIFI () - 114]
I/ActivityManager(  751): Process android.process.media (pid 15854) has died
D/ConnectivityService(  751): updateNetworkScore for NetworkAgentInfo [WIFI () - 114] to 60
D/ConnectivityService(  751): rematching NetworkAgentInfo [WIFI () - 114]
D/ConnectivityService(  751): Network NetworkAgentInfo [WIFI () - 114] was already satisfying request 1. No change.
D/ConnectivityService(  751): notifyType AVAILABLE for NetworkAgentInfo [WIFI () - 114]
I/ActivityManager(  751): Process com.android.providers.calendar (pid 15897) has died
D/ConnectivityService(  751): updateNetworkScore for NetworkAgentInfo [WIFI () - 114] to 56
D/ConnectivityService(  751): rematching NetworkAgentInfo [WIFI () - 114]
D/ConnectivityService(  751): Network NetworkAgentInfo [WIFI () - 114] was already satisfying request 1. No change.
D/ConnectivityService(  751): notifyType AVAILABLE for NetworkAgentInfo [WIFI () - 114]
W/ProcessCpuTracker(  751): Skipping unknown process pid 16085
W/ProcessCpuTracker(  751): Skipping unknown process pid 16086
W/ProcessCpuTracker(  751): Skipping unknown process pid 16088
W/ProcessCpuTracker(  751): Skipping unknown process pid 16090
W/ProcessCpuTracker(  751): Skipping unknown process pid 16091
D/ConnectivityService(  751): updateNetworkScore for NetworkAgentInfo [WIFI () - 114] to 60
D/ConnectivityService(  751): rematching NetworkAgentInfo [WIFI () - 114]
D/ConnectivityService(  751): Network NetworkAgentInfo [WIFI () - 114] was already satisfying request 1. No change.
D/ConnectivityService(  751): notifyType AVAILABLE for NetworkAgentInfo [WIFI () - 114]
E/ActivityThread(11139): Failed to find provider info for com.facebook.wakizashi.provider.MessagesForegroundProvider
E/ActivityThread(30986): Failed to find provider info for com.facebook.wakizashi.provider.MessagesForegroundProvider
E/ActivityThread(11139): Failed to find provider info for com.facebook.wakizashi.provider.MessagesForegroundProvider
D/ZenLog  (  751): disable_effects: 0|com.facebook.orca|10000|t_mid.1418889764403:1e48478f4d4f8e4f20|10108,callState
W/ResourcesManager( 1488): Asset path '/system/framework/com.google.android.maps.jar' does not exist or contains no resources.
W/ResourcesManager( 1630): Asset path '/system/framework/com.google.android.maps.jar' does not exist or contains no resources.
D/ConnectivityService(  751): updateNetworkScore for NetworkAgentInfo [WIFI () - 114] to 56
D/ConnectivityService(  751): rematching NetworkAgentInfo [WIFI () - 114]
D/ConnectivityService(  751): Network NetworkAgentInfo [WIFI () - 114] was already satisfying request 1. No change.
D/ConnectivityService(  751): notifyType AVAILABLE for NetworkAgentInfo [WIFI () - 114]
D/WifiService(  751): acquireWifiLockLocked: WifiLock{NlpWifiLock type=2 binder=android.os.BinderProxy@159ab940}
D/ConnectivityService(  751): updateNetworkScore for NetworkAgentInfo [WIFI () - 114] to 55
D/ConnectivityService(  751): rematching NetworkAgentInfo [WIFI () - 114]
D/ConnectivityService(  751): Network NetworkAgentInfo [WIFI () - 114] was already satisfying request 1. No change.
D/ConnectivityService(  751): notifyType AVAILABLE for NetworkAgentInfo [WIFI () - 114]
D/WifiService(  751): releaseWifiLockLocked: WifiLock{NlpWifiLock type=2 binder=android.os.BinderProxy@159ab940}
D/ConnectivityService(  751): updateNetworkScore for NetworkAgentInfo [WIFI () - 114] to 60
D/ConnectivityService(  751): rematching NetworkAgentInfo [WIFI () - 114]
D/ConnectivityService(  751): Network NetworkAgentInfo [WIFI () - 114] was already satisfying request 1. No change.
D/ConnectivityService(  751): notifyType AVAILABLE for NetworkAgentInfo [WIFI () - 114]
D/ConnectivityService(  751): updateNetworkScore for NetworkAgentInfo [WIFI () - 114] to 56
D/ConnectivityService(  751): rematching NetworkAgentInfo [WIFI () - 114]
D/ConnectivityService(  751): Network NetworkAgentInfo [WIFI () - 114] was already satisfying request 1. No change.
D/ConnectivityService(  751): notifyType AVAILABLE for NetworkAgentInfo [WIFI () - 114]
I/ActivityManager(  751): Start proc com.quoord.tapatalkpro.activity for broadcast com.quoord.tapatalkpro.activity/com.quoord.tapatalkpro.alarm.PingsOnAlarmReceiver: pid=16197 uid=10112 gids={50112, 9997, 3003, 1028, 1015} abi=armeabi-v7a
D/ConnectivityService(  751): updateNetworkScore for NetworkAgentInfo [WIFI () - 114] to 60
D/ConnectivityService(  751): rematching NetworkAgentInfo [WIFI () - 114]
D/ConnectivityService(  751): Network NetworkAgentInfo [WIFI () - 114] was already satisfying request 1. No change.
D/ConnectivityService(  751): notifyType AVAILABLE for NetworkAgentInfo [WIFI () - 114]
D/ConnectivityService(  751): updateNetworkScore for NetworkAgentInfo [WIFI () - 114] to 56
D/ConnectivityService(  751): rematching NetworkAgentInfo [WIFI () - 114]
D/ConnectivityService(  751): Network NetworkAgentInfo [WIFI () - 114] was already satisfying request 1. No change.
D/ConnectivityService(  751): notifyType AVAILABLE for NetworkAgentInfo [WIFI () - 114]
D/WifiService(  751): acquireWifiLockLocked: WifiLock{NlpWifiLock type=2 binder=android.os.BinderProxy@159ab940}
D/WifiService(  751): releaseWifiLockLocked: WifiLock{NlpWifiLock type=2 binder=android.os.BinderProxy@159ab940}
W/ActivityManager(  751): Permission Denial: Accessing service ComponentInfo{com.google.android.music/com.google.android.music.dial.DialMediaRouteProviderService} from pid=1726, uid=10020 that is not exported from uid 10060
I/ActivityManager(  751): Start proc com.google.android.youtube for service com.google.android.youtube/.app.remote.YouTubeTvRouteProviderService: pid=16302 uid=10073 gids={50073, 9997, 3003, 1028, 1015} abi=armeabi-v7a
W/ResourcesManager(16302): Asset path '/system/framework/com.android.media.remotedisplay.jar' does not exist or contains no resources.
W/ResourcesManager(16302): Asset path '/system/framework/com.android.location.provider.jar' does not exist or contains no resources.
I/ActivityManager(  751): Process com.google.android.calendar (pid 15928) has died
I/ActivityManager(  751): Process com.quoord.tapatalkpro.activity (pid 16197) has died
D/ConnectivityService(  751): updateNetworkScore for NetworkAgentInfo [WIFI () - 114] to 60
D/ConnectivityService(  751): rematching NetworkAgentInfo [WIFI () - 114]
D/ConnectivityService(  751): Network NetworkAgentInfo [WIFI () - 114] was already satisfying request 1. No change.
D/ConnectivityService(  751): notifyType AVAILABLE for NetworkAgentInfo [WIFI () - 114]
D/ZenLog  (  751): disable_effects: 0|com.google.android.googlequicksearchbox|6|null|10020,callState
I/WindowState(  751): WIN DEATH: Window{33d656e4 u0 com.facebook.katana/com.facebook.katana.activity.ImmersiveActivity}
D/WifiService(  751): Client connection lost with reason: 4
I/WindowState(  751): WIN DEATH: Window{1b1b6b06 u0 com.facebook.katana/com.facebook.katana.activity.ImmersiveActivity}
I/WindowState(  751): WIN DEATH: Window{11ae9999 u0 com.facebook.katana/com.facebook.katana.activity.FbMainTabActivity}
I/ActivityManager(  751): Process com.facebook.katana (pid 30986) has died
W/ActivityManager(  751): Scheduling restart of crashed service com.facebook.katana/com.facebook.push.mqtt.service.MqttPushService in 1000ms
I/ActivityManager(  751): Start proc com.android.providers.calendar for content provider com.android.providers.calendar/.CalendarProvider2: pid=16430 uid=10001 gids={50001, 9997, 3003, 1028, 1015} abi=armeabi-v7a
W/ResourcesManager(16430): Asset path '/system/framework/android.test.runner.jar' does not exist or contains no resources.
I/ActivityManager(  751): Start proc com.facebook.katana for service com.facebook.katana/com.facebook.push.mqtt.service.MqttPushService: pid=16464 uid=10083 gids={50083, 9997, 1028, 1015, 3003} abi=armeabi-v7a
W/ResourcesManager(16464): Asset path '/system/framework/com.google.android.maps.jar' does not exist or contains no resources.
I/ActivityManager(  751): Start proc com.google.android.calendar for broadcast com.google.android.calendar/com.android.calendar.alerts.AlertReceiver: pid=16487 uid=10029 gids={50029, 9997, 3003, 1028, 1015} abi=armeabi-v7a
D/WifiService(  751): New client listening to asynchronous messages
D/ConnectivityService(  751): updateNetworkScore for NetworkAgentInfo [WIFI () - 114] to 56
D/ConnectivityService(  751): rematching NetworkAgentInfo [WIFI () - 114]
D/ConnectivityService(  751): Network NetworkAgentInfo [WIFI () - 114] was already satisfying request 1. No change.
D/ConnectivityService(  751): notifyType AVAILABLE for NetworkAgentInfo [WIFI () - 114]
D/ConnectivityService(  751): updateNetworkScore for NetworkAgentInfo [WIFI () - 114] to 60
D/ConnectivityService(  751): rematching NetworkAgentInfo [WIFI () - 114]
D/ConnectivityService(  751): Network NetworkAgentInfo [WIFI () - 114] was already satisfying request 1. No change.
D/ConnectivityService(  751): notifyType AVAILABLE for NetworkAgentInfo [WIFI () - 114]
W/BroadcastQueue(  751): Permission Denial: broadcasting Intent { act=android.net.conn.INET_CONDITION_ACTION flg=0x4000010 (has extras) } from null (pid=-1, uid=-1) requires com.facebook.permission.prod.FB_APP_COMMUNICATION due to registered receiver BroadcastFilter{6c3ddd u0 ReceiverList{2eaaedb4 16464 com.facebook.katana/10083/u0 remote:2d2faa87}}
W/BroadcastQueue(  751): Permission Denial: broadcasting Intent { act=android.net.conn.CONNECTIVITY_CHANGE flg=0x4000010 (has extras) } from null (pid=-1, uid=-1) requires com.facebook.permission.prod.FB_APP_COMMUNICATION due to registered receiver BroadcastFilter{6c3ddd u0 ReceiverList{2eaaedb4 16464 com.facebook.katana/10083/u0 remote:2d2faa87}}
W/BroadcastQueue(  751): Permission Denial: broadcasting Intent { act=android.net.conn.CONNECTIVITY_CHANGE flg=0x4000010 (has extras) } from null (pid=-1, uid=-1) requires com.facebook.permission.prod.FB_APP_COMMUNICATION due to registered receiver BroadcastFilter{e36ac5a u0 ReceiverList{14a4405 16464 com.facebook.katana/10083/u0 remote:38d2137c}}
I/ActivityManager(  751): Start proc com.google.android.talk for broadcast com.google.android.talk/com.google.android.apps.hangouts.realtimechat.RealTimeChatService$AlarmReceiver: pid=16634 uid=10052 gids={50052, 9997, 3003, 1028, 1015, 3002} abi=armeabi-v7a
W/ResourcesManager(16634): Asset path '/system/framework/com.google.android.media.effects.jar' does not exist or contains no resources.
W/ResourcesManager(16634): Asset path '/system/framework/com.android.media.remotedisplay.jar' does not exist or contains no resources.
W/ResourcesManager(16634): Asset path '/system/framework/com.android.location.provider.jar' does not exist or contains no resources.
D/ConnectivityService(  751): updateNetworkScore for NetworkAgentInfo [WIFI () - 114] to 56
D/ConnectivityService(  751): rematching NetworkAgentInfo [WIFI () - 114]
D/ConnectivityService(  751): Network NetworkAgentInfo [WIFI () - 114] was already satisfying request 1. No change.
D/ConnectivityService(  751): notifyType AVAILABLE for NetworkAgentInfo [WIFI () - 114]
W/ProcessCpuTracker(  751): Skipping unknown process pid 16782
W/ProcessCpuTracker(  751): Skipping unknown process pid 16785
I/ActivityManager(  751): Start proc com.google.android.deskclock for broadcast com.google.android.deskclock/com.android.alarmclock.DigitalAppWidgetProvider: pid=16801 uid=10034 gids={50034, 9997, 1028} abi=armeabi-v7a
D/WifiService(  751): acquireWifiLockLocked: WifiLock{NlpWifiLock type=2 binder=android.os.BinderProxy@2b3c76e6}
D/WifiService(  751): releaseWifiLockLocked: WifiLock{NlpWifiLock type=2 binder=android.os.BinderProxy@2b3c76e6}
D/WifiService(  751): acquireWifiLockLocked: WifiLock{NlpWifiLock type=2 binder=android.os.BinderProxy@2b3c76e6}
D/ConnectivityService(  751): updateNetworkScore for NetworkAgentInfo [WIFI () - 114] to 60
D/ConnectivityService(  751): rematching NetworkAgentInfo [WIFI () - 114]
D/ConnectivityService(  751): Network NetworkAgentInfo [WIFI () - 114] was already satisfying request 1. No change.
D/ConnectivityService(  751): notifyType AVAILABLE for NetworkAgentInfo [WIFI () - 114]
D/WifiService(  751): releaseWifiLockLocked: WifiLock{NlpWifiLock type=2 binder=android.os.BinderProxy@2b3c76e6}
D/ConnectivityService(  751): updateNetworkScore for NetworkAgentInfo [WIFI () - 114] to 56
D/ConnectivityService(  751): rematching NetworkAgentInfo [WIFI () - 114]
D/ConnectivityService(  751): Network NetworkAgentInfo [WIFI () - 114] was already satisfying request 1. No change.
D/ConnectivityService(  751): notifyType AVAILABLE for NetworkAgentInfo [WIFI () - 114]
D/ConnectivityService(  751): updateNetworkScore for NetworkAgentInfo [WIFI () - 114] to 60
D/ConnectivityService(  751): rematching NetworkAgentInfo [WIFI () - 114]
D/ConnectivityService(  751): Network NetworkAgentInfo [WIFI () - 114] was already satisfying request 1. No change.
D/ConnectivityService(  751): notifyType AVAILABLE for NetworkAgentInfo [WIFI () - 114]
D/ZenLog  (  751): disable_effects: 0|com.macropinch.pearl|1|null|10086,callState
D/ConnectivityService(  751): updateNetworkScore for NetworkAgentInfo [WIFI () - 114] to 56
D/ConnectivityService(  751): rematching NetworkAgentInfo [WIFI () - 114]
D/ConnectivityService(  751): Network NetworkAgentInfo [WIFI () - 114] was already satisfying request 1. No change.
D/ConnectivityService(  751): notifyType AVAILABLE for NetworkAgentInfo [WIFI () - 114]
D/ConnectivityService(  751): updateNetworkScore for NetworkAgentInfo [WIFI () - 114] to 60
D/ConnectivityService(  751): rematching NetworkAgentInfo [WIFI () - 114]
D/ConnectivityService(  751): Network NetworkAgentInfo [WIFI () - 114] was already satisfying request 1. No change.
D/ConnectivityService(  751): notifyType AVAILABLE for NetworkAgentInfo [WIFI () - 114]
D/ConnectivityService(  751): updateNetworkScore for NetworkAgentInfo [WIFI () - 114] to 56
D/ConnectivityService(  751): rematching NetworkAgentInfo [WIFI () - 114]
D/ConnectivityService(  751): Network NetworkAgentInfo [WIFI () - 114] was already satisfying request 1. No change.
D/ConnectivityService(  751): notifyType AVAILABLE for NetworkAgentInfo [WIFI () - 114]
D/WifiService(  751): acquireWifiLockLocked: WifiLock{NlpWifiLock type=2 binder=android.os.BinderProxy@2b3c76e6}
D/WifiService(  751): releaseWifiLockLocked: WifiLock{NlpWifiLock type=2 binder=android.os.BinderProxy@2b3c76e6}
D/ConnectivityService(  751): updateNetworkScore for NetworkAgentInfo [WIFI () - 114] to 60
D/ConnectivityService(  751): rematching NetworkAgentInfo [WIFI () - 114]
D/ConnectivityService(  751): Network NetworkAgentInfo [WIFI () - 114] was already satisfying request 1. No change.
D/ConnectivityService(  751): notifyType AVAILABLE for NetworkAgentInfo [WIFI () - 114]
D/ConnectivityService(  751): updateNetworkScore for NetworkAgentInfo [WIFI () - 114] to 56
D/ConnectivityService(  751): rematching NetworkAgentInfo [WIFI () - 114]
D/ConnectivityService(  751): Network NetworkAgentInfo [WIFI () - 114] was already satisfying request 1. No change.
D/ConnectivityService(  751): notifyType AVAILABLE for NetworkAgentInfo [WIFI () - 114]
I/UsageStatsService(  751): User[0] Flushing usage stats to disk
D/ConnectivityService(  751): updateNetworkScore for NetworkAgentInfo [WIFI () - 114] to 60
D/ConnectivityService(  751): rematching NetworkAgentInfo [WIFI () - 114]
D/ConnectivityService(  751): Network NetworkAgentInfo [WIFI () - 114] was already satisfying request 1. No change.
D/ConnectivityService(  751): notifyType AVAILABLE for NetworkAgentInfo [WIFI () - 114]
D/WifiService(  751): acquireWifiLockLocked: WifiLock{NlpWifiLock type=2 binder=android.os.BinderProxy@10e2af34}
D/WifiService(  751): releaseWifiLockLocked: WifiLock{NlpWifiLock type=2 binder=android.os.BinderProxy@10e2af34}
D/ConnectivityService(  751): updateNetworkScore for NetworkAgentInfo [WIFI () - 114] to 56
D/ConnectivityService(  751): rematching NetworkAgentInfo [WIFI () - 114]
D/ConnectivityService(  751): Network NetworkAgentInfo [WIFI () - 114] was already satisfying request 1. No change.
D/ConnectivityService(  751): notifyType AVAILABLE for NetworkAgentInfo [WIFI () - 114]
D/ConnectivityService(  751): updateNetworkScore for NetworkAgentInfo [WIFI () - 114] to 55
D/ConnectivityService(  751): rematching NetworkAgentInfo [WIFI () - 114]
D/ConnectivityService(  751): Network NetworkAgentInfo [WIFI () - 114] was already satisfying request 1. No change.
D/ConnectivityService(  751): notifyType AVAILABLE for NetworkAgentInfo [WIFI () - 114]
D/ConnectivityService(  751): updateNetworkScore for NetworkAgentInfo [WIFI () - 114] to 60
D/ConnectivityService(  751): rematching NetworkAgentInfo [WIFI () - 114]
D/ConnectivityService(  751): Network NetworkAgentInfo [WIFI () - 114] was already satisfying request 1. No change.
D/ConnectivityService(  751): notifyType AVAILABLE for NetworkAgentInfo [WIFI () - 114]
D/ConnectivityService(  751): updateNetworkScore for NetworkAgentInfo [WIFI () - 114] to 56
D/ConnectivityService(  751): rematching NetworkAgentInfo [WIFI () - 114]
D/ConnectivityService(  751): Network NetworkAgentInfo [WIFI () - 114] was already satisfying request 1. No change.
D/ConnectivityService(  751): notifyType AVAILABLE for NetworkAgentInfo [WIFI () - 114]
W/ResourcesManager(16634): Asset path '/system/framework/com.android.media.remotedisplay.jar' does not exist or contains no resources.
W/ResourcesManager(16634): Asset path '/system/framework/com.android.location.provider.jar' does not exist or contains no resources.
D/WifiService(  751): acquireWifiLockLocked: WifiLock{NlpWifiLock type=2 binder=android.os.BinderProxy@10e2af34}
D/WifiService(  751): releaseWifiLockLocked: WifiLock{NlpWifiLock type=2 binder=android.os.BinderProxy@10e2af34}
D/ConnectivityService(  751): updateNetworkScore for NetworkAgentInfo [WIFI () - 114] to 55
D/ConnectivityService(  751): rematching NetworkAgentInfo [WIFI () - 114]
D/ConnectivityService(  751): Network NetworkAgentInfo [WIFI () - 114] was already satisfying request 1. No change.
D/ConnectivityService(  751): notifyType AVAILABLE for NetworkAgentInfo [WIFI () - 114]
D/ConnectivityService(  751): updateNetworkScore for NetworkAgentInfo [WIFI () - 114] to 60
D/ConnectivityService(  751): rematching NetworkAgentInfo [WIFI () - 114]
D/ConnectivityService(  751): Network NetworkAgentInfo [WIFI () - 114] was already satisfying request 1. No change.
D/ConnectivityService(  751): notifyType AVAILABLE for NetworkAgentInfo [WIFI () - 114]
D/WifiService(  751): acquireWifiLockLocked: WifiLock{NlpWifiLock type=2 binder=android.os.BinderProxy@10e2af34}
D/WifiService(  751): releaseWifiLockLocked: WifiLock{NlpWifiLock type=2 binder=android.os.BinderProxy@10e2af34}
D/WifiService(  751): acquireWifiLockLocked: WifiLock{NlpWifiLock type=2 binder=android.os.BinderProxy@1c2f522a}
D/WifiService(  751): releaseWifiLockLocked: WifiLock{NlpWifiLock type=2 binder=android.os.BinderProxy@1c2f522a}
D/ConnectivityService(  751): updateNetworkScore for NetworkAgentInfo [WIFI () - 114] to 56
D/ConnectivityService(  751): rematching NetworkAgentInfo [WIFI () - 114]
D/ConnectivityService(  751): Network NetworkAgentInfo [WIFI () - 114] was already satisfying request 1. No change.
D/ConnectivityService(  751): notifyType AVAILABLE for NetworkAgentInfo [WIFI () - 114]
D/ConnectivityService(  751): updateNetworkScore for NetworkAgentInfo [WIFI () - 114] to 60
D/ConnectivityService(  751): rematching NetworkAgentInfo [WIFI () - 114]
D/ConnectivityService(  751): Network NetworkAgentInfo [WIFI () - 114] was already satisfying request 1. No change.
D/ConnectivityService(  751): notifyType AVAILABLE for NetworkAgentInfo [WIFI () - 114]
D/ConnectivityService(  751): updateNetworkScore for NetworkAgentInfo [WIFI () - 114] to 56
D/ConnectivityService(  751): rematching NetworkAgentInfo [WIFI () - 114]
D/ConnectivityService(  751): Network NetworkAgentInfo [WIFI () - 114] was already satisfying request 1. No change.
D/ConnectivityService(  751): notifyType AVAILABLE for NetworkAgentInfo [WIFI () - 114]
D/ConnectivityService(  751): updateNetworkScore for NetworkAgentInfo [WIFI () - 114] to 60
D/ConnectivityService(  751): rematching NetworkAgentInfo [WIFI () - 114]
D/ConnectivityService(  751): Network NetworkAgentInfo [WIFI () - 114] was already satisfying request 1. No change.
D/ConnectivityService(  751): notifyType AVAILABLE for NetworkAgentInfo [WIFI () - 114]
D/WifiService(  751): acquireWifiLockLocked: WifiLock{NlpWifiLock type=2 binder=android.os.BinderProxy@1c2f522a}
D/WifiService(  751): releaseWifiLockLocked: WifiLock{NlpWifiLock type=2 binder=android.os.BinderProxy@1c2f522a}
D/ConnectivityService(  751): updateNetworkScore for NetworkAgentInfo [WIFI () - 114] to 56
D/ConnectivityService(  751): rematching NetworkAgentInfo [WIFI () - 114]
D/ConnectivityService(  751): Network NetworkAgentInfo [WIFI () - 114] was already satisfying request 1. No change.
D/ConnectivityService(  751): notifyType AVAILABLE for NetworkAgentInfo [WIFI () - 114]
D/ZenLog  (  751): disable_effects: 0|com.macropinch.pearl|1|null|10086,callState
D/ConnectivityService(  751): updateNetworkScore for NetworkAgentInfo [WIFI () - 114] to 60
D/ConnectivityService(  751): rematching NetworkAgentInfo [WIFI () - 114]
D/ConnectivityService(  751): Network NetworkAgentInfo [WIFI () - 114] was already satisfying request 1. No change.
D/ConnectivityService(  751): notifyType AVAILABLE for NetworkAgentInfo [WIFI () - 114]
D/WifiService(  751): acquireWifiLockLocked: WifiLock{NlpWifiLock type=2 binder=android.os.BinderProxy@2f4c51ef}
D/WifiService(  751): releaseWifiLockLocked: WifiLock{NlpWifiLock type=2 binder=android.os.BinderProxy@2f4c51ef}
D/ConnectivityService(  751): updateNetworkScore for NetworkAgentInfo [WIFI () - 114] to 56
D/ConnectivityService(  751): rematching NetworkAgentInfo [WIFI () - 114]
D/ConnectivityService(  751): Network NetworkAgentInfo [WIFI () - 114] was already satisfying request 1. No change.
D/ConnectivityService(  751): notifyType AVAILABLE for NetworkAgentInfo [WIFI () - 114]
D/ConnectivityService(  751): updateNetworkScore for NetworkAgentInfo [WIFI () - 114] to 60
D/ConnectivityService(  751): rematching NetworkAgentInfo [WIFI () - 114]
D/ConnectivityService(  751): Network NetworkAgentInfo [WIFI () - 114] was already satisfying request 1. No change.
D/ConnectivityService(  751): notifyType AVAILABLE for NetworkAgentInfo [WIFI () - 114]
D/ConnectivityService(  751): updateNetworkScore for NetworkAgentInfo [WIFI () - 114] to 56
D/ConnectivityService(  751): rematching NetworkAgentInfo [WIFI () - 114]
D/ConnectivityService(  751): Network NetworkAgentInfo [WIFI () - 114] was already satisfying request 1. No change.
D/ConnectivityService(  751): notifyType AVAILABLE for NetworkAgentInfo [WIFI () - 114]
D/ConnectivityService(  751): updateNetworkScore for NetworkAgentInfo [WIFI () - 114] to 60
D/ConnectivityService(  751): rematching NetworkAgentInfo [WIFI () - 114]
D/ConnectivityService(  751): Network NetworkAgentInfo [WIFI () - 114] was already satisfying request 1. No change.
D/ConnectivityService(  751): notifyType AVAILABLE for NetworkAgentInfo [WIFI () - 114]
