I/Telecom ( 1799): CallAudioManager: requestAudioFocusAndSetMode, stream: -1 -> 0
I/Telecom ( 1799): CallAudioManager: changing audio state from [AudioState isMuted: false, route; EARPIECE, supportedRouteMask: EARPIECE, SPEAKER] to [AudioState isMuted: false, route; EARPIECE, supportedRouteMask: EARPIECE, SPEAKER]
I/ActivityManager(  751): Start proc il.co.orange.app.myorange for broadcast il.co.orange.app.myorange/com.sdk.ida.callvu.OutgoingCallInterceptor: pid=12664 uid=10147 gids={50147, 9997, 3003, 1028, 1015} abi=armeabi-v7a
W/InputMethodManagerService(  751): Window already focused, ignoring focus gain of: com.android.internal.view.IInputMethodClient$Stub$Proxy@3a8df835 attribute=null, token = android.os.BinderProxy@313b7494
I/Telecom ( 1799): Call: CallerInfo received for ***-***-****: com.android.internal.telephony.CallerInfo@2e8c3e8 { name non-null, phoneNumber non-null }
W/ResourcesManager(12639): Asset path '/system/framework/com.android.media.remotedisplay.jar' does not exist or contains no resources.
W/ResourcesManager(12639): Asset path '/system/framework/com.android.location.provider.jar' does not exist or contains no resources.
W/ResourcesManager(12622): Asset path '/system/framework/com.google.android.dialer.support.jar' does not exist or contains no resources.
I/Telecom ( 1799): InCallController: onConnected to ComponentInfo{com.google.android.dialer/com.android.incallui.InCallServiceImpl}
I/Telecom ( 1799): InCallController: Adding 1 calls to InCallService after onConnected: ComponentInfo{com.google.android.dialer/com.android.incallui.InCallServiceImpl}
I/Telecom ( 1799): InCallController: addCall after binding: [290153468, CONNECTING, null, ***-***-****, 0, childs(0), has_parent(false), [[Capabilities:]]
I/Telecom ( 1799): InCallController: Calling onAudioStateChanged, audioState: null -> [AudioState isMuted: false, route; EARPIECE, supportedRouteMask: EARPIECE, SPEAKER]
I/Telecom ( 1799): InCallController: onConnected to ComponentInfo{com.google.android.gms/com.google.android.gms.car.InCallServiceImpl}
I/Telecom ( 1799): InCallController: Adding 1 calls to InCallService after onConnected: ComponentInfo{com.google.android.gms/com.google.android.gms.car.InCallServiceImpl}
I/Telecom ( 1799): InCallController: addCall after binding: [290153468, CONNECTING, null, ***-***-****, 0, childs(0), has_parent(false), [[Capabilities:]]
I/Telecom ( 1799): InCallController: Calling onAudioStateChanged, audioState: null -> [AudioState isMuted: false, route; EARPIECE, supportedRouteMask: EARPIECE, SPEAKER]
I/Telecom ( 1799): ProximitySensorManager: Proximity wake lock already released
I/ActivityManager(  751): START u0 {act=android.intent.action.MAIN flg=0x10840000 cmp=com.google.android.dialer/com.android.incallui.InCallActivity (has extras)} from uid 10008 on display 0
I/ActivityManager(  751): Process com.goldtouch.ynet:quicklaunch (pid 11779) has died
W/ResourcesManager(23699): Asset path '/system/framework/com.google.android.media.effects.jar' does not exist or contains no resources.
I/ActivityManager(  751): Start proc com.syncme.syncmeapp for broadcast com.syncme.syncmeapp/com.syncme.listeners.PhoneBroadcastReceiver: pid=12699 uid=10078 gids={50078, 9997, 3003, 1028, 1015} abi=armeabi-v7a
I/Telecom ( 1799): ProximitySensorManager: Proximity wake lock already released
I/ActivityManager(  751): Process il.co.orange.app.myorange (pid 12664) has died
I/Telecom ( 1799): CallsManager: Creating a new outgoing call with handle: **********
W/ActivityManager(  751): Exception when unbinding service com.android.chrome/org.chromium.content.app.SandboxedProcessService6
W/ActivityManager(  751): android.os.DeadObjectException
W/ActivityManager(  751): 	at android.os.BinderProxy.transactNative(Native Method)
W/ActivityManager(  751): 	at android.os.BinderProxy.transact(Binder.java:496)
W/ActivityManager(  751): 	at android.app.ApplicationThreadProxy.scheduleUnbindService(ApplicationThreadNative.java:917)
W/ActivityManager(  751): 	at com.android.server.am.ActiveServices.removeConnectionLocked(ActiveServices.java:1772)
W/ActivityManager(  751): 	at com.android.server.am.ActiveServices.unbindServiceLocked(ActiveServices.java:897)
W/ActivityManager(  751): 	at com.android.server.am.ActivityManagerService.unbindService(ActivityManagerService.java:14925)
W/ActivityManager(  751): 	at android.app.ActivityManagerNative.onTransact(ActivityManagerNative.java:960)
W/ActivityManager(  751): 	at com.android.server.am.ActivityManagerService.onTransact(ActivityManagerService.java:2407)
W/ActivityManager(  751): 	at android.os.Binder.execTransact(Binder.java:446)
W/libprocessgroup(  751): failed to open /acct/uid_10032/pid_22299/cgroup.procs: No such file or directory
I/ActivityManager(  751): Process com.android.chrome:sandboxed_process6 (pid 22299) has died
I/Telecom ( 1799): CreateConnectionProcessor: Trying attempt CallAttemptRecord(ComponentInfo{com.android.phone/com.android.services.telephony.TelephonyConnectionService}, 1,ComponentInfo{com.android.phone/com.android.services.telephony.TelephonyConnectionService}, 1)
I/Telecom ( 1799): CreateConnectionProcessor: Attempting to call from ComponentInfo{com.android.phone/com.android.services.telephony.TelephonyConnectionService}
I/Telecom ( 1799): Call: CallerInfo received for **********: com.android.internal.telephony.CallerInfo@87a3694 { name non-null, phoneNumber non-null }
I/Telecom ( 1799): ServiceBinderConnection: Service bound ComponentInfo{com.android.phone/com.android.services.telephony.TelephonyConnectionService}
D/TaskPersister(  751): removeObsoleteFile: deleting file=2541_task.xml
D/TaskPersister(  751): removeObsoleteFile: deleting file=2541_task_thumbnail.png
I/ActivityManager(  751): Start proc com.ringya for broadcast com.ringya/.caller.CallReceiver: pid=12749 uid=10127 gids={50127, 9997, 3003, 1028, 1015} abi=armeabi-v7a
I/Telecom ( 1799): CallAudioManager: updateAudioStreamAndMode, mIsRinging: false, mIsTonePlaying: false
I/Telecom ( 1799): CallAudioManager: requestAudioFocusAndSetMode, stream: 0 -> 0
I/Telecom ( 1799): CallsManager: setCallState CONNECTING -> CONNECTING, call: [290153468, CONNECTING, com.android.phone/com.android.services.telephony.TelephonyConnectionService, **********, 0, childs(0), has_parent(false), [[Capabilities: SUPPORT_HOLD MUTE]]
I/Telecom ( 1799): CallsManager: setCallState CONNECTING -> DIALING, call: [290153468, CONNECTING, com.android.phone/com.android.services.telephony.TelephonyConnectionService, **********, 0, childs(0), has_parent(false), [[Capabilities: SUPPORT_HOLD MUTE]]
I/Telecom ( 1799): CallAudioManager: updateAudioStreamAndMode, mIsRinging: false, mIsTonePlaying: false
I/Telecom ( 1799): CallAudioManager: requestAudioFocusAndSetMode, stream: 0 -> 0
I/Telecom ( 1799): PhoneStateBroadcaster: Broadcasted state change: 2
I/Telecom ( 1799): CallsManager: setCallState DIALING -> DIALING, call: [290153468, DIALING, com.android.phone/com.android.services.telephony.TelephonyConnectionService, **********, 0, childs(0), has_parent(false), [[Capabilities: SUPPORT_HOLD MUTE]]
I/Telecom ( 1799): ProximitySensorManager: Acquiring proximity wake lock
I/DisplayManagerService(  751): Display device changed: DisplayDeviceInfo{"Built-in Screen": 1080 x 1920, 60.0 fps, supportedRefreshRates [60.0], density 480, 442.451 x 443.345 dpi, appVsyncOff 7500000, presDeadline 12666667, touch INTERNAL, rotation 0, type BUILT_IN, state OFF, FLAG_DEFAULT_DISPLAY, FLAG_ROTATES_WITH_CONTENT, FLAG_SECURE, FLAG_SUPPORTS_PROTECTED_BUFFERS}
V/ActivityManager(  751): Display changed displayId=0
I/ActivityManager(  751): Start proc il.co.orange.app.myorange for broadcast il.co.orange.app.myorange/com.sdk.ida.callvu.IncomingCallInterceptor: pid=12790 uid=10147 gids={50147, 9997, 3003, 1028, 1015} abi=armeabi-v7a
I/ActivityManager(  751): Start proc com.android.vending for service com.android.vending/com.google.android.finsky.billing.iab.InAppBillingService: pid=12811 uid=10015 gids={50015, 9997, 3003, 1028, 1015} abi=armeabi-v7a
I/ActivityManager(  751): Start proc com.google.android.talk for broadcast com.google.android.talk/com.google.android.apps.hangouts.phone.PhoneStateReceiver: pid=12818 uid=10052 gids={50052, 9997, 3003, 1028, 1015, 3002} abi=armeabi-v7a
W/ResourcesManager(12818): Asset path '/system/framework/com.google.android.media.effects.jar' does not exist or contains no resources.
I/Telecom ( 1799): ProximitySensorManager: Proximity wake lock already acquired
I/ActivityManager(  751): Process com.syncme.syncmeapp (pid 12699) has died
I/ActivityManager(  751): Process com.ringya (pid 12749) has died
I/ActivityManager(  751): Process il.co.orange.app.myorange (pid 12790) has died
D/ConnectivityService(  751): updateNetworkScore for NetworkAgentInfo [WIFI () - 114] to 56
D/ConnectivityService(  751): rematching NetworkAgentInfo [WIFI () - 114]
D/ConnectivityService(  751): Network NetworkAgentInfo [WIFI () - 114] was already satisfying request 1. No change.
D/ConnectivityService(  751): notifyType AVAILABLE for NetworkAgentInfo [WIFI () - 114]
I/ActivityManager(  751): Start proc com.syncme.syncmeapp for broadcast com.syncme.syncmeapp/com.syncme.listeners.PhoneBroadcastReceiver: pid=12914 uid=10078 gids={50078, 9997, 3003, 1028, 1015} abi=armeabi-v7a
I/DisplayPowerController(  751): Blocking screen on until initial contents have been drawn.
I/DisplayManagerService(  751): Display device changed: DisplayDeviceInfo{"Built-in Screen": 1080 x 1920, 60.0 fps, supportedRefreshRates [60.0], density 480, 442.451 x 443.345 dpi, appVsyncOff 7500000, presDeadline 12666667, touch INTERNAL, rotation 0, type BUILT_IN, state ON, FLAG_DEFAULT_DISPLAY, FLAG_ROTATES_WITH_CONTENT, FLAG_SECURE, FLAG_SUPPORTS_PROTECTED_BUFFERS}
V/ActivityManager(  751): Display changed displayId=0
I/ActivityManager(  751): Process com.android.vending (pid 12811) has died
I/DisplayPowerController(  751): Unblocked screen on after 359 ms
I/Telecom ( 1799): InCallController: onDisconnected from ComponentInfo{com.google.android.gms/com.google.android.gms.car.InCallServiceImpl}
I/Telecom ( 1799): InCallController: In-Call Service ComponentInfo{com.google.android.gms/com.google.android.gms.car.InCallServiceImpl} suddenly disconnected
I/ActivityManager(  751): Process com.google.android.gms:car (pid 12639) has died
W/ActivityManager(  751): Scheduling restart of crashed service com.google.android.gms/.car.InCallServiceImpl in 1000ms
W/ResourcesManager(12818): Asset path '/system/framework/com.android.media.remotedisplay.jar' does not exist or contains no resources.
W/ResourcesManager(12818): Asset path '/system/framework/com.android.location.provider.jar' does not exist or contains no resources.
I/Telecom ( 1799): ProximitySensorManager: Proximity wake lock already acquired
I/DisplayManagerService(  751): Display device changed: DisplayDeviceInfo{"Built-in Screen": 1080 x 1920, 60.0 fps, supportedRefreshRates [60.0], density 480, 442.451 x 443.345 dpi, appVsyncOff 7500000, presDeadline 12666667, touch INTERNAL, rotation 0, type BUILT_IN, state OFF, FLAG_DEFAULT_DISPLAY, FLAG_ROTATES_WITH_CONTENT, FLAG_SECURE, FLAG_SUPPORTS_PROTECTED_BUFFERS}
V/ActivityManager(  751): Display changed displayId=0
I/ActivityManager(  751): Start proc com.ringya for broadcast com.ringya/.caller.CallReceiver: pid=12968 uid=10127 gids={50127, 9997, 3003, 1028, 1015} abi=armeabi-v7a
I/ActivityManager(  751): Start proc il.co.orange.app.myorange for broadcast il.co.orange.app.myorange/com.sdk.ida.callvu.IncomingCallInterceptor: pid=13007 uid=10147 gids={50147, 9997, 3003, 1028, 1015} abi=armeabi-v7a
I/ActivityManager(  751): Start proc com.android.vending for service com.android.vending/com.google.android.finsky.billing.iab.InAppBillingService: pid=13031 uid=10015 gids={50015, 9997, 3003, 1028, 1015} abi=armeabi-v7a
I/ActivityManager(  751): Process com.syncme.syncmeapp (pid 12914) has died
I/ActivityManager(  751): Start proc com.google.android.gms:car for service com.google.android.gms/.car.CarService: pid=13096 uid=10007 gids={50007, 9997, 3007, 2001, 3003, 1007, 3006, 3002, 3001, 1028, 1015, 1005} abi=armeabi-v7a
W/ResourcesManager(13096): Asset path '/system/framework/com.android.media.remotedisplay.jar' does not exist or contains no resources.
W/ResourcesManager(13096): Asset path '/system/framework/com.android.location.provider.jar' does not exist or contains no resources.
I/ActivityManager(  751): Start proc com.android.cellbroadcastreceiver for broadcast com.android.cellbroadcastreceiver/.CellBroadcastReceiver: pid=13128 uid=10030 gids={50030, 9997} abi=armeabi-v7a
I/ActivityManager(  751): Process com.android.vending (pid 13031) has died
W/ActivityManager(  751): Scheduling restart of crashed service com.android.vending/com.google.android.finsky.billing.iab.InAppBillingService in 1000ms
I/ActivityManager(  751): Process com.google.android.gms:car (pid 13096) has died
I/ActivityManager(  751): Start proc com.google.android.deskclock for broadcast com.google.android.deskclock/com.android.deskclock.AlarmInitReceiver: pid=13176 uid=10034 gids={50034, 9997, 1028} abi=armeabi-v7a
I/ActivityManager(  751): Process com.ringya (pid 12968) has died
I/ActivityManager(  751): Start proc com.qualcomm.timeservice for broadcast com.qualcomm.timeservice/.TimeServiceBroadcastReceiver: pid=13199 uid=10070 gids={50070, 9997} abi=armeabi-v7a
I/ActivityManager(  751): Start proc com.google.android.keep for broadcast com.google.android.keep/.notification.AlertReceiver: pid=13225 uid=10053 gids={50053, 9997, 3003, 1028, 1015} abi=armeabi-v7a
I/ActivityManager(  751): Process com.android.cellbroadcastreceiver (pid 13128) has died
I/ActivityManager(  751): Process il.co.orange.app.myorange (pid 13007) has died
I/ActivityManager(  751): Process com.qualcomm.timeservice (pid 13199) has died
I/ActivityManager(  751): Start proc com.google.android.calendar for broadcast com.google.android.calendar/com.android.calendar.widget.CalendarAppWidgetProvider: pid=13248 uid=10029 gids={50029, 9997, 3003, 1028, 1015} abi=armeabi-v7a
I/ActivityManager(  751): Process com.google.android.keep (pid 13225) has died
I/ActivityManager(  751): Start proc com.android.providers.calendar for content provider com.android.providers.calendar/.CalendarProvider2: pid=13274 uid=10001 gids={50001, 9997, 3003, 1028, 1015} abi=armeabi-v7a
W/ResourcesManager(13274): Asset path '/system/framework/android.test.runner.jar' does not exist or contains no resources.
I/ActivityManager(  751): Start proc com.google.android.setupwizard for broadcast com.google.android.setupwizard/.util.GservicesChangedReceiver: pid=13301 uid=10017 gids={50017, 9997, 3003} abi=armeabi-v7a
I/ActivityManager(  751): Process com.google.android.calendar (pid 13248) has died
I/ActivityManager(  751): Start proc com.google.android.calendar for broadcast com.google.android.calendar/com.android.calendar.widget.WidgetDataReceiver: pid=13321 uid=10029 gids={50029, 9997, 3003, 1028, 1015} abi=armeabi-v7a
I/ActivityManager(  751): Process com.google.android.setupwizard (pid 13301) has died
I/ActivityManager(  751): Start proc com.google.android.gms.unstable for service com.google.android.gms/.droidguard.DroidGuardService: pid=13355 uid=10007 gids={50007, 9997, 3007, 2001, 3003, 1007, 3006, 3002, 3001, 1028, 1015, 1005} abi=armeabi-v7a
W/ResourcesManager(13355): Asset path '/system/framework/com.android.media.remotedisplay.jar' does not exist or contains no resources.
W/ResourcesManager(13355): Asset path '/system/framework/com.android.location.provider.jar' does not exist or contains no resources.
D/WifiService(  751): acquireWifiLockLocked: WifiLock{NlpWifiLock type=2 binder=android.os.BinderProxy@2cd7c513}
I/WindowState(  751): WIN DEATH: Window{3c3a7f34 u0 com.whatsapp/com.whatsapp.Conversations}
I/WindowState(  751): WIN DEATH: Window{175400f1 u0 com.whatsapp/com.whatsapp.Conversation}
D/ConnectivityService(  751): updateNetworkScore for NetworkAgentInfo [WIFI () - 114] to 55
D/ConnectivityService(  751): rematching NetworkAgentInfo [WIFI () - 114]
D/ConnectivityService(  751): Network NetworkAgentInfo [WIFI () - 114] was already satisfying request 1. No change.
D/ConnectivityService(  751): notifyType AVAILABLE for NetworkAgentInfo [WIFI () - 114]
I/ActivityManager(  751): Process com.whatsapp (pid 18718) has died
W/ActivityManager(  751): Scheduling restart of crashed service com.whatsapp/.messaging.MessageService in 1000ms
I/ActivityManager(  751): Start proc com.whatsapp for service com.whatsapp/.messaging.MessageService: pid=13445 uid=10089 gids={50089, 9997, 3002, 3003, 1028, 1015} abi=armeabi-v7a
W/ResourcesManager(13445): Asset path '/system/framework/com.google.android.maps.jar' does not exist or contains no resources.
I/ActivityManager(  751): Start proc com.android.vending for service com.android.vending/com.google.android.finsky.billing.iab.InAppBillingService: pid=13476 uid=10015 gids={50015, 9997, 3003, 1028, 1015} abi=armeabi-v7a
I/ActivityManager(  751): Start proc com.google.android.gms:car for service com.google.android.gms/.car.CarService: pid=13525 uid=10007 gids={50007, 9997, 3007, 2001, 3003, 1007, 3006, 3002, 3001, 1028, 1015, 1005} abi=armeabi-v7a
W/ResourcesManager(13525): Asset path '/system/framework/com.android.media.remotedisplay.jar' does not exist or contains no resources.
W/ResourcesManager(13525): Asset path '/system/framework/com.android.location.provider.jar' does not exist or contains no resources.
I/ActivityManager(  751): Start proc android.process.media for content provider com.android.providers.downloads/.DownloadProvider: pid=13551 uid=10005 gids={50005, 9997, 2001, 3003, 1028, 1015, 3007, 1023, 1024} abi=armeabi-v7a
D/WifiService(  751): releaseWifiLockLocked: WifiLock{NlpWifiLock type=2 binder=android.os.BinderProxy@2cd7c513}
D/WifiService(  751): acquireWifiLockLocked: WifiLock{NlpWifiLock type=2 binder=android.os.BinderProxy@2cd7c513}
I/ActivityManager(  751): Process com.google.android.talk (pid 12818) has died
I/ActivityManager(  751): Process android.process.media (pid 13551) has died
I/ActivityManager(  751): Process com.google.android.deskclock (pid 13176) has died
I/ActivityManager(  751): Process com.android.providers.calendar (pid 13274) has died
I/ActivityManager(  751): Start proc com.google.android.setupwizard for broadcast com.google.android.setupwizard/.util.GservicesChangedReceiver: pid=13635 uid=10017 gids={50017, 9997, 3003} abi=armeabi-v7a
I/ActivityManager(  751): Process com.google.android.calendar (pid 13321) has died
D/ConnectivityService(  751): updateNetworkScore for NetworkAgentInfo [WIFI () - 114] to 51
D/ConnectivityService(  751): rematching NetworkAgentInfo [WIFI () - 114]
D/ConnectivityService(  751): Network NetworkAgentInfo [WIFI () - 114] was already satisfying request 1. No change.
D/ConnectivityService(  751): notifyType AVAILABLE for NetworkAgentInfo [WIFI () - 114]
D/WifiService(  751): releaseWifiLockLocked: WifiLock{NlpWifiLock type=2 binder=android.os.BinderProxy@2cd7c513}
W/ResourcesManager( 1833): Asset path '/system/framework/com.google.android.media.effects.jar' does not exist or contains no resources.
I/ActivityManager(  751): Start proc com.google.android.talk for broadcast com.google.android.talk/com.google.android.apps.hangouts.phone.PackageReplacedReceiver: pid=13685 uid=10052 gids={50052, 9997, 3003, 1028, 1015, 3002} abi=armeabi-v7a
I/ActivityManager(  751): Process com.google.android.gms:car (pid 13525) has died
W/ActivityManager(  751): Permission Denial: Accessing service ComponentInfo{com.google.android.music/com.google.android.music.dial.DialMediaRouteProviderService} from pid=9502, uid=10065 that is not exported from uid 10060
W/ResourcesManager(13685): Asset path '/system/framework/com.google.android.media.effects.jar' does not exist or contains no resources.
I/ActivityManager(  751): Process com.google.android.gms.unstable (pid 13355) has died
I/WindowState(  751): WIN DEATH: Window{3cfc933d u0 com.google.android.apps.plus/com.google.android.apps.plus.phone.HostAllFoldersTileActivity}
I/ActivityManager(  751): Process com.google.android.apps.plus (pid 9502) has died
W/ActivityManager(  751): Scheduling restart of crashed service com.google.android.apps.plus/.service.PackagesMediaMonitor$AsyncService in 1000ms
I/Telecom ( 1799): CallsManager: setCallState DIALING -> ACTIVE, call: [290153468, DIALING, com.android.phone/com.android.services.telephony.TelephonyConnectionService, **********, 0, childs(0), has_parent(false), [[Capabilities: SUPPORT_HOLD MUTE]]
I/Telecom ( 1799): CallAudioManager: updateAudioStreamAndMode, mIsRinging: false, mIsTonePlaying: false
I/Telecom ( 1799): CallAudioManager: requestAudioFocusAndSetMode, stream: 0 -> 0
D/BackupManagerService(  751): Received broadcast Intent { act=android.intent.action.PACKAGE_CHANGED dat=package:com.google.android.gms flg=0x4000010 (has extras) }
I/BackupManagerService(  751): Unbinding ComponentInfo{com.google.android.gms/com.google.android.gms.backup.BackupTransportService}
I/BackupManagerService(  751): Binding to transport host ComponentInfo{com.google.android.gms/com.google.android.gms.backup.BackupTransportService}
E/ActivityThread( 3209): Service com.google.android.gms.backup.BackupTransportService has leaked ServiceConnection com.google.android.gms.http.f@155267bf that was originally bound here
E/ActivityThread( 3209): android.app.ServiceConnectionLeaked: Service com.google.android.gms.backup.BackupTransportService has leaked ServiceConnection com.google.android.gms.http.f@155267bf that was originally bound here
E/ActivityThread( 3209): 	at android.app.LoadedApk$ServiceDispatcher.<init>(LoadedApk.java:1072)
E/ActivityThread( 3209): 	at android.app.LoadedApk.getServiceDispatcher(LoadedApk.java:966)
E/ActivityThread( 3209): 	at android.app.ContextImpl.bindServiceCommon(ContextImpl.java:1768)
E/ActivityThread( 3209): 	at android.app.ContextImpl.bindService(ContextImpl.java:1751)
E/ActivityThread( 3209): 	at android.content.ContextWrapper.bindService(ContextWrapper.java:538)
E/ActivityThread( 3209): 	at com.google.android.gms.http.e.<init>(SourceFile:94)
E/ActivityThread( 3209): 	at com.google.android.gms.http.GoogleHttpClient.<init>(SourceFile:234)
E/ActivityThread( 3209): 	at com.google.android.gms.http.GoogleHttpClient.<init>(SourceFile:196)
E/ActivityThread( 3209): 	at com.google.android.gms.backup.BackupTransportService.onCreate(SourceFile:1183)
E/ActivityThread( 3209): 	at android.app.ActivityThread.handleCreateService(ActivityThread.java:2731)
E/ActivityThread( 3209): 	at android.app.ActivityThread.access$1800(ActivityThread.java:144)
E/ActivityThread( 3209): 	at android.app.ActivityThread$H.handleMessage(ActivityThread.java:1361)
E/ActivityThread( 3209): 	at android.os.Handler.dispatchMessage(Handler.java:102)
E/ActivityThread( 3209): 	at android.os.Looper.loop(Looper.java:135)
E/ActivityThread( 3209): 	at android.app.ActivityThread.main(ActivityThread.java:5221)
E/ActivityThread( 3209): 	at java.lang.reflect.Method.invoke(Native Method)
E/ActivityThread( 3209): 	at java.lang.reflect.Method.invoke(Method.java:372)
E/ActivityThread( 3209): 	at com.android.internal.os.ZygoteInit$MethodAndArgsCaller.run(ZygoteInit.java:899)
E/ActivityThread( 3209): 	at com.android.internal.os.ZygoteInit.main(ZygoteInit.java:694)
V/BackupManagerService(  751): Connected to transport ComponentInfo{com.google.android.gms/com.google.android.gms.backup.BackupTransportService}
V/BackupManagerService(  751): Registering transport com.google.android.gms/.backup.BackupTransportService::com.google.android.gms/.backup.BackupTransportService = com.android.internal.backup.IBackupTransport$Stub$Proxy@e19bcfa
V/BackupManagerService(  751): Scheduling immediate backup pass
V/BackupManagerService(  751): Running a backup pass
V/BackupManagerService(  751): clearing pending backups
V/PerformBackupTask(  751): Beginning backup of 17 targets
D/PerformBackupTask(  751): invokeAgentForBackup on @pm@
E/PMBA    (  751): No global metadata in state file!
I/PMBA    (  751): Previous metadata null mismatch vs 1602158 - rewriting
I/BackupRestoreController(  751): Getting widget state for user: 0
D/BackupManagerService(  751): Now staging backup of com.google.android.talk
D/BackupManagerService(  751): Now staging backup of com.zegoggles.smssync
D/BackupManagerService(  751): Now staging backup of com.google.android.dialer
D/BackupManagerService(  751): Now staging backup of com.android.providers.settings
D/BackupManagerService(  751): Now staging backup of com.rhmsoft.fm
D/BackupManagerService(  751): Now staging backup of com.android.sharedstoragebackup
D/BackupManagerService(  751): Now staging backup of com.shazam.android
D/BackupManagerService(  751): Now staging backup of com.google.android.gm
D/BackupManagerService(  751): Now staging backup of com.android.providers.userdictionary
D/BackupManagerService(  751): Now staging backup of com.google.android.apps.genie.geniewidget
D/BackupManagerService(  751): Now staging backup of com.android.nfc
D/BackupManagerService(  751): Now staging backup of com.google.android.marvin.talkback
D/BackupManagerService(  751): Now staging backup of com.google.android.calendar
D/BackupManagerService(  751): Now staging backup of com.android.vending
D/BackupManagerService(  751): Now staging backup of com.google.android.inputmethod.latin
D/BackupManagerService(  751): Now staging backup of android
D/BackupManagerService(  751): Now staging backup of com.google.android.googlequicksearchbox
I/BackupManagerService(  751): Backup pass finished.
D/WifiService(  751): acquireWifiLockLocked: WifiLock{NlpWifiLock type=2 binder=android.os.BinderProxy@13750826}
W/ResourcesManager( 1873): Asset path '/system/framework/com.google.android.maps.jar' does not exist or contains no resources.
W/ResourcesManager( 1873): Asset path '/system/framework/com.google.android.media.effects.jar' does not exist or contains no resources.
W/ResourcesManager( 1873): Asset path '/system/framework/com.google.android.maps.jar' does not exist or contains no resources.
I/ActivityManager(  751): Start proc com.google.android.apps.plus for service com.google.android.apps.plus/.service.PackagesMediaMonitor$AsyncService: pid=13747 uid=10065 gids={50065, 9997, 3003, 3002, 1028, 1015} abi=armeabi-v7a
W/ResourcesManager( 1873): Asset path '/system/framework/com.google.android.maps.jar' does not exist or contains no resources.
W/ResourcesManager(13747): Asset path '/system/framework/com.google.android.maps.jar' does not exist or contains no resources.
W/ResourcesManager( 1873): Asset path '/system/framework/com.google.android.maps.jar' does not exist or contains no resources.
I/ActivityManager(  751): Start proc android.process.media for content provider com.android.providers.media/.MediaProvider: pid=13766 uid=10005 gids={50005, 9997, 2001, 3003, 1028, 1015, 3007, 1023, 1024} abi=armeabi-v7a
I/ActivityManager(  751): Process com.google.android.talk (pid 13685) has died
D/WifiService(  751): releaseWifiLockLocked: WifiLock{NlpWifiLock type=2 binder=android.os.BinderProxy@13750826}
I/ActivityManager(  751): Process android.process.media (pid 13766) has died
D/ConnectivityService(  751): updateNetworkScore for NetworkAgentInfo [WIFI () - 114] to 52
D/ConnectivityService(  751): rematching NetworkAgentInfo [WIFI () - 114]
D/ConnectivityService(  751): Network NetworkAgentInfo [WIFI () - 114] was already satisfying request 1. No change.
D/ConnectivityService(  751): notifyType AVAILABLE for NetworkAgentInfo [WIFI () - 114]
D/ConnectivityService(  751): updateNetworkScore for NetworkAgentInfo [WIFI () - 114] to 51
D/ConnectivityService(  751): rematching NetworkAgentInfo [WIFI () - 114]
D/ConnectivityService(  751): Network NetworkAgentInfo [WIFI () - 114] was already satisfying request 1. No change.
D/ConnectivityService(  751): notifyType AVAILABLE for NetworkAgentInfo [WIFI () - 114]
D/ConnectivityService(  751): updateNetworkScore for NetworkAgentInfo [WIFI () - 114] to 52
D/ConnectivityService(  751): rematching NetworkAgentInfo [WIFI () - 114]
D/ConnectivityService(  751): Network NetworkAgentInfo [WIFI () - 114] was already satisfying request 1. No change.
D/ConnectivityService(  751): notifyType AVAILABLE for NetworkAgentInfo [WIFI () - 114]
D/ConnectivityService(  751): updateNetworkScore for NetworkAgentInfo [WIFI () - 114] to 56
D/ConnectivityService(  751): rematching NetworkAgentInfo [WIFI () - 114]
D/ConnectivityService(  751): Network NetworkAgentInfo [WIFI () - 114] was already satisfying request 1. No change.
D/ConnectivityService(  751): notifyType AVAILABLE for NetworkAgentInfo [WIFI () - 114]
I/DisplayPowerController(  751): Blocking screen on until initial contents have been drawn.
I/DisplayManagerService(  751): Display device changed: DisplayDeviceInfo{"Built-in Screen": 1080 x 1920, 60.0 fps, supportedRefreshRates [60.0], density 480, 442.451 x 443.345 dpi, appVsyncOff 7500000, presDeadline 12666667, touch INTERNAL, rotation 0, type BUILT_IN, state ON, FLAG_DEFAULT_DISPLAY, FLAG_ROTATES_WITH_CONTENT, FLAG_SECURE, FLAG_SUPPORTS_PROTECTED_BUFFERS}
V/ActivityManager(  751): Display changed displayId=0
I/Telecom ( 1799): ProximitySensorManager: Proximity wake lock already acquired
I/DisplayPowerController(  751): Unblocked screen on after 302 ms
I/Telecom ( 1799): ProximitySensorManager: Releasing proximity wake lock
I/Telecom ( 1799): Call: Send disconnect to connection service for call: [290153468, ACTIVE, com.android.phone/com.android.services.telephony.TelephonyConnectionService, **********, 0, childs(0), has_parent(false), [[Capabilities: HOLD SUPPORT_HOLD MUTE]]
I/ActivityManager(  751): Start proc com.ringya for broadcast com.ringya/.caller.CallReceiver: pid=13932 uid=10127 gids={50127, 9997, 3003, 1028, 1015} abi=armeabi-v7a
I/Telecom ( 1799): CallsManager: setCallState ACTIVE -> DISCONNECTED, call: [290153468, ACTIVE, com.android.phone/com.android.services.telephony.TelephonyConnectionService, **********, 0, childs(0), has_parent(false), [[Capabilities: HOLD SUPPORT_HOLD MUTE]]
I/Telecom ( 1799): CallAudioManager: updateAudioStreamAndMode, mIsRinging: false, mIsTonePlaying: false
I/Telecom ( 1799): CallAudioManager: requestAudioFocusAndSetMode, stream: 0 -> 0
I/Telecom ( 1799): CallAudioManager: updateAudioStreamAndMode, mIsRinging: false, mIsTonePlaying: true
I/Telecom ( 1799): CallAudioManager: requestAudioFocusAndSetMode, stream: 0 -> 0
I/Telecom ( 1799): CallAudioManager: updateAudioStreamAndMode, mIsRinging: false, mIsTonePlaying: true
I/Telecom ( 1799): CallAudioManager: requestAudioFocusAndSetMode, stream: 0 -> 0
I/Telecom ( 1799): ConnectionServiceWrapper: Service unbound ComponentInfo{com.android.phone/com.android.services.telephony.TelephonyConnectionService}, from unbind.
I/Telecom ( 1799): CallAudioManager: updateAudioStreamAndMode, mIsRinging: false, mIsTonePlaying: true
I/Telecom ( 1799): CallAudioManager: requestAudioFocusAndSetMode, stream: 0 -> 0
I/Telecom ( 1799): InCallController: onCallRemoved: [290153468, DISCONNECTED, null, **********, 0, childs(0), has_parent(false), [[Capabilities: HOLD SUPPORT_HOLD MUTE]]
I/Telecom ( 1799): InCallController: Unbinding from InCallService %s
I/Telecom ( 1799): ProximitySensorManager: Proximity wake lock already released
I/Telecom ( 1799): PhoneStateBroadcaster: Broadcasted state change: 0
I/ActivityManager(  751): Start proc il.co.orange.app.myorange for broadcast il.co.orange.app.myorange/com.sdk.ida.callvu.IncomingCallInterceptor: pid=13987 uid=10147 gids={50147, 9997, 3003, 1028, 1015} abi=armeabi-v7a
I/Telecom ( 1799): CallAudioManager: updateAudioStreamAndMode, mIsRinging: false, mIsTonePlaying: false
I/ActivityManager(  751): Start proc com.google.android.talk for broadcast com.google.android.talk/com.google.android.apps.hangouts.phone.PhoneStateReceiver: pid=14015 uid=10052 gids={50052, 9997, 3003, 1028, 1015, 3002} abi=armeabi-v7a
W/ResourcesManager(14015): Asset path '/system/framework/com.google.android.media.effects.jar' does not exist or contains no resources.
I/ActivityManager(  751): Start proc com.syncme.syncmeapp for broadcast com.syncme.syncmeapp/com.syncme.listeners.PhoneBroadcastReceiver: pid=14080 uid=10078 gids={50078, 9997, 3003, 1028, 1015} abi=armeabi-v7a
I/ActivityManager(  751): Process com.google.android.apps.plus (pid 13747) has died
I/WindowState(  751): WIN DEATH: Window{2caec60f u0 com.google.android.dialer/com.android.incallui.InCallActivity EXITING}
I/ActivityManager(  751): Process com.google.android.incallui (pid 12622) has died
W/ResourcesManager(14015): Asset path '/system/framework/com.android.media.remotedisplay.jar' does not exist or contains no resources.
W/ResourcesManager(14015): Asset path '/system/framework/com.android.location.provider.jar' does not exist or contains no resources.
I/ActivityManager(  751): Start proc com.android.cellbroadcastreceiver for broadcast com.android.cellbroadcastreceiver/.CellBroadcastReceiver: pid=14146 uid=10030 gids={50030, 9997} abi=armeabi-v7a
I/ActivityManager(  751): Start proc com.google.android.deskclock for broadcast com.google.android.deskclock/com.android.deskclock.AlarmInitReceiver: pid=14206 uid=10034 gids={50034, 9997, 1028} abi=armeabi-v7a
I/ActivityManager(  751): Start proc com.qualcomm.timeservice for broadcast com.qualcomm.timeservice/.TimeServiceBroadcastReceiver: pid=14225 uid=10070 gids={50070, 9997} abi=armeabi-v7a
I/ActivityManager(  751): Start proc com.google.android.keep for broadcast com.google.android.keep/.notification.AlertReceiver: pid=14244 uid=10053 gids={50053, 9997, 3003, 1028, 1015} abi=armeabi-v7a
I/ActivityManager(  751): Start proc com.google.android.calendar for broadcast com.google.android.calendar/com.android.calendar.widget.CalendarAppWidgetProvider: pid=14286 uid=10029 gids={50029, 9997, 3003, 1028, 1015} abi=armeabi-v7a
I/ActivityManager(  751): Start proc com.android.providers.calendar for content provider com.android.providers.calendar/.CalendarProvider2: pid=14312 uid=10001 gids={50001, 9997, 3003, 1028, 1015} abi=armeabi-v7a
W/ResourcesManager(14312): Asset path '/system/framework/android.test.runner.jar' does not exist or contains no resources.
I/ActivityManager(  751): Process com.google.android.setupwizard (pid 13635) has died
I/ActivityManager(  751): Process com.syncme.syncmeapp (pid 14080) has died
D/ConnectivityService(  751): updateNetworkScore for NetworkAgentInfo [WIFI () - 114] to 51
D/ConnectivityService(  751): rematching NetworkAgentInfo [WIFI () - 114]
D/ConnectivityService(  751): Network NetworkAgentInfo [WIFI () - 114] was already satisfying request 1. No change.
D/ConnectivityService(  751): notifyType AVAILABLE for NetworkAgentInfo [WIFI () - 114]
I/ActivityManager(  751): Start proc com.google.android.setupwizard for broadcast com.google.android.setupwizard/.util.GservicesChangedReceiver: pid=14348 uid=10017 gids={50017, 9997, 3003} abi=armeabi-v7a
I/ActivityManager(  751): Start proc com.google.android.gms.unstable for service com.google.android.gms/.droidguard.DroidGuardService: pid=14374 uid=10007 gids={50007, 9997, 3007, 2001, 3003, 1007, 3006, 3002, 3001, 1028, 1015, 1005} abi=armeabi-v7a
W/ResourcesManager(14374): Asset path '/system/framework/com.android.media.remotedisplay.jar' does not exist or contains no resources.
W/ResourcesManager(14374): Asset path '/system/framework/com.android.location.provider.jar' does not exist or contains no resources.
D/TaskPersister(  751): removeObsoleteFile: deleting file=2554_task_thumbnail.png
D/ConnectivityService(  751): updateNetworkScore for NetworkAgentInfo [WIFI () - 114] to 55
D/ConnectivityService(  751): rematching NetworkAgentInfo [WIFI () - 114]
D/ConnectivityService(  751): Network NetworkAgentInfo [WIFI () - 114] was already satisfying request 1. No change.
D/ConnectivityService(  751): notifyType AVAILABLE for NetworkAgentInfo [WIFI () - 114]
I/ActivityManager(  751): Start proc com.google.android.apps.plus for broadcast com.google.android.apps.plus/.service.PackagesMediaMonitor: pid=14433 uid=10065 gids={50065, 9997, 3003, 3002, 1028, 1015} abi=armeabi-v7a
W/ResourcesManager(14433): Asset path '/system/framework/com.google.android.maps.jar' does not exist or contains no resources.
I/ActivityManager(  751): Start proc android.process.media for content provider com.android.providers.media/.MediaProvider: pid=14473 uid=10005 gids={50005, 9997, 2001, 3003, 1028, 1015, 3007, 1023, 1024} abi=armeabi-v7a
D/WifiService(  751): acquireWifiLockLocked: WifiLock{NlpWifiLock type=2 binder=android.os.BinderProxy@1fb6069}
D/BackupManagerService(  751): Received broadcast Intent { act=android.intent.action.PACKAGE_CHANGED dat=package:com.google.android.gms flg=0x4000010 (has extras) }
I/BackupManagerService(  751): Unbinding ComponentInfo{com.google.android.gms/com.google.android.gms.backup.BackupTransportService}
I/BackupManagerService(  751): Binding to transport host ComponentInfo{com.google.android.gms/com.google.android.gms.backup.BackupTransportService}
V/BackupManagerService(  751): Connected to transport ComponentInfo{com.google.android.gms/com.google.android.gms.backup.BackupTransportService}
V/BackupManagerService(  751): Registering transport com.google.android.gms/.backup.BackupTransportService::com.google.android.gms/.backup.BackupTransportService = com.android.internal.backup.IBackupTransport$Stub$Proxy@e20bbb2
E/ActivityThread( 3209): Service com.google.android.gms.backup.BackupTransportService has leaked ServiceConnection com.google.android.gms.http.f@234faf7d that was originally bound here
E/ActivityThread( 3209): android.app.ServiceConnectionLeaked: Service com.google.android.gms.backup.BackupTransportService has leaked ServiceConnection com.google.android.gms.http.f@234faf7d that was originally bound here
E/ActivityThread( 3209): 	at android.app.LoadedApk$ServiceDispatcher.<init>(LoadedApk.java:1072)
E/ActivityThread( 3209): 	at android.app.LoadedApk.getServiceDispatcher(LoadedApk.java:966)
E/ActivityThread( 3209): 	at android.app.ContextImpl.bindServiceCommon(ContextImpl.java:1768)
E/ActivityThread( 3209): 	at android.app.ContextImpl.bindService(ContextImpl.java:1751)
E/ActivityThread( 3209): 	at android.content.ContextWrapper.bindService(ContextWrapper.java:538)
E/ActivityThread( 3209): 	at com.google.android.gms.http.e.<init>(SourceFile:94)
E/ActivityThread( 3209): 	at com.google.android.gms.http.GoogleHttpClient.<init>(SourceFile:234)
E/ActivityThread( 3209): 	at com.google.android.gms.http.GoogleHttpClient.<init>(SourceFile:196)
E/ActivityThread( 3209): 	at com.google.android.gms.backup.BackupTransportService.onCreate(SourceFile:1183)
E/ActivityThread( 3209): 	at android.app.ActivityThread.handleCreateService(ActivityThread.java:2731)
E/ActivityThread( 3209): 	at android.app.ActivityThread.access$1800(ActivityThread.java:144)
E/ActivityThread( 3209): 	at android.app.ActivityThread$H.handleMessage(ActivityThread.java:1361)
E/ActivityThread( 3209): 	at android.os.Handler.dispatchMessage(Handler.java:102)
E/ActivityThread( 3209): 	at android.os.Looper.loop(Looper.java:135)
E/ActivityThread( 3209): 	at android.app.ActivityThread.main(ActivityThread.java:5221)
E/ActivityThread( 3209): 	at java.lang.reflect.Method.invoke(Native Method)
E/ActivityThread( 3209): 	at java.lang.reflect.Method.invoke(Method.java:372)
E/ActivityThread( 3209): 	at com.android.internal.os.ZygoteInit$MethodAndArgsCaller.run(ZygoteInit.java:899)
E/ActivityThread( 3209): 	at com.android.internal.os.ZygoteInit.main(ZygoteInit.java:694)
V/BackupManagerService(  751): Scheduling immediate backup pass
V/BackupManagerService(  751): Running a backup pass
V/BackupManagerService(  751): clearing pending backups
V/PerformBackupTask(  751): Beginning backup of 17 targets
D/PerformBackupTask(  751): invokeAgentForBackup on @pm@
E/PMBA    (  751): No global metadata in state file!
I/PMBA    (  751): Previous metadata null mismatch vs 1602158 - rewriting
I/BackupRestoreController(  751): Getting widget state for user: 0
D/BackupManagerService(  751): Now staging backup of com.google.android.talk
D/BackupManagerService(  751): Now staging backup of com.google.android.dialer
D/BackupManagerService(  751): Now staging backup of com.zegoggles.smssync
D/BackupManagerService(  751): Now staging backup of com.android.providers.settings
D/BackupManagerService(  751): Now staging backup of com.rhmsoft.fm
D/BackupManagerService(  751): Now staging backup of com.android.sharedstoragebackup
D/BackupManagerService(  751): Now staging backup of com.google.android.gm
D/BackupManagerService(  751): Now staging backup of com.shazam.android
D/BackupManagerService(  751): Now staging backup of com.android.providers.userdictionary
D/BackupManagerService(  751): Now staging backup of com.android.nfc
D/BackupManagerService(  751): Now staging backup of com.google.android.apps.genie.geniewidget
D/BackupManagerService(  751): Now staging backup of com.google.android.marvin.talkback
D/BackupManagerService(  751): Now staging backup of com.google.android.inputmethod.latin
D/BackupManagerService(  751): Now staging backup of com.android.vending
D/BackupManagerService(  751): Now staging backup of com.google.android.calendar
D/BackupManagerService(  751): Now staging backup of android
D/BackupManagerService(  751): Now staging backup of com.google.android.googlequicksearchbox
I/BackupManagerService(  751): Backup pass finished.
D/WifiService(  751): releaseWifiLockLocked: WifiLock{NlpWifiLock type=2 binder=android.os.BinderProxy@1fb6069}
D/ConnectivityService(  751): updateNetworkScore for NetworkAgentInfo [WIFI () - 114] to 56
D/ConnectivityService(  751): rematching NetworkAgentInfo [WIFI () - 114]
D/ConnectivityService(  751): Network NetworkAgentInfo [WIFI () - 114] was already satisfying request 1. No change.
D/ConnectivityService(  751): notifyType AVAILABLE for NetworkAgentInfo [WIFI () - 114]
D/ConnectivityService(  751): updateNetworkScore for NetworkAgentInfo [WIFI () - 114] to 55
D/ConnectivityService(  751): rematching NetworkAgentInfo [WIFI () - 114]
D/ConnectivityService(  751): Network NetworkAgentInfo [WIFI () - 114] was already satisfying request 1. No change.
D/ConnectivityService(  751): notifyType AVAILABLE for NetworkAgentInfo [WIFI () - 114]
D/ConnectivityService(  751): updateNetworkScore for NetworkAgentInfo [WIFI () - 114] to 59
D/ConnectivityService(  751): rematching NetworkAgentInfo [WIFI () - 114]
D/ConnectivityService(  751): Network NetworkAgentInfo [WIFI () - 114] was already satisfying request 1. No change.
D/ConnectivityService(  751): notifyType AVAILABLE for NetworkAgentInfo [WIFI () - 114]
D/ConnectivityService(  751): updateNetworkScore for NetworkAgentInfo [WIFI () - 114] to 55
D/ConnectivityService(  751): rematching NetworkAgentInfo [WIFI () - 114]
D/ConnectivityService(  751): Network NetworkAgentInfo [WIFI () - 114] was already satisfying request 1. No change.
D/ConnectivityService(  751): notifyType AVAILABLE for NetworkAgentInfo [WIFI () - 114]
D/WifiService(  751): acquireWifiLockLocked: WifiLock{NlpWifiLock type=2 binder=android.os.BinderProxy@1b7a712f}
D/WifiService(  751): releaseWifiLockLocked: WifiLock{NlpWifiLock type=2 binder=android.os.BinderProxy@1b7a712f}
D/ConnectivityService(  751): updateNetworkScore for NetworkAgentInfo [WIFI () - 114] to 56
D/ConnectivityService(  751): rematching NetworkAgentInfo [WIFI () - 114]
D/ConnectivityService(  751): Network NetworkAgentInfo [WIFI () - 114] was already satisfying request 1. No change.
D/ConnectivityService(  751): notifyType AVAILABLE for NetworkAgentInfo [WIFI () - 114]
D/ConnectivityService(  751): updateNetworkScore for NetworkAgentInfo [WIFI () - 114] to 55
D/ConnectivityService(  751): rematching NetworkAgentInfo [WIFI () - 114]
D/ConnectivityService(  751): Network NetworkAgentInfo [WIFI () - 114] was already satisfying request 1. No change.
D/ConnectivityService(  751): notifyType AVAILABLE for NetworkAgentInfo [WIFI () - 114]
I/PowerManagerService(  751): Nap time (uid 1000)...
I/PowerManagerService(  751): Going to sleep due to screen timeout (uid 1000)...
I/PowerManagerService(  751): Sleeping (uid 1000)...
W/ProcessCpuTracker(  751): Skipping unknown process pid 14646
W/ProcessCpuTracker(  751): Skipping unknown process pid 14649
I/ActivityManager(  751): Process com.ringya (pid 13932) has died
I/ActivityManager(  751): Process il.co.orange.app.myorange (pid 13987) has died
I/ActivityManager(  751): Process com.google.android.keep (pid 14244) has died
I/ActivityManager(  751): Process com.android.cellbroadcastreceiver (pid 14146) has died
I/ActivityManager(  751): Process com.google.android.deskclock (pid 14206) has died
I/ActivityManager(  751): Process com.android.providers.calendar (pid 14312) has died
I/DisplayManagerService(  751): Display device changed: DisplayDeviceInfo{"Built-in Screen": 1080 x 1920, 60.0 fps, supportedRefreshRates [60.0], density 480, 442.451 x 443.345 dpi, appVsyncOff 7500000, presDeadline 12666667, touch INTERNAL, rotation 0, type BUILT_IN, state OFF, FLAG_DEFAULT_DISPLAY, FLAG_ROTATES_WITH_CONTENT, FLAG_SECURE, FLAG_SUPPORTS_PROTECTED_BUFFERS}
V/ActivityManager(  751): Display changed displayId=0
D/WifiService(  751): acquireWifiLockLocked: WifiLock{NlpWifiLock type=2 binder=android.os.BinderProxy@1b7a712f}
D/WifiService(  751): releaseWifiLockLocked: WifiLock{NlpWifiLock type=2 binder=android.os.BinderProxy@1b7a712f}
I/PowerManagerService(  751): Waking up from sleep (uid 1000)...
I/DisplayPowerController(  751): Blocking screen on until initial contents have been drawn.
V/ActivityManager(  751): Display changed displayId=0
I/DisplayManagerService(  751): Display device changed: DisplayDeviceInfo{"Built-in Screen": 1080 x 1920, 60.0 fps, supportedRefreshRates [60.0], density 480, 442.451 x 443.345 dpi, appVsyncOff 7500000, presDeadline 12666667, touch INTERNAL, rotation 0, type BUILT_IN, state ON, FLAG_DEFAULT_DISPLAY, FLAG_ROTATES_WITH_CONTENT, FLAG_SECURE, FLAG_SUPPORTS_PROTECTED_BUFFERS}
W/ResourcesManager(23699): Asset path '/system/framework/com.google.android.media.effects.jar' does not exist or contains no resources.
V/ActivityManager(  751): Display changed displayId=0
D/WifiService(  751): acquireWifiLockLocked: WifiLock{NlpWifiLock type=2 binder=android.os.BinderProxy@1b7a712f}
I/ActivityManager(  751): Process com.google.android.setupwizard (pid 14348) has died
I/DisplayPowerController(  751): Unblocked screen on after 516 ms
I/ActivityManager(  751): Process com.google.android.talk (pid 14015) has died
I/ActivityManager(  751): Process com.google.android.gms.unstable (pid 14374) has died
I/ActivityManager(  751): START u0 {act=android.intent.action.CALL_PRIVILEGED dat=tel:xxx-xxx-xxxx cmp=com.android.server.telecom/.PrivilegedCallActivity (has extras)} from uid 10008 on display 0
V/ActivityManager(  751): Display changed displayId=0
I/Telecom ( 1799): CallAudioManager: updateAudioStreamAndMode, mIsRinging: false, mIsTonePlaying: false
I/Telecom ( 1799): InCallController: Attempting to bind to InCall com.google.android.dialer, is dupe? false 
I/ActivityManager(  751): Start proc com.google.android.incallui for service com.google.android.dialer/com.android.incallui.InCallServiceImpl: pid=14827 uid=10008 gids={50008, 9997, 3003, 1028, 1015} abi=armeabi-v7a
I/Telecom ( 1799): InCallController: Attempting to bind to InCall com.google.android.gms, is dupe? false 
I/ActivityManager(  751): Start proc com.google.android.gms:car for service com.google.android.gms/.car.InCallServiceImpl: pid=14854 uid=10007 gids={50007, 9997, 3007, 2001, 3003, 1007, 3006, 3002, 3001, 1028, 1015, 1005} abi=armeabi-v7a
I/Telecom ( 1799): CallAudioManager: updateAudioStreamAndMode, mIsRinging: false, mIsTonePlaying: false
I/Telecom ( 1799): CallAudioManager: requestAudioFocusAndSetMode, stream: -1 -> 0
I/Telecom ( 1799): CallAudioManager: changing audio state from [AudioState isMuted: false, route; EARPIECE, supportedRouteMask: EARPIECE, SPEAKER] to [AudioState isMuted: false, route; EARPIECE, supportedRouteMask: EARPIECE, SPEAKER]
D/ConnectivityService(  751): updateNetworkScore for NetworkAgentInfo [WIFI () - 114] to 56
D/ConnectivityService(  751): rematching NetworkAgentInfo [WIFI () - 114]
D/ConnectivityService(  751): Network NetworkAgentInfo [WIFI () - 114] was already satisfying request 1. No change.
D/ConnectivityService(  751): notifyType AVAILABLE for NetworkAgentInfo [WIFI () - 114]
I/ActivityManager(  751): Start proc il.co.orange.app.myorange for broadcast il.co.orange.app.myorange/com.sdk.ida.callvu.OutgoingCallInterceptor: pid=14874 uid=10147 gids={50147, 9997, 3003, 1028, 1015} abi=armeabi-v7a
W/ResourcesManager(14827): Asset path '/system/framework/com.google.android.dialer.support.jar' does not exist or contains no resources.
W/ResourcesManager(14854): Asset path '/system/framework/com.android.media.remotedisplay.jar' does not exist or contains no resources.
W/ResourcesManager(14854): Asset path '/system/framework/com.android.location.provider.jar' does not exist or contains no resources.
W/InputMethodManagerService(  751): Window already focused, ignoring focus gain of: com.android.internal.view.IInputMethodClient$Stub$Proxy@84b5159 attribute=android.view.inputmethod.EditorInfo@3eb0f11e, token = android.os.BinderProxy@313b7494
I/Telecom ( 1799): Call: CallerInfo received for ***-***-****: com.android.internal.telephony.CallerInfo@31666fdf { name non-null, phoneNumber non-null }
