D/ConnectivityService(  751): updateNetworkScore for NetworkAgentInfo [WIFI () - 114] to 56
D/ConnectivityService(  751): rematching NetworkAgentInfo [WIFI () - 114]
D/ConnectivityService(  751): Network NetworkAgentInfo [WIFI () - 114] was already satisfying request 1. No change.
D/ConnectivityService(  751): notifyType AVAILABLE for NetworkAgentInfo [WIFI () - 114]
D/ConnectivityService(  751): updateNetworkScore for NetworkAgentInfo [WIFI () - 114] to 60
D/ConnectivityService(  751): rematching NetworkAgentInfo [WIFI () - 114]
D/ConnectivityService(  751): Network NetworkAgentInfo [WIFI () - 114] was already satisfying request 1. No change.
D/ConnectivityService(  751): notifyType AVAILABLE for NetworkAgentInfo [WIFI () - 114]
D/ConnectivityService(  751): updateNetworkScore for NetworkAgentInfo [WIFI () - 114] to 56
D/ConnectivityService(  751): rematching NetworkAgentInfo [WIFI () - 114]
D/ConnectivityService(  751): Network NetworkAgentInfo [WIFI () - 114] was already satisfying request 1. No change.
D/ConnectivityService(  751): notifyType AVAILABLE for NetworkAgentInfo [WIFI () - 114]
D/ConnectivityService(  751): updateNetworkScore for NetworkAgentInfo [WIFI () - 114] to 60
D/ConnectivityService(  751): rematching NetworkAgentInfo [WIFI () - 114]
D/ConnectivityService(  751): Network NetworkAgentInfo [WIFI () - 114] was already satisfying request 1. No change.
D/ConnectivityService(  751): notifyType AVAILABLE for NetworkAgentInfo [WIFI () - 114]
D/ConnectivityService(  751): updateNetworkScore for NetworkAgentInfo [WIFI () - 114] to 56
D/ConnectivityService(  751): rematching NetworkAgentInfo [WIFI () - 114]
D/ConnectivityService(  751): Network NetworkAgentInfo [WIFI () - 114] was already satisfying request 1. No change.
D/ConnectivityService(  751): notifyType AVAILABLE for NetworkAgentInfo [WIFI () - 114]
D/WifiService(  751): acquireWifiLockLocked: WifiLock{NlpWifiLock type=2 binder=android.os.BinderProxy@2f62e298}
D/ConnectivityService(  751): updateNetworkScore for NetworkAgentInfo [WIFI () - 114] to 60
D/ConnectivityService(  751): rematching NetworkAgentInfo [WIFI () - 114]
D/ConnectivityService(  751): Network NetworkAgentInfo [WIFI () - 114] was already satisfying request 1. No change.
D/ConnectivityService(  751): notifyType AVAILABLE for NetworkAgentInfo [WIFI () - 114]
D/WifiService(  751): releaseWifiLockLocked: WifiLock{NlpWifiLock type=2 binder=android.os.BinderProxy@2f62e298}
D/ConnectivityService(  751): updateNetworkScore for NetworkAgentInfo [WIFI () - 114] to 56
D/ConnectivityService(  751): rematching NetworkAgentInfo [WIFI () - 114]
D/ConnectivityService(  751): Network NetworkAgentInfo [WIFI () - 114] was already satisfying request 1. No change.
D/ConnectivityService(  751): notifyType AVAILABLE for NetworkAgentInfo [WIFI () - 114]
D/ConnectivityService(  751): updateNetworkScore for NetworkAgentInfo [WIFI () - 114] to 60
D/ConnectivityService(  751): rematching NetworkAgentInfo [WIFI () - 114]
D/ConnectivityService(  751): Network NetworkAgentInfo [WIFI () - 114] was already satisfying request 1. No change.
D/ConnectivityService(  751): notifyType AVAILABLE for NetworkAgentInfo [WIFI () - 114]
D/ConnectivityService(  751): updateNetworkScore for NetworkAgentInfo [WIFI () - 114] to 56
D/ConnectivityService(  751): rematching NetworkAgentInfo [WIFI () - 114]
D/ConnectivityService(  751): Network NetworkAgentInfo [WIFI () - 114] was already satisfying request 1. No change.
D/ConnectivityService(  751): notifyType AVAILABLE for NetworkAgentInfo [WIFI () - 114]
D/WifiService(  751): Client connection lost with reason: 4
I/ActivityManager(  751): Process com.facebook.katana (pid 16464) has died
W/ActivityManager(  751): Scheduling restart of crashed service com.facebook.katana/com.facebook.push.mqtt.service.MqttPushService in 1000ms
I/ActivityManager(  751): Start proc com.facebook.katana for service com.facebook.katana/com.facebook.push.mqtt.service.MqttPushService: pid=28580 uid=10083 gids={50083, 9997, 1028, 1015, 3003} abi=armeabi-v7a
W/ResourcesManager(28580): Asset path '/system/framework/com.google.android.maps.jar' does not exist or contains no resources.
D/WifiService(  751): New client listening to asynchronous messages
D/ConnectivityService(  751): updateNetworkScore for NetworkAgentInfo [WIFI () - 114] to 60
D/ConnectivityService(  751): rematching NetworkAgentInfo [WIFI () - 114]
D/ConnectivityService(  751): Network NetworkAgentInfo [WIFI () - 114] was already satisfying request 1. No change.
D/ConnectivityService(  751): notifyType AVAILABLE for NetworkAgentInfo [WIFI () - 114]
W/BroadcastQueue(  751): Permission Denial: broadcasting Intent { act=android.net.conn.INET_CONDITION_ACTION flg=0x4000010 (has extras) } from null (pid=-1, uid=-1) requires com.facebook.permission.prod.FB_APP_COMMUNICATION due to registered receiver BroadcastFilter{3fe31827 u0 ReceiverList{1e6afae6 28580 com.facebook.katana/10083/u0 remote:1533c541}}
W/BroadcastQueue(  751): Permission Denial: broadcasting Intent { act=android.net.conn.CONNECTIVITY_CHANGE flg=0x4000010 (has extras) } from null (pid=-1, uid=-1) requires com.facebook.permission.prod.FB_APP_COMMUNICATION due to registered receiver BroadcastFilter{3fe31827 u0 ReceiverList{1e6afae6 28580 com.facebook.katana/10083/u0 remote:1533c541}}
W/BroadcastQueue(  751): Permission Denial: broadcasting Intent { act=android.net.conn.CONNECTIVITY_CHANGE flg=0x4000010 (has extras) } from null (pid=-1, uid=-1) requires com.facebook.permission.prod.FB_APP_COMMUNICATION due to registered receiver BroadcastFilter{3cc98c9c u0 ReceiverList{20cb540f 28580 com.facebook.katana/10083/u0 remote:3b0956e}}
D/ConnectivityService(  751): updateNetworkScore for NetworkAgentInfo [WIFI () - 114] to 56
D/ConnectivityService(  751): rematching NetworkAgentInfo [WIFI () - 114]
D/ConnectivityService(  751): Network NetworkAgentInfo [WIFI () - 114] was already satisfying request 1. No change.
D/ConnectivityService(  751): notifyType AVAILABLE for NetworkAgentInfo [WIFI () - 114]
D/ConnectivityService(  751): updateNetworkScore for NetworkAgentInfo [WIFI () - 114] to 60
D/ConnectivityService(  751): rematching NetworkAgentInfo [WIFI () - 114]
D/ConnectivityService(  751): Network NetworkAgentInfo [WIFI () - 114] was already satisfying request 1. No change.
D/ConnectivityService(  751): notifyType AVAILABLE for NetworkAgentInfo [WIFI () - 114]
D/ConnectivityService(  751): updateNetworkScore for NetworkAgentInfo [WIFI () - 114] to 56
D/ConnectivityService(  751): rematching NetworkAgentInfo [WIFI () - 114]
D/ConnectivityService(  751): Network NetworkAgentInfo [WIFI () - 114] was already satisfying request 1. No change.
D/ConnectivityService(  751): notifyType AVAILABLE for NetworkAgentInfo [WIFI () - 114]
W/ProcessCpuTracker(  751): Skipping unknown process pid 29434
W/ProcessCpuTracker(  751): Skipping unknown process pid 29631
W/ProcessCpuTracker(  751): Skipping unknown process pid 29632
W/ProcessCpuTracker(  751): Skipping unknown process pid 29634
W/ProcessCpuTracker(  751): Skipping unknown process pid 29635
W/ProcessCpuTracker(  751): Skipping unknown process pid 29636
W/ProcessCpuTracker(  751): Skipping unknown process pid 29651
D/WifiService(  751): acquireWifiLockLocked: WifiLock{NlpWifiLock type=2 binder=android.os.BinderProxy@3800c3e7}
D/WifiService(  751): releaseWifiLockLocked: WifiLock{NlpWifiLock type=2 binder=android.os.BinderProxy@3800c3e7}
I/UsageStatsService(  751): User[0] Flushing usage stats to disk
W/ProcessCpuTracker(  751): Skipping unknown process pid 31616
I/ActivityManager(  751): Process com.rhmsoft.fm:crash.feedback (pid 23561) has died
D/Nat464Xlat(  751): requiresClat: netType=1, connected=true, hasIPv4Address=true
D/ConnectivityService(  751): NetworkAgentInfo [WIFI () - 114] EVENT_NETWORK_INFO_CHANGED, going from CONNECTED to CONNECTING
D/ConnectivityService(  751): NetworkAgentInfo [WIFI () - 114] EVENT_NETWORK_INFO_CHANGED, going from CONNECTING to CONNECTED
I/ActivityManager(  751): Process com.syncme.syncmeapp (pid 23583) has died
W/ProcessCpuTracker(  751): Skipping unknown process pid 568
D/ConnectivityService(  751): updateNetworkScore for NetworkAgentInfo [WIFI () - 114] to 60
D/ConnectivityService(  751): rematching NetworkAgentInfo [WIFI () - 114]
D/ConnectivityService(  751): Network NetworkAgentInfo [WIFI () - 114] was already satisfying request 1. No change.
D/ConnectivityService(  751): notifyType AVAILABLE for NetworkAgentInfo [WIFI () - 114]
D/ConnectivityService(  751): updateNetworkScore for NetworkAgentInfo [WIFI () - 114] to 56
D/ConnectivityService(  751): rematching NetworkAgentInfo [WIFI () - 114]
D/ConnectivityService(  751): Network NetworkAgentInfo [WIFI () - 114] was already satisfying request 1. No change.
D/ConnectivityService(  751): notifyType AVAILABLE for NetworkAgentInfo [WIFI () - 114]
D/WifiService(  751): acquireWifiLockLocked: WifiLock{NlpWifiLock type=2 binder=android.os.BinderProxy@3e6c74d7}
D/WifiService(  751): releaseWifiLockLocked: WifiLock{NlpWifiLock type=2 binder=android.os.BinderProxy@3e6c74d7}
--------- beginning of main
E/chromium(21942): [ERROR:unix_domain_client_socket_posix.cc(101)] Not implemented reached in virtual int net::UnixDomainClientSocket::GetPeerAddress(net::IPEndPoint*) const
E/chromium(21942): [ERROR:unix_domain_client_socket_posix.cc(101)] Not implemented reached in virtual int net::UnixDomainClientSocket::GetPeerAddress(net::IPEndPoint*) const
E/chromium(21942): [ERROR:unix_domain_client_socket_posix.cc(101)] Not implemented reached in virtual int net::UnixDomainClientSocket::GetPeerAddress(net::IPEndPoint*) const
E/chromium(21942): [ERROR:unix_domain_client_socket_posix.cc(101)] Not implemented reached in virtual int net::UnixDomainClientSocket::GetPeerAddress(net::IPEndPoint*) const
E/chromium(21942): [ERROR:unix_domain_client_socket_posix.cc(101)] Not implemented reached in virtual int net::UnixDomainClientSocket::GetPeerAddress(net::IPEndPoint*) const
E/chromium(21942): [ERROR:unix_domain_client_socket_posix.cc(101)] Not implemented reached in virtual int net::UnixDomainClientSocket::GetPeerAddress(net::IPEndPoint*) const
E/chromium(21942): [ERROR:unix_domain_client_socket_posix.cc(101)] Not implemented reached in virtual int net::UnixDomainClientSocket::GetPeerAddress(net::IPEndPoint*) const
E/chromium(21942): [ERROR:unix_domain_client_socket_posix.cc(101)] Not implemented reached in virtual int net::UnixDomainClientSocket::GetPeerAddress(net::IPEndPoint*) const
E/chromium(21942): [ERROR:unix_domain_client_socket_posix.cc(101)] Not implemented reached in virtual int net::UnixDomainClientSocket::GetPeerAddress(net::IPEndPoint*) const
E/chromium(21942): [ERROR:unix_domain_client_socket_posix.cc(101)] Not implemented reached in virtual int net::UnixDomainClientSocket::GetPeerAddress(net::IPEndPoint*) const
E/WifiStateMachine(  751): WifiStateMachine CMD_START_SCAN source -2 txSuccessRate=0.34 rxSuccessRate=3.91 targetRoamBSSID=7c:03:4c:ba:fa:f8 RSSI=-73
E/WifiStateMachine(  751): WifiStateMachine starting scan for "Griffin Wire"WPA_PSK with 2412
I/wpa_supplicant( 1355): wlan0: CTRL-EVENT-SCAN-STARTED 
D/WifiService(  751): acquireWifiLockLocked: WifiLock{NlpWifiLock type=2 binder=android.os.BinderProxy@3c7ba7e2}
D/WifiService(  751): releaseWifiLockLocked: WifiLock{NlpWifiLock type=2 binder=android.os.BinderProxy@3c7ba7e2}
I/art     ( 3230): Explicit concurrent mark sweep GC freed 27571(1758KB) AllocSpace objects, 6(236KB) LOS objects, 40% free, 18MB/30MB, paused 925us total 53.478ms
I/GCoreUlr( 3209): Successfully inserted location
I/GCoreUlr( 3209): Not calling LocationReporter, hasMoved: false, elapsed millis: 1523731, request: Stationary(3600000)
E/chromium(21942): [ERROR:unix_domain_client_socket_posix.cc(101)] Not implemented reached in virtual int net::UnixDomainClientSocket::GetPeerAddress(net::IPEndPoint*) const
E/chromium(21942): [ERROR:unix_domain_client_socket_posix.cc(101)] Not implemented reached in virtual int net::UnixDomainClientSocket::GetPeerAddress(net::IPEndPoint*) const
E/chromium(21942): [ERROR:unix_domain_client_socket_posix.cc(101)] Not implemented reached in virtual int net::UnixDomainClientSocket::GetPeerAddress(net::IPEndPoint*) const
E/chromium(21942): [ERROR:unix_domain_client_socket_posix.cc(101)] Not implemented reached in virtual int net::UnixDomainClientSocket::GetPeerAddress(net::IPEndPoint*) const
E/chromium(21942): [ERROR:unix_domain_client_socket_posix.cc(101)] Not implemented reached in virtual int net::UnixDomainClientSocket::GetPeerAddress(net::IPEndPoint*) const
E/chromium(21942): [ERROR:unix_domain_client_socket_posix.cc(101)] Not implemented reached in virtual int net::UnixDomainClientSocket::GetPeerAddress(net::IPEndPoint*) const
E/chromium(21942): [ERROR:unix_domain_client_socket_posix.cc(101)] Not implemented reached in virtual int net::UnixDomainClientSocket::GetPeerAddress(net::IPEndPoint*) const
E/chromium(21942): [ERROR:unix_domain_client_socket_posix.cc(101)] Not implemented reached in virtual int net::UnixDomainClientSocket::GetPeerAddress(net::IPEndPoint*) const
E/chromium(21942): [ERROR:unix_domain_client_socket_posix.cc(101)] Not implemented reached in virtual int net::UnixDomainClientSocket::GetPeerAddress(net::IPEndPoint*) const
E/chromium(21942): [ERROR:unix_domain_client_socket_posix.cc(101)] Not implemented reached in virtual int net::UnixDomainClientSocket::GetPeerAddress(net::IPEndPoint*) const
E/chromium(21942): [ERROR:unix_domain_client_socket_posix.cc(101)] Not implemented reached in virtual int net::UnixDomainClientSocket::GetPeerAddress(net::IPEndPoint*) const
E/chromium(21942): [ERROR:unix_domain_client_socket_posix.cc(101)] Not implemented reached in virtual int net::UnixDomainClientSocket::GetPeerAddress(net::IPEndPoint*) const
E/chromium(21942): [ERROR:unix_domain_client_socket_posix.cc(101)] Not implemented reached in virtual int net::UnixDomainClientSocket::GetPeerAddress(net::IPEndPoint*) const
E/chromium(21942): [ERROR:unix_domain_client_socket_posix.cc(101)] Not implemented reached in virtual int net::UnixDomainClientSocket::GetPeerAddress(net::IPEndPoint*) const
E/chromium(21942): [ERROR:unix_domain_client_socket_posix.cc(101)] Not implemented reached in virtual int net::UnixDomainClientSocket::GetPeerAddress(net::IPEndPoint*) const
E/chromium(21942): [ERROR:unix_domain_client_socket_posix.cc(101)] Not implemented reached in virtual int net::UnixDomainClientSocket::GetPeerAddress(net::IPEndPoint*) const
E/chromium(21942): [ERROR:unix_domain_client_socket_posix.cc(101)] Not implemented reached in virtual int net::UnixDomainClientSocket::GetPeerAddress(net::IPEndPoint*) const
E/chromium(21942): [ERROR:unix_domain_client_socket_posix.cc(101)] Not implemented reached in virtual int net::UnixDomainClientSocket::GetPeerAddress(net::IPEndPoint*) const
E/chromium(21942): [ERROR:unix_domain_client_socket_posix.cc(101)] Not implemented reached in virtual int net::UnixDomainClientSocket::GetPeerAddress(net::IPEndPoint*) const
E/chromium(21942): [ERROR:unix_domain_client_socket_posix.cc(101)] Not implemented reached in virtual int net::UnixDomainClientSocket::GetPeerAddress(net::IPEndPoint*) const
E/chromium(21942): [ERROR:unix_domain_client_socket_posix.cc(101)] Not implemented reached in virtual int net::UnixDomainClientSocket::GetPeerAddress(net::IPEndPoint*) const
E/chromium(21942): [ERROR:unix_domain_client_socket_posix.cc(101)] Not implemented reached in virtual int net::UnixDomainClientSocket::GetPeerAddress(net::IPEndPoint*) const
E/chromium(21942): [ERROR:unix_domain_client_socket_posix.cc(101)] Not implemented reached in virtual int net::UnixDomainClientSocket::GetPeerAddress(net::IPEndPoint*) const
E/chromium(21942): [ERROR:unix_domain_client_socket_posix.cc(101)] Not implemented reached in virtual int net::UnixDomainClientSocket::GetPeerAddress(net::IPEndPoint*) const
E/chromium(21942): [ERROR:unix_domain_client_socket_posix.cc(101)] Not implemented reached in virtual int net::UnixDomainClientSocket::GetPeerAddress(net::IPEndPoint*) const
E/chromium(21942): [ERROR:unix_domain_client_socket_posix.cc(101)] Not implemented reached in virtual int net::UnixDomainClientSocket::GetPeerAddress(net::IPEndPoint*) const
E/chromium(21942): [ERROR:unix_domain_client_socket_posix.cc(101)] Not implemented reached in virtual int net::UnixDomainClientSocket::GetPeerAddress(net::IPEndPoint*) const
E/chromium(21942): [ERROR:unix_domain_client_socket_posix.cc(101)] Not implemented reached in virtual int net::UnixDomainClientSocket::GetPeerAddress(net::IPEndPoint*) const
E/chromium(21942): [ERROR:unix_domain_client_socket_posix.cc(101)] Not implemented reached in virtual int net::UnixDomainClientSocket::GetPeerAddress(net::IPEndPoint*) const
E/chromium(21942): [ERROR:unix_domain_client_socket_posix.cc(101)] Not implemented reached in virtual int net::UnixDomainClientSocket::GetPeerAddress(net::IPEndPoint*) const
E/chromium(21942): [ERROR:unix_domain_client_socket_posix.cc(101)] Not implemented reached in virtual int net::UnixDomainClientSocket::GetPeerAddress(net::IPEndPoint*) const
E/chromium(21942): [ERROR:unix_domain_client_socket_posix.cc(101)] Not implemented reached in virtual int net::UnixDomainClientSocket::GetPeerAddress(net::IPEndPoint*) const
E/chromium(21942): [ERROR:unix_domain_client_socket_posix.cc(101)] Not implemented reached in virtual int net::UnixDomainClientSocket::GetPeerAddress(net::IPEndPoint*) const
E/chromium(21942): [ERROR:unix_domain_client_socket_posix.cc(101)] Not implemented reached in virtual int net::UnixDomainClientSocket::GetPeerAddress(net::IPEndPoint*) const
E/WifiStateMachine(  751): WifiStateMachine CMD_START_SCAN source -2 txSuccessRate=0.00 rxSuccessRate=2.25 targetRoamBSSID=7c:03:4c:ba:fa:f8 RSSI=-72
E/WifiStateMachine(  751): WifiStateMachine starting scan for "Griffin Wire"WPA_PSK with 2412
I/wpa_supplicant( 1355): wlan0: CTRL-EVENT-SCAN-STARTED 
E/chromium(21942): [ERROR:unix_domain_client_socket_posix.cc(101)] Not implemented reached in virtual int net::UnixDomainClientSocket::GetPeerAddress(net::IPEndPoint*) const
E/chromium(21942): [ERROR:unix_domain_client_socket_posix.cc(101)] Not implemented reached in virtual int net::UnixDomainClientSocket::GetPeerAddress(net::IPEndPoint*) const
E/chromium(21942): [ERROR:unix_domain_client_socket_posix.cc(101)] Not implemented reached in virtual int net::UnixDomainClientSocket::GetPeerAddress(net::IPEndPoint*) const
E/chromium(21942): [ERROR:unix_domain_client_socket_posix.cc(101)] Not implemented reached in virtual int net::UnixDomainClientSocket::GetPeerAddress(net::IPEndPoint*) const
E/chromium(21942): [ERROR:unix_domain_client_socket_posix.cc(101)] Not implemented reached in virtual int net::UnixDomainClientSocket::GetPeerAddress(net::IPEndPoint*) const
E/chromium(21942): [ERROR:unix_domain_client_socket_posix.cc(101)] Not implemented reached in virtual int net::UnixDomainClientSocket::GetPeerAddress(net::IPEndPoint*) const
E/chromium(21942): [ERROR:unix_domain_client_socket_posix.cc(101)] Not implemented reached in virtual int net::UnixDomainClientSocket::GetPeerAddress(net::IPEndPoint*) const
E/chromium(21942): [ERROR:unix_domain_client_socket_posix.cc(101)] Not implemented reached in virtual int net::UnixDomainClientSocket::GetPeerAddress(net::IPEndPoint*) const
E/chromium(21942): [ERROR:unix_domain_client_socket_posix.cc(101)] Not implemented reached in virtual int net::UnixDomainClientSocket::GetPeerAddress(net::IPEndPoint*) const
E/chromium(21942): [ERROR:unix_domain_client_socket_posix.cc(101)] Not implemented reached in virtual int net::UnixDomainClientSocket::GetPeerAddress(net::IPEndPoint*) const
E/chromium(21942): [ERROR:unix_domain_client_socket_posix.cc(101)] Not implemented reached in virtual int net::UnixDomainClientSocket::GetPeerAddress(net::IPEndPoint*) const
E/chromium(21942): [ERROR:unix_domain_client_socket_posix.cc(101)] Not implemented reached in virtual int net::UnixDomainClientSocket::GetPeerAddress(net::IPEndPoint*) const
E/chromium(21942): [ERROR:unix_domain_client_socket_posix.cc(101)] Not implemented reached in virtual int net::UnixDomainClientSocket::GetPeerAddress(net::IPEndPoint*) const
E/chromium(21942): [ERROR:unix_domain_client_socket_posix.cc(101)] Not implemented reached in virtual int net::UnixDomainClientSocket::GetPeerAddress(net::IPEndPoint*) const
E/chromium(21942): [ERROR:unix_domain_client_socket_posix.cc(101)] Not implemented reached in virtual int net::UnixDomainClientSocket::GetPeerAddress(net::IPEndPoint*) const
E/chromium(21942): [ERROR:unix_domain_client_socket_posix.cc(101)] Not implemented reached in virtual int net::UnixDomainClientSocket::GetPeerAddress(net::IPEndPoint*) const
E/chromium(21942): [ERROR:unix_domain_client_socket_posix.cc(101)] Not implemented reached in virtual int net::UnixDomainClientSocket::GetPeerAddress(net::IPEndPoint*) const
E/chromium(21942): [ERROR:unix_domain_client_socket_posix.cc(101)] Not implemented reached in virtual int net::UnixDomainClientSocket::GetPeerAddress(net::IPEndPoint*) const
E/chromium(21942): [ERROR:unix_domain_client_socket_posix.cc(101)] Not implemented reached in virtual int net::UnixDomainClientSocket::GetPeerAddress(net::IPEndPoint*) const
E/chromium(21942): [ERROR:unix_domain_client_socket_posix.cc(101)] Not implemented reached in virtual int net::UnixDomainClientSocket::GetPeerAddress(net::IPEndPoint*) const
E/chromium(21942): [ERROR:unix_domain_client_socket_posix.cc(101)] Not implemented reached in virtual int net::UnixDomainClientSocket::GetPeerAddress(net::IPEndPoint*) const
E/chromium(21942): [ERROR:unix_domain_client_socket_posix.cc(101)] Not implemented reached in virtual int net::UnixDomainClientSocket::GetPeerAddress(net::IPEndPoint*) const
E/chromium(21942): [ERROR:unix_domain_client_socket_posix.cc(101)] Not implemented reached in virtual int net::UnixDomainClientSocket::GetPeerAddress(net::IPEndPoint*) const
E/chromium(21942): [ERROR:unix_domain_client_socket_posix.cc(101)] Not implemented reached in virtual int net::UnixDomainClientSocket::GetPeerAddress(net::IPEndPoint*) const
E/chromium(21942): [ERROR:unix_domain_client_socket_posix.cc(101)] Not implemented reached in virtual int net::UnixDomainClientSocket::GetPeerAddress(net::IPEndPoint*) const
E/chromium(21942): [ERROR:unix_domain_client_socket_posix.cc(101)] Not implemented reached in virtual int net::UnixDomainClientSocket::GetPeerAddress(net::IPEndPoint*) const
E/chromium(21942): [ERROR:unix_domain_client_socket_posix.cc(101)] Not implemented reached in virtual int net::UnixDomainClientSocket::GetPeerAddress(net::IPEndPoint*) const
E/chromium(21942): [ERROR:unix_domain_client_socket_posix.cc(101)] Not implemented reached in virtual int net::UnixDomainClientSocket::GetPeerAddress(net::IPEndPoint*) const
E/chromium(21942): [ERROR:unix_domain_client_socket_posix.cc(101)] Not implemented reached in virtual int net::UnixDomainClientSocket::GetPeerAddress(net::IPEndPoint*) const
E/chromium(21942): [ERROR:unix_domain_client_socket_posix.cc(101)] Not implemented reached in virtual int net::UnixDomainClientSocket::GetPeerAddress(net::IPEndPoint*) const
E/chromium(21942): [ERROR:unix_domain_client_socket_posix.cc(101)] Not implemented reached in virtual int net::UnixDomainClientSocket::GetPeerAddress(net::IPEndPoint*) const
E/chromium(21942): [ERROR:unix_domain_client_socket_posix.cc(101)] Not implemented reached in virtual int net::UnixDomainClientSocket::GetPeerAddress(net::IPEndPoint*) const
E/chromium(21942): [ERROR:unix_domain_client_socket_posix.cc(101)] Not implemented reached in virtual int net::UnixDomainClientSocket::GetPeerAddress(net::IPEndPoint*) const
E/chromium(21942): [ERROR:unix_domain_client_socket_posix.cc(101)] Not implemented reached in virtual int net::UnixDomainClientSocket::GetPeerAddress(net::IPEndPoint*) const
E/WifiStateMachine(  751): WifiStateMachine CMD_START_SCAN source -2 txSuccessRate=0.00 rxSuccessRate=0.99 targetRoamBSSID=7c:03:4c:ba:fa:f8 RSSI=-72
E/WifiStateMachine(  751): WifiStateMachine starting scan for "Griffin Wire"WPA_PSK with 2412
I/wpa_supplicant( 1355): wlan0: CTRL-EVENT-SCAN-STARTED 
E/chromium(21942): [ERROR:unix_domain_client_socket_posix.cc(101)] Not implemented reached in virtual int net::UnixDomainClientSocket::GetPeerAddress(net::IPEndPoint*) const
E/chromium(21942): [ERROR:unix_domain_client_socket_posix.cc(101)] Not implemented reached in virtual int net::UnixDomainClientSocket::GetPeerAddress(net::IPEndPoint*) const
E/chromium(21942): [ERROR:unix_domain_client_socket_posix.cc(101)] Not implemented reached in virtual int net::UnixDomainClientSocket::GetPeerAddress(net::IPEndPoint*) const
E/chromium(21942): [ERROR:unix_domain_client_socket_posix.cc(101)] Not implemented reached in virtual int net::UnixDomainClientSocket::GetPeerAddress(net::IPEndPoint*) const
E/chromium(21942): [ERROR:unix_domain_client_socket_posix.cc(101)] Not implemented reached in virtual int net::UnixDomainClientSocket::GetPeerAddress(net::IPEndPoint*) const
E/chromium(21942): [ERROR:unix_domain_client_socket_posix.cc(101)] Not implemented reached in virtual int net::UnixDomainClientSocket::GetPeerAddress(net::IPEndPoint*) const
E/chromium(21942): [ERROR:unix_domain_client_socket_posix.cc(101)] Not implemented reached in virtual int net::UnixDomainClientSocket::GetPeerAddress(net::IPEndPoint*) const
E/chromium(21942): [ERROR:unix_domain_client_socket_posix.cc(101)] Not implemented reached in virtual int net::UnixDomainClientSocket::GetPeerAddress(net::IPEndPoint*) const
E/chromium(21942): [ERROR:unix_domain_client_socket_posix.cc(101)] Not implemented reached in virtual int net::UnixDomainClientSocket::GetPeerAddress(net::IPEndPoint*) const
E/chromium(21942): [ERROR:unix_domain_client_socket_posix.cc(101)] Not implemented reached in virtual int net::UnixDomainClientSocket::GetPeerAddress(net::IPEndPoint*) const
E/chromium(21942): [ERROR:unix_domain_client_socket_posix.cc(101)] Not implemented reached in virtual int net::UnixDomainClientSocket::GetPeerAddress(net::IPEndPoint*) const
E/chromium(21942): [ERROR:unix_domain_client_socket_posix.cc(101)] Not implemented reached in virtual int net::UnixDomainClientSocket::GetPeerAddress(net::IPEndPoint*) const
E/chromium(21942): [ERROR:unix_domain_client_socket_posix.cc(101)] Not implemented reached in virtual int net::UnixDomainClientSocket::GetPeerAddress(net::IPEndPoint*) const
E/chromium(21942): [ERROR:unix_domain_client_socket_posix.cc(101)] Not implemented reached in virtual int net::UnixDomainClientSocket::GetPeerAddress(net::IPEndPoint*) const
E/chromium(21942): [ERROR:unix_domain_client_socket_posix.cc(101)] Not implemented reached in virtual int net::UnixDomainClientSocket::GetPeerAddress(net::IPEndPoint*) const
E/chromium(21942): [ERROR:unix_domain_client_socket_posix.cc(101)] Not implemented reached in virtual int net::UnixDomainClientSocket::GetPeerAddress(net::IPEndPoint*) const
E/chromium(21942): [ERROR:unix_domain_client_socket_posix.cc(101)] Not implemented reached in virtual int net::UnixDomainClientSocket::GetPeerAddress(net::IPEndPoint*) const
E/chromium(21942): [ERROR:unix_domain_client_socket_posix.cc(101)] Not implemented reached in virtual int net::UnixDomainClientSocket::GetPeerAddress(net::IPEndPoint*) const
E/chromium(21942): [ERROR:unix_domain_client_socket_posix.cc(101)] Not implemented reached in virtual int net::UnixDomainClientSocket::GetPeerAddress(net::IPEndPoint*) const
E/chromium(21942): [ERROR:unix_domain_client_socket_posix.cc(101)] Not implemented reached in virtual int net::UnixDomainClientSocket::GetPeerAddress(net::IPEndPoint*) const
E/chromium(21942): [ERROR:unix_domain_client_socket_posix.cc(101)] Not implemented reached in virtual int net::UnixDomainClientSocket::GetPeerAddress(net::IPEndPoint*) const
E/chromium(21942): [ERROR:unix_domain_client_socket_posix.cc(101)] Not implemented reached in virtual int net::UnixDomainClientSocket::GetPeerAddress(net::IPEndPoint*) const
E/chromium(21942): [ERROR:unix_domain_client_socket_posix.cc(101)] Not implemented reached in virtual int net::UnixDomainClientSocket::GetPeerAddress(net::IPEndPoint*) const
E/chromium(21942): [ERROR:unix_domain_client_socket_posix.cc(101)] Not implemented reached in virtual int net::UnixDomainClientSocket::GetPeerAddress(net::IPEndPoint*) const
E/chromium(21942): [ERROR:unix_domain_client_socket_posix.cc(101)] Not implemented reached in virtual int net::UnixDomainClientSocket::GetPeerAddress(net::IPEndPoint*) const
E/chromium(21942): [ERROR:unix_domain_client_socket_posix.cc(101)] Not implemented reached in virtual int net::UnixDomainClientSocket::GetPeerAddress(net::IPEndPoint*) const
E/chromium(21942): [ERROR:unix_domain_client_socket_posix.cc(101)] Not implemented reached in virtual int net::UnixDomainClientSocket::GetPeerAddress(net::IPEndPoint*) const
E/chromium(21942): [ERROR:unix_domain_client_socket_posix.cc(101)] Not implemented reached in virtual int net::UnixDomainClientSocket::GetPeerAddress(net::IPEndPoint*) const
E/chromium(21942): [ERROR:unix_domain_client_socket_posix.cc(101)] Not implemented reached in virtual int net::UnixDomainClientSocket::GetPeerAddress(net::IPEndPoint*) const
E/chromium(21942): [ERROR:unix_domain_client_socket_posix.cc(101)] Not implemented reached in virtual int net::UnixDomainClientSocket::GetPeerAddress(net::IPEndPoint*) const
E/chromium(21942): [ERROR:unix_domain_client_socket_posix.cc(101)] Not implemented reached in virtual int net::UnixDomainClientSocket::GetPeerAddress(net::IPEndPoint*) const
E/chromium(21942): [ERROR:unix_domain_client_socket_posix.cc(101)] Not implemented reached in virtual int net::UnixDomainClientSocket::GetPeerAddress(net::IPEndPoint*) const
E/chromium(21942): [ERROR:unix_domain_client_socket_posix.cc(101)] Not implemented reached in virtual int net::UnixDomainClientSocket::GetPeerAddress(net::IPEndPoint*) const
E/chromium(21942): [ERROR:unix_domain_client_socket_posix.cc(101)] Not implemented reached in virtual int net::UnixDomainClientSocket::GetPeerAddress(net::IPEndPoint*) const
E/WifiStateMachine(  751): WifiStateMachine CMD_START_SCAN source -2 txSuccessRate=0.00 rxSuccessRate=2.53 targetRoamBSSID=7c:03:4c:ba:fa:f8 RSSI=-75
E/WifiStateMachine(  751): WifiStateMachine starting scan for "Griffin Wire"WPA_PSK with 2412
I/wpa_supplicant( 1355): wlan0: CTRL-EVENT-SCAN-STARTED 
E/chromium(21942): [ERROR:unix_domain_client_socket_posix.cc(101)] Not implemented reached in virtual int net::UnixDomainClientSocket::GetPeerAddress(net::IPEndPoint*) const
E/chromium(21942): [ERROR:unix_domain_client_socket_posix.cc(101)] Not implemented reached in virtual int net::UnixDomainClientSocket::GetPeerAddress(net::IPEndPoint*) const
E/chromium(21942): [ERROR:unix_domain_client_socket_posix.cc(101)] Not implemented reached in virtual int net::UnixDomainClientSocket::GetPeerAddress(net::IPEndPoint*) const
E/chromium(21942): [ERROR:unix_domain_client_socket_posix.cc(101)] Not implemented reached in virtual int net::UnixDomainClientSocket::GetPeerAddress(net::IPEndPoint*) const
E/chromium(21942): [ERROR:unix_domain_client_socket_posix.cc(101)] Not implemented reached in virtual int net::UnixDomainClientSocket::GetPeerAddress(net::IPEndPoint*) const
E/chromium(21942): [ERROR:unix_domain_client_socket_posix.cc(101)] Not implemented reached in virtual int net::UnixDomainClientSocket::GetPeerAddress(net::IPEndPoint*) const
E/chromium(21942): [ERROR:unix_domain_client_socket_posix.cc(101)] Not implemented reached in virtual int net::UnixDomainClientSocket::GetPeerAddress(net::IPEndPoint*) const
E/chromium(21942): [ERROR:unix_domain_client_socket_posix.cc(101)] Not implemented reached in virtual int net::UnixDomainClientSocket::GetPeerAddress(net::IPEndPoint*) const
E/chromium(21942): [ERROR:unix_domain_client_socket_posix.cc(101)] Not implemented reached in virtual int net::UnixDomainClientSocket::GetPeerAddress(net::IPEndPoint*) const
E/chromium(21942): [ERROR:unix_domain_client_socket_posix.cc(101)] Not implemented reached in virtual int net::UnixDomainClientSocket::GetPeerAddress(net::IPEndPoint*) const
E/chromium(21942): [ERROR:unix_domain_client_socket_posix.cc(101)] Not implemented reached in virtual int net::UnixDomainClientSocket::GetPeerAddress(net::IPEndPoint*) const
E/chromium(21942): [ERROR:unix_domain_client_socket_posix.cc(101)] Not implemented reached in virtual int net::UnixDomainClientSocket::GetPeerAddress(net::IPEndPoint*) const
E/chromium(21942): [ERROR:unix_domain_client_socket_posix.cc(101)] Not implemented reached in virtual int net::UnixDomainClientSocket::GetPeerAddress(net::IPEndPoint*) const
E/chromium(21942): [ERROR:unix_domain_client_socket_posix.cc(101)] Not implemented reached in virtual int net::UnixDomainClientSocket::GetPeerAddress(net::IPEndPoint*) const
E/chromium(21942): [ERROR:unix_domain_client_socket_posix.cc(101)] Not implemented reached in virtual int net::UnixDomainClientSocket::GetPeerAddress(net::IPEndPoint*) const
E/chromium(21942): [ERROR:unix_domain_client_socket_posix.cc(101)] Not implemented reached in virtual int net::UnixDomainClientSocket::GetPeerAddress(net::IPEndPoint*) const
E/chromium(21942): [ERROR:unix_domain_client_socket_posix.cc(101)] Not implemented reached in virtual int net::UnixDomainClientSocket::GetPeerAddress(net::IPEndPoint*) const
E/chromium(21942): [ERROR:unix_domain_client_socket_posix.cc(101)] Not implemented reached in virtual int net::UnixDomainClientSocket::GetPeerAddress(net::IPEndPoint*) const
E/chromium(21942): [ERROR:unix_domain_client_socket_posix.cc(101)] Not implemented reached in virtual int net::UnixDomainClientSocket::GetPeerAddress(net::IPEndPoint*) const
E/chromium(21942): [ERROR:unix_domain_client_socket_posix.cc(101)] Not implemented reached in virtual int net::UnixDomainClientSocket::GetPeerAddress(net::IPEndPoint*) const
E/chromium(21942): [ERROR:unix_domain_client_socket_posix.cc(101)] Not implemented reached in virtual int net::UnixDomainClientSocket::GetPeerAddress(net::IPEndPoint*) const
E/chromium(21942): [ERROR:unix_domain_client_socket_posix.cc(101)] Not implemented reached in virtual int net::UnixDomainClientSocket::GetPeerAddress(net::IPEndPoint*) const
E/chromium(21942): [ERROR:unix_domain_client_socket_posix.cc(101)] Not implemented reached in virtual int net::UnixDomainClientSocket::GetPeerAddress(net::IPEndPoint*) const
E/chromium(21942): [ERROR:unix_domain_client_socket_posix.cc(101)] Not implemented reached in virtual int net::UnixDomainClientSocket::GetPeerAddress(net::IPEndPoint*) const
E/chromium(21942): [ERROR:unix_domain_client_socket_posix.cc(101)] Not implemented reached in virtual int net::UnixDomainClientSocket::GetPeerAddress(net::IPEndPoint*) const
E/chromium(21942): [ERROR:unix_domain_client_socket_posix.cc(101)] Not implemented reached in virtual int net::UnixDomainClientSocket::GetPeerAddress(net::IPEndPoint*) const
E/chromium(21942): [ERROR:unix_domain_client_socket_posix.cc(101)] Not implemented reached in virtual int net::UnixDomainClientSocket::GetPeerAddress(net::IPEndPoint*) const
E/chromium(21942): [ERROR:unix_domain_client_socket_posix.cc(101)] Not implemented reached in virtual int net::UnixDomainClientSocket::GetPeerAddress(net::IPEndPoint*) const
E/chromium(21942): [ERROR:unix_domain_client_socket_posix.cc(101)] Not implemented reached in virtual int net::UnixDomainClientSocket::GetPeerAddress(net::IPEndPoint*) const
E/chromium(21942): [ERROR:unix_domain_client_socket_posix.cc(101)] Not implemented reached in virtual int net::UnixDomainClientSocket::GetPeerAddress(net::IPEndPoint*) const
E/chromium(21942): [ERROR:unix_domain_client_socket_posix.cc(101)] Not implemented reached in virtual int net::UnixDomainClientSocket::GetPeerAddress(net::IPEndPoint*) const
E/chromium(21942): [ERROR:unix_domain_client_socket_posix.cc(101)] Not implemented reached in virtual int net::UnixDomainClientSocket::GetPeerAddress(net::IPEndPoint*) const
E/chromium(21942): [ERROR:unix_domain_client_socket_posix.cc(101)] Not implemented reached in virtual int net::UnixDomainClientSocket::GetPeerAddress(net::IPEndPoint*) const
E/chromium(21942): [ERROR:unix_domain_client_socket_posix.cc(101)] Not implemented reached in virtual int net::UnixDomainClientSocket::GetPeerAddress(net::IPEndPoint*) const
E/WifiStateMachine(  751): WifiStateMachine CMD_START_SCAN source -2 txSuccessRate=0.02 rxSuccessRate=3.12 targetRoamBSSID=7c:03:4c:ba:fa:f8 RSSI=-76
E/WifiStateMachine(  751): WifiStateMachine starting scan for "Griffin Wire"WPA_PSK with 2412
I/wpa_supplicant( 1355): wlan0: CTRL-EVENT-SCAN-STARTED 
E/chromium(21942): [ERROR:unix_domain_client_socket_posix.cc(101)] Not implemented reached in virtual int net::UnixDomainClientSocket::GetPeerAddress(net::IPEndPoint*) const
E/chromium(21942): [ERROR:unix_domain_client_socket_posix.cc(101)] Not implemented reached in virtual int net::UnixDomainClientSocket::GetPeerAddress(net::IPEndPoint*) const
E/chromium(21942): [ERROR:unix_domain_client_socket_posix.cc(101)] Not implemented reached in virtual int net::UnixDomainClientSocket::GetPeerAddress(net::IPEndPoint*) const
E/chromium(21942): [ERROR:unix_domain_client_socket_posix.cc(101)] Not implemented reached in virtual int net::UnixDomainClientSocket::GetPeerAddress(net::IPEndPoint*) const
E/chromium(21942): [ERROR:unix_domain_client_socket_posix.cc(101)] Not implemented reached in virtual int net::UnixDomainClientSocket::GetPeerAddress(net::IPEndPoint*) const
E/chromium(21942): [ERROR:unix_domain_client_socket_posix.cc(101)] Not implemented reached in virtual int net::UnixDomainClientSocket::GetPeerAddress(net::IPEndPoint*) const
E/chromium(21942): [ERROR:unix_domain_client_socket_posix.cc(101)] Not implemented reached in virtual int net::UnixDomainClientSocket::GetPeerAddress(net::IPEndPoint*) const
E/chromium(21942): [ERROR:unix_domain_client_socket_posix.cc(101)] Not implemented reached in virtual int net::UnixDomainClientSocket::GetPeerAddress(net::IPEndPoint*) const
E/chromium(21942): [ERROR:unix_domain_client_socket_posix.cc(101)] Not implemented reached in virtual int net::UnixDomainClientSocket::GetPeerAddress(net::IPEndPoint*) const
E/chromium(21942): [ERROR:unix_domain_client_socket_posix.cc(101)] Not implemented reached in virtual int net::UnixDomainClientSocket::GetPeerAddress(net::IPEndPoint*) const
E/chromium(21942): [ERROR:unix_domain_client_socket_posix.cc(101)] Not implemented reached in virtual int net::UnixDomainClientSocket::GetPeerAddress(net::IPEndPoint*) const
E/chromium(21942): [ERROR:unix_domain_client_socket_posix.cc(101)] Not implemented reached in virtual int net::UnixDomainClientSocket::GetPeerAddress(net::IPEndPoint*) const
E/chromium(21942): [ERROR:unix_domain_client_socket_posix.cc(101)] Not implemented reached in virtual int net::UnixDomainClientSocket::GetPeerAddress(net::IPEndPoint*) const
E/chromium(21942): [ERROR:unix_domain_client_socket_posix.cc(101)] Not implemented reached in virtual int net::UnixDomainClientSocket::GetPeerAddress(net::IPEndPoint*) const
E/chromium(21942): [ERROR:unix_domain_client_socket_posix.cc(101)] Not implemented reached in virtual int net::UnixDomainClientSocket::GetPeerAddress(net::IPEndPoint*) const
E/chromium(21942): [ERROR:unix_domain_client_socket_posix.cc(101)] Not implemented reached in virtual int net::UnixDomainClientSocket::GetPeerAddress(net::IPEndPoint*) const
E/chromium(21942): [ERROR:unix_domain_client_socket_posix.cc(101)] Not implemented reached in virtual int net::UnixDomainClientSocket::GetPeerAddress(net::IPEndPoint*) const
E/chromium(21942): [ERROR:unix_domain_client_socket_posix.cc(101)] Not implemented reached in virtual int net::UnixDomainClientSocket::GetPeerAddress(net::IPEndPoint*) const
E/chromium(21942): [ERROR:unix_domain_client_socket_posix.cc(101)] Not implemented reached in virtual int net::UnixDomainClientSocket::GetPeerAddress(net::IPEndPoint*) const
E/chromium(21942): [ERROR:unix_domain_client_socket_posix.cc(101)] Not implemented reached in virtual int net::UnixDomainClientSocket::GetPeerAddress(net::IPEndPoint*) const
E/chromium(21942): [ERROR:unix_domain_client_socket_posix.cc(101)] Not implemented reached in virtual int net::UnixDomainClientSocket::GetPeerAddress(net::IPEndPoint*) const
E/chromium(21942): [ERROR:unix_domain_client_socket_posix.cc(101)] Not implemented reached in virtual int net::UnixDomainClientSocket::GetPeerAddress(net::IPEndPoint*) const
E/chromium(21942): [ERROR:unix_domain_client_socket_posix.cc(101)] Not implemented reached in virtual int net::UnixDomainClientSocket::GetPeerAddress(net::IPEndPoint*) const
E/chromium(21942): [ERROR:unix_domain_client_socket_posix.cc(101)] Not implemented reached in virtual int net::UnixDomainClientSocket::GetPeerAddress(net::IPEndPoint*) const
E/chromium(21942): [ERROR:unix_domain_client_socket_posix.cc(101)] Not implemented reached in virtual int net::UnixDomainClientSocket::GetPeerAddress(net::IPEndPoint*) const
E/chromium(21942): [ERROR:unix_domain_client_socket_posix.cc(101)] Not implemented reached in virtual int net::UnixDomainClientSocket::GetPeerAddress(net::IPEndPoint*) const
E/chromium(21942): [ERROR:unix_domain_client_socket_posix.cc(101)] Not implemented reached in virtual int net::UnixDomainClientSocket::GetPeerAddress(net::IPEndPoint*) const
E/chromium(21942): [ERROR:unix_domain_client_socket_posix.cc(101)] Not implemented reached in virtual int net::UnixDomainClientSocket::GetPeerAddress(net::IPEndPoint*) const
E/chromium(21942): [ERROR:unix_domain_client_socket_posix.cc(101)] Not implemented reached in virtual int net::UnixDomainClientSocket::GetPeerAddress(net::IPEndPoint*) const
E/chromium(21942): [ERROR:unix_domain_client_socket_posix.cc(101)] Not implemented reached in virtual int net::UnixDomainClientSocket::GetPeerAddress(net::IPEndPoint*) const
E/chromium(21942): [ERROR:unix_domain_client_socket_posix.cc(101)] Not implemented reached in virtual int net::UnixDomainClientSocket::GetPeerAddress(net::IPEndPoint*) const
E/chromium(21942): [ERROR:unix_domain_client_socket_posix.cc(101)] Not implemented reached in virtual int net::UnixDomainClientSocket::GetPeerAddress(net::IPEndPoint*) const
E/chromium(21942): [ERROR:unix_domain_client_socket_posix.cc(101)] Not implemented reached in virtual int net::UnixDomainClientSocket::GetPeerAddress(net::IPEndPoint*) const
E/chromium(21942): [ERROR:unix_domain_client_socket_posix.cc(101)] Not implemented reached in virtual int net::UnixDomainClientSocket::GetPeerAddress(net::IPEndPoint*) const
E/chromium(21942): [ERROR:unix_domain_client_socket_posix.cc(101)] Not implemented reached in virtual int net::UnixDomainClientSocket::GetPeerAddress(net::IPEndPoint*) const
E/chromium(21942): [ERROR:unix_domain_client_socket_posix.cc(101)] Not implemented reached in virtual int net::UnixDomainClientSocket::GetPeerAddress(net::IPEndPoint*) const
E/chromium(21942): [ERROR:unix_domain_client_socket_posix.cc(101)] Not implemented reached in virtual int net::UnixDomainClientSocket::GetPeerAddress(net::IPEndPoint*) const
E/chromium(21942): [ERROR:unix_domain_client_socket_posix.cc(101)] Not implemented reached in virtual int net::UnixDomainClientSocket::GetPeerAddress(net::IPEndPoint*) const
E/chromium(21942): [ERROR:unix_domain_client_socket_posix.cc(101)] Not implemented reached in virtual int net::UnixDomainClientSocket::GetPeerAddress(net::IPEndPoint*) const
E/chromium(21942): [ERROR:unix_domain_client_socket_posix.cc(101)] Not implemented reached in virtual int net::UnixDomainClientSocket::GetPeerAddress(net::IPEndPoint*) const
E/chromium(21942): [ERROR:unix_domain_client_socket_posix.cc(101)] Not implemented reached in virtual int net::UnixDomainClientSocket::GetPeerAddress(net::IPEndPoint*) const
E/chromium(21942): [ERROR:unix_domain_client_socket_posix.cc(101)] Not implemented reached in virtual int net::UnixDomainClientSocket::GetPeerAddress(net::IPEndPoint*) const
I/Fitness ( 3209): FlushServiceReceiver.onReceive
E/WifiStateMachine(  751): WifiStateMachine CMD_START_SCAN source -2 txSuccessRate=0.13 rxSuccessRate=1.78 targetRoamBSSID=7c:03:4c:ba:fa:f8 RSSI=-75
E/WifiStateMachine(  751): WifiStateMachine starting scan for "Griffin Wire"WPA_PSK with 2412
I/wpa_supplicant( 1355): wlan0: CTRL-EVENT-SCAN-STARTED 
I/ConfigFetchService(22915): onStartCommand Intent { act=com.google.android.gms.gcm.ACTION_TASK_READY cmp=com.google.android.gms/.config.ConfigFetchService (has extras) }
I/ConfigFetchService(22915): running network task: configservice_periodic
I/ConfigFetchService(22915): launchTask
I/ConfigService( 3230): onCreate
I/ConfigService( 3230): onBind for Intent { act=com.google.android.gms.config.UPDATE pkg=com.google.android.gms } action com.google.android.gms.config.UPDATE
I/ConfigService( 3230): onBind returning update interface
I/ConfigService( 3230): onBind for Intent { act=com.google.android.gms.config.START pkg=com.google.android.gms } action com.google.android.gms.config.START
I/ConfigService( 3230): onBind returning config service
I/ConfigFetchService(22915): service connected
I/ConfigClient(22915): service connected
E/chromium(21942): [ERROR:unix_domain_client_socket_posix.cc(101)] Not implemented reached in virtual int net::UnixDomainClientSocket::GetPeerAddress(net::IPEndPoint*) const
E/chromium(21942): [ERROR:unix_domain_client_socket_posix.cc(101)] Not implemented reached in virtual int net::UnixDomainClientSocket::GetPeerAddress(net::IPEndPoint*) const
E/chromium(21942): [ERROR:unix_domain_client_socket_posix.cc(101)] Not implemented reached in virtual int net::UnixDomainClientSocket::GetPeerAddress(net::IPEndPoint*) const
E/chromium(21942): [ERROR:unix_domain_client_socket_posix.cc(101)] Not implemented reached in virtual int net::UnixDomainClientSocket::GetPeerAddress(net::IPEndPoint*) const
E/chromium(21942): [ERROR:unix_domain_client_socket_posix.cc(101)] Not implemented reached in virtual int net::UnixDomainClientSocket::GetPeerAddress(net::IPEndPoint*) const
E/chromium(21942): [ERROR:unix_domain_client_socket_posix.cc(101)] Not implemented reached in virtual int net::UnixDomainClientSocket::GetPeerAddress(net::IPEndPoint*) const
E/chromium(21942): [ERROR:unix_domain_client_socket_posix.cc(101)] Not implemented reached in virtual int net::UnixDomainClientSocket::GetPeerAddress(net::IPEndPoint*) const
E/chromium(21942): [ERROR:unix_domain_client_socket_posix.cc(101)] Not implemented reached in virtual int net::UnixDomainClientSocket::GetPeerAddress(net::IPEndPoint*) const
E/chromium(21942): [ERROR:unix_domain_client_socket_posix.cc(101)] Not implemented reached in virtual int net::UnixDomainClientSocket::GetPeerAddress(net::IPEndPoint*) const
E/chromium(21942): [ERROR:unix_domain_client_socket_posix.cc(101)] Not implemented reached in virtual int net::UnixDomainClientSocket::GetPeerAddress(net::IPEndPoint*) const
E/chromium(21942): [ERROR:unix_domain_client_socket_posix.cc(101)] Not implemented reached in virtual int net::UnixDomainClientSocket::GetPeerAddress(net::IPEndPoint*) const
E/chromium(21942): [ERROR:unix_domain_client_socket_posix.cc(101)] Not implemented reached in virtual int net::UnixDomainClientSocket::GetPeerAddress(net::IPEndPoint*) const
E/chromium(21942): [ERROR:unix_domain_client_socket_posix.cc(101)] Not implemented reached in virtual int net::UnixDomainClientSocket::GetPeerAddress(net::IPEndPoint*) const
E/chromium(21942): [ERROR:unix_domain_client_socket_posix.cc(101)] Not implemented reached in virtual int net::UnixDomainClientSocket::GetPeerAddress(net::IPEndPoint*) const
E/chromium(21942): [ERROR:unix_domain_client_socket_posix.cc(101)] Not implemented reached in virtual int net::UnixDomainClientSocket::GetPeerAddress(net::IPEndPoint*) const
E/chromium(21942): [ERROR:unix_domain_client_socket_posix.cc(101)] Not implemented reached in virtual int net::UnixDomainClientSocket::GetPeerAddress(net::IPEndPoint*) const
E/chromium(21942): [ERROR:unix_domain_client_socket_posix.cc(101)] Not implemented reached in virtual int net::UnixDomainClientSocket::GetPeerAddress(net::IPEndPoint*) const
E/chromium(21942): [ERROR:unix_domain_client_socket_posix.cc(101)] Not implemented reached in virtual int net::UnixDomainClientSocket::GetPeerAddress(net::IPEndPoint*) const
V/ConfigFetchTask(22915): ConfigFetchTask getDeviceDataVersionInfo(): ABFEt1V2DZK4NKHtVehC1FOb7kIJnmAbH5Twco8eN50b-c2ZdYpmti2hx0UDV3B8y-zwt7MEfu9VKImN9AOZHVjrXKx56q9WLR8GjwMwRpC6u_hCJdBVPBhsYZP9CiU6E0R7rS_ipJ02b52yxmhIVwM8uNTb8dvhdOmnH4EnIbZzPCIc1FvbV-ywDQu2zSE34agCxBGVI2gN
I/GoogleHttpClient(22915): Falling back to old SSLCertificateSocketFactory
I/ConfigFetchService(22915): fetch service done; releasing wakelock
I/ConfigFetchService(22915): stopping self
I/ConfigService( 3230): onDestroy
D/ConnectivityService(  751): updateNetworkScore for NetworkAgentInfo [WIFI () - 114] to 60
D/ConnectivityService(  751): rematching NetworkAgentInfo [WIFI () - 114]
D/ConnectivityService(  751): Network NetworkAgentInfo [WIFI () - 114] was already satisfying request 1. No change.
D/ConnectivityService(  751): notifyType AVAILABLE for NetworkAgentInfo [WIFI () - 114]
D/ConnectivityManager.CallbackHandler( 1488): CM callback handler got msg 524290
E/chromium(21942): [ERROR:unix_domain_client_socket_posix.cc(101)] Not implemented reached in virtual int net::UnixDomainClientSocket::GetPeerAddress(net::IPEndPoint*) const
E/chromium(21942): [ERROR:unix_domain_client_socket_posix.cc(101)] Not implemented reached in virtual int net::UnixDomainClientSocket::GetPeerAddress(net::IPEndPoint*) const
