E/chromium(21942): [ERROR:unix_domain_client_socket_posix.cc(101)] Not implemented reached in virtual int net::UnixDomainClientSocket::GetPeerAddress(net::IPEndPoint*) const
E/chromium(21942): [ERROR:unix_domain_client_socket_posix.cc(101)] Not implemented reached in virtual int net::UnixDomainClientSocket::GetPeerAddress(net::IPEndPoint*) const
E/chromium(21942): [ERROR:unix_domain_client_socket_posix.cc(101)] Not implemented reached in virtual int net::UnixDomainClientSocket::GetPeerAddress(net::IPEndPoint*) const
E/chromium(21942): [ERROR:unix_domain_client_socket_posix.cc(101)] Not implemented reached in virtual int net::UnixDomainClientSocket::GetPeerAddress(net::IPEndPoint*) const
E/chromium(21942): [ERROR:unix_domain_client_socket_posix.cc(101)] Not implemented reached in virtual int net::UnixDomainClientSocket::GetPeerAddress(net::IPEndPoint*) const
E/chromium(21942): [ERROR:unix_domain_client_socket_posix.cc(101)] Not implemented reached in virtual int net::UnixDomainClientSocket::GetPeerAddress(net::IPEndPoint*) const
E/chromium(21942): [ERROR:unix_domain_client_socket_posix.cc(101)] Not implemented reached in virtual int net::UnixDomainClientSocket::GetPeerAddress(net::IPEndPoint*) const
E/chromium(21942): [ERROR:unix_domain_client_socket_posix.cc(101)] Not implemented reached in virtual int net::UnixDomainClientSocket::GetPeerAddress(net::IPEndPoint*) const
E/WifiStateMachine(  751): WifiStateMachine CMD_START_SCAN source -2 txSuccessRate=5.00 rxSuccessRate=5.87 targetRoamBSSID=7c:03:4c:ba:fa:f8 RSSI=-75
E/WifiStateMachine(  751): WifiStateMachine starting scan for "Griffin Wire"WPA_PSK with 2412
I/wpa_supplicant( 1355): wlan0: CTRL-EVENT-SCAN-STARTED 
E/chromium(21942): [ERROR:unix_domain_client_socket_posix.cc(101)] Not implemented reached in virtual int net::UnixDomainClientSocket::GetPeerAddress(net::IPEndPoint*) const
E/chromium(21942): [ERROR:unix_domain_client_socket_posix.cc(101)] Not implemented reached in virtual int net::UnixDomainClientSocket::GetPeerAddress(net::IPEndPoint*) const
D/ConnectivityService(  751): updateNetworkScore for NetworkAgentInfo [WIFI () - 114] to 56
D/ConnectivityService(  751): rematching NetworkAgentInfo [WIFI () - 114]
D/ConnectivityService(  751): Network NetworkAgentInfo [WIFI () - 114] was already satisfying request 1. No change.
D/ConnectivityService(  751): notifyType AVAILABLE for NetworkAgentInfo [WIFI () - 114]
D/ConnectivityManager.CallbackHandler( 1488): CM callback handler got msg 524290
E/chromium(21942): [ERROR:unix_domain_client_socket_posix.cc(101)] Not implemented reached in virtual int net::UnixDomainClientSocket::GetPeerAddress(net::IPEndPoint*) const
E/chromium(21942): [ERROR:unix_domain_client_socket_posix.cc(101)] Not implemented reached in virtual int net::UnixDomainClientSocket::GetPeerAddress(net::IPEndPoint*) const
E/chromium(21942): [ERROR:unix_domain_client_socket_posix.cc(101)] Not implemented reached in virtual int net::UnixDomainClientSocket::GetPeerAddress(net::IPEndPoint*) const
E/chromium(21942): [ERROR:unix_domain_client_socket_posix.cc(101)] Not implemented reached in virtual int net::UnixDomainClientSocket::GetPeerAddress(net::IPEndPoint*) const
E/chromium(21942): [ERROR:unix_domain_client_socket_posix.cc(101)] Not implemented reached in virtual int net::UnixDomainClientSocket::GetPeerAddress(net::IPEndPoint*) const
E/chromium(21942): [ERROR:unix_domain_client_socket_posix.cc(101)] Not implemented reached in virtual int net::UnixDomainClientSocket::GetPeerAddress(net::IPEndPoint*) const
E/chromium(21942): [ERROR:unix_domain_client_socket_posix.cc(101)] Not implemented reached in virtual int net::UnixDomainClientSocket::GetPeerAddress(net::IPEndPoint*) const
E/chromium(21942): [ERROR:unix_domain_client_socket_posix.cc(101)] Not implemented reached in virtual int net::UnixDomainClientSocket::GetPeerAddress(net::IPEndPoint*) const
E/chromium(21942): [ERROR:unix_domain_client_socket_posix.cc(101)] Not implemented reached in virtual int net::UnixDomainClientSocket::GetPeerAddress(net::IPEndPoint*) const
E/chromium(21942): [ERROR:unix_domain_client_socket_posix.cc(101)] Not implemented reached in virtual int net::UnixDomainClientSocket::GetPeerAddress(net::IPEndPoint*) const
E/chromium(21942): [ERROR:unix_domain_client_socket_posix.cc(101)] Not implemented reached in virtual int net::UnixDomainClientSocket::GetPeerAddress(net::IPEndPoint*) const
E/chromium(21942): [ERROR:unix_domain_client_socket_posix.cc(101)] Not implemented reached in virtual int net::UnixDomainClientSocket::GetPeerAddress(net::IPEndPoint*) const
E/chromium(21942): [ERROR:unix_domain_client_socket_posix.cc(101)] Not implemented reached in virtual int net::UnixDomainClientSocket::GetPeerAddress(net::IPEndPoint*) const
E/chromium(21942): [ERROR:unix_domain_client_socket_posix.cc(101)] Not implemented reached in virtual int net::UnixDomainClientSocket::GetPeerAddress(net::IPEndPoint*) const
E/chromium(21942): [ERROR:unix_domain_client_socket_posix.cc(101)] Not implemented reached in virtual int net::UnixDomainClientSocket::GetPeerAddress(net::IPEndPoint*) const
E/chromium(21942): [ERROR:unix_domain_client_socket_posix.cc(101)] Not implemented reached in virtual int net::UnixDomainClientSocket::GetPeerAddress(net::IPEndPoint*) const
E/chromium(21942): [ERROR:unix_domain_client_socket_posix.cc(101)] Not implemented reached in virtual int net::UnixDomainClientSocket::GetPeerAddress(net::IPEndPoint*) const
E/chromium(21942): [ERROR:unix_domain_client_socket_posix.cc(101)] Not implemented reached in virtual int net::UnixDomainClientSocket::GetPeerAddress(net::IPEndPoint*) const
E/chromium(21942): [ERROR:unix_domain_client_socket_posix.cc(101)] Not implemented reached in virtual int net::UnixDomainClientSocket::GetPeerAddress(net::IPEndPoint*) const
E/chromium(21942): [ERROR:unix_domain_client_socket_posix.cc(101)] Not implemented reached in virtual int net::UnixDomainClientSocket::GetPeerAddress(net::IPEndPoint*) const
E/chromium(21942): [ERROR:unix_domain_client_socket_posix.cc(101)] Not implemented reached in virtual int net::UnixDomainClientSocket::GetPeerAddress(net::IPEndPoint*) const
E/chromium(21942): [ERROR:unix_domain_client_socket_posix.cc(101)] Not implemented reached in virtual int net::UnixDomainClientSocket::GetPeerAddress(net::IPEndPoint*) const
E/chromium(21942): [ERROR:unix_domain_client_socket_posix.cc(101)] Not implemented reached in virtual int net::UnixDomainClientSocket::GetPeerAddress(net::IPEndPoint*) const
E/chromium(21942): [ERROR:unix_domain_client_socket_posix.cc(101)] Not implemented reached in virtual int net::UnixDomainClientSocket::GetPeerAddress(net::IPEndPoint*) const
E/chromium(21942): [ERROR:unix_domain_client_socket_posix.cc(101)] Not implemented reached in virtual int net::UnixDomainClientSocket::GetPeerAddress(net::IPEndPoint*) const
E/chromium(21942): [ERROR:unix_domain_client_socket_posix.cc(101)] Not implemented reached in virtual int net::UnixDomainClientSocket::GetPeerAddress(net::IPEndPoint*) const
E/chromium(21942): [ERROR:unix_domain_client_socket_posix.cc(101)] Not implemented reached in virtual int net::UnixDomainClientSocket::GetPeerAddress(net::IPEndPoint*) const
E/chromium(21942): [ERROR:unix_domain_client_socket_posix.cc(101)] Not implemented reached in virtual int net::UnixDomainClientSocket::GetPeerAddress(net::IPEndPoint*) const
E/chromium(21942): [ERROR:unix_domain_client_socket_posix.cc(101)] Not implemented reached in virtual int net::UnixDomainClientSocket::GetPeerAddress(net::IPEndPoint*) const
E/chromium(21942): [ERROR:unix_domain_client_socket_posix.cc(101)] Not implemented reached in virtual int net::UnixDomainClientSocket::GetPeerAddress(net::IPEndPoint*) const
E/chromium(21942): [ERROR:unix_domain_client_socket_posix.cc(101)] Not implemented reached in virtual int net::UnixDomainClientSocket::GetPeerAddress(net::IPEndPoint*) const
E/chromium(21942): [ERROR:unix_domain_client_socket_posix.cc(101)] Not implemented reached in virtual int net::UnixDomainClientSocket::GetPeerAddress(net::IPEndPoint*) const
E/WifiStateMachine(  751): WifiStateMachine CMD_START_SCAN source -2 txSuccessRate=0.69 rxSuccessRate=2.05 targetRoamBSSID=7c:03:4c:ba:fa:f8 RSSI=-76
E/WifiStateMachine(  751): WifiStateMachine starting scan for "Griffin Wire"WPA_PSK with 2412
I/wpa_supplicant( 1355): wlan0: CTRL-EVENT-SCAN-STARTED 
E/chromium(21942): [ERROR:unix_domain_client_socket_posix.cc(101)] Not implemented reached in virtual int net::UnixDomainClientSocket::GetPeerAddress(net::IPEndPoint*) const
E/chromium(21942): [ERROR:unix_domain_client_socket_posix.cc(101)] Not implemented reached in virtual int net::UnixDomainClientSocket::GetPeerAddress(net::IPEndPoint*) const
E/chromium(21942): [ERROR:unix_domain_client_socket_posix.cc(101)] Not implemented reached in virtual int net::UnixDomainClientSocket::GetPeerAddress(net::IPEndPoint*) const
E/chromium(21942): [ERROR:unix_domain_client_socket_posix.cc(101)] Not implemented reached in virtual int net::UnixDomainClientSocket::GetPeerAddress(net::IPEndPoint*) const
E/chromium(21942): [ERROR:unix_domain_client_socket_posix.cc(101)] Not implemented reached in virtual int net::UnixDomainClientSocket::GetPeerAddress(net::IPEndPoint*) const
E/chromium(21942): [ERROR:unix_domain_client_socket_posix.cc(101)] Not implemented reached in virtual int net::UnixDomainClientSocket::GetPeerAddress(net::IPEndPoint*) const
E/chromium(21942): [ERROR:unix_domain_client_socket_posix.cc(101)] Not implemented reached in virtual int net::UnixDomainClientSocket::GetPeerAddress(net::IPEndPoint*) const
E/chromium(21942): [ERROR:unix_domain_client_socket_posix.cc(101)] Not implemented reached in virtual int net::UnixDomainClientSocket::GetPeerAddress(net::IPEndPoint*) const
E/chromium(21942): [ERROR:unix_domain_client_socket_posix.cc(101)] Not implemented reached in virtual int net::UnixDomainClientSocket::GetPeerAddress(net::IPEndPoint*) const
E/chromium(21942): [ERROR:unix_domain_client_socket_posix.cc(101)] Not implemented reached in virtual int net::UnixDomainClientSocket::GetPeerAddress(net::IPEndPoint*) const
E/chromium(21942): [ERROR:unix_domain_client_socket_posix.cc(101)] Not implemented reached in virtual int net::UnixDomainClientSocket::GetPeerAddress(net::IPEndPoint*) const
E/chromium(21942): [ERROR:unix_domain_client_socket_posix.cc(101)] Not implemented reached in virtual int net::UnixDomainClientSocket::GetPeerAddress(net::IPEndPoint*) const
E/chromium(21942): [ERROR:unix_domain_client_socket_posix.cc(101)] Not implemented reached in virtual int net::UnixDomainClientSocket::GetPeerAddress(net::IPEndPoint*) const
E/chromium(21942): [ERROR:unix_domain_client_socket_posix.cc(101)] Not implemented reached in virtual int net::UnixDomainClientSocket::GetPeerAddress(net::IPEndPoint*) const
E/chromium(21942): [ERROR:unix_domain_client_socket_posix.cc(101)] Not implemented reached in virtual int net::UnixDomainClientSocket::GetPeerAddress(net::IPEndPoint*) const
E/chromium(21942): [ERROR:unix_domain_client_socket_posix.cc(101)] Not implemented reached in virtual int net::UnixDomainClientSocket::GetPeerAddress(net::IPEndPoint*) const
E/chromium(21942): [ERROR:unix_domain_client_socket_posix.cc(101)] Not implemented reached in virtual int net::UnixDomainClientSocket::GetPeerAddress(net::IPEndPoint*) const
E/chromium(21942): [ERROR:unix_domain_client_socket_posix.cc(101)] Not implemented reached in virtual int net::UnixDomainClientSocket::GetPeerAddress(net::IPEndPoint*) const
E/chromium(21942): [ERROR:unix_domain_client_socket_posix.cc(101)] Not implemented reached in virtual int net::UnixDomainClientSocket::GetPeerAddress(net::IPEndPoint*) const
E/chromium(21942): [ERROR:unix_domain_client_socket_posix.cc(101)] Not implemented reached in virtual int net::UnixDomainClientSocket::GetPeerAddress(net::IPEndPoint*) const
E/chromium(21942): [ERROR:unix_domain_client_socket_posix.cc(101)] Not implemented reached in virtual int net::UnixDomainClientSocket::GetPeerAddress(net::IPEndPoint*) const
E/chromium(21942): [ERROR:unix_domain_client_socket_posix.cc(101)] Not implemented reached in virtual int net::UnixDomainClientSocket::GetPeerAddress(net::IPEndPoint*) const
E/chromium(21942): [ERROR:unix_domain_client_socket_posix.cc(101)] Not implemented reached in virtual int net::UnixDomainClientSocket::GetPeerAddress(net::IPEndPoint*) const
E/chromium(21942): [ERROR:unix_domain_client_socket_posix.cc(101)] Not implemented reached in virtual int net::UnixDomainClientSocket::GetPeerAddress(net::IPEndPoint*) const
E/chromium(21942): [ERROR:unix_domain_client_socket_posix.cc(101)] Not implemented reached in virtual int net::UnixDomainClientSocket::GetPeerAddress(net::IPEndPoint*) const
E/chromium(21942): [ERROR:unix_domain_client_socket_posix.cc(101)] Not implemented reached in virtual int net::UnixDomainClientSocket::GetPeerAddress(net::IPEndPoint*) const
E/chromium(21942): [ERROR:unix_domain_client_socket_posix.cc(101)] Not implemented reached in virtual int net::UnixDomainClientSocket::GetPeerAddress(net::IPEndPoint*) const
E/chromium(21942): [ERROR:unix_domain_client_socket_posix.cc(101)] Not implemented reached in virtual int net::UnixDomainClientSocket::GetPeerAddress(net::IPEndPoint*) const
E/chromium(21942): [ERROR:unix_domain_client_socket_posix.cc(101)] Not implemented reached in virtual int net::UnixDomainClientSocket::GetPeerAddress(net::IPEndPoint*) const
E/chromium(21942): [ERROR:unix_domain_client_socket_posix.cc(101)] Not implemented reached in virtual int net::UnixDomainClientSocket::GetPeerAddress(net::IPEndPoint*) const
E/chromium(21942): [ERROR:unix_domain_client_socket_posix.cc(101)] Not implemented reached in virtual int net::UnixDomainClientSocket::GetPeerAddress(net::IPEndPoint*) const
E/chromium(21942): [ERROR:unix_domain_client_socket_posix.cc(101)] Not implemented reached in virtual int net::UnixDomainClientSocket::GetPeerAddress(net::IPEndPoint*) const
E/chromium(21942): [ERROR:unix_domain_client_socket_posix.cc(101)] Not implemented reached in virtual int net::UnixDomainClientSocket::GetPeerAddress(net::IPEndPoint*) const
E/chromium(21942): [ERROR:unix_domain_client_socket_posix.cc(101)] Not implemented reached in virtual int net::UnixDomainClientSocket::GetPeerAddress(net::IPEndPoint*) const
E/chromium(21942): [ERROR:unix_domain_client_socket_posix.cc(101)] Not implemented reached in virtual int net::UnixDomainClientSocket::GetPeerAddress(net::IPEndPoint*) const
E/chromium(21942): [ERROR:unix_domain_client_socket_posix.cc(101)] Not implemented reached in virtual int net::UnixDomainClientSocket::GetPeerAddress(net::IPEndPoint*) const
E/chromium(21942): [ERROR:unix_domain_client_socket_posix.cc(101)] Not implemented reached in virtual int net::UnixDomainClientSocket::GetPeerAddress(net::IPEndPoint*) const
E/chromium(21942): [ERROR:unix_domain_client_socket_posix.cc(101)] Not implemented reached in virtual int net::UnixDomainClientSocket::GetPeerAddress(net::IPEndPoint*) const
E/chromium(21942): [ERROR:unix_domain_client_socket_posix.cc(101)] Not implemented reached in virtual int net::UnixDomainClientSocket::GetPeerAddress(net::IPEndPoint*) const
E/chromium(21942): [ERROR:unix_domain_client_socket_posix.cc(101)] Not implemented reached in virtual int net::UnixDomainClientSocket::GetPeerAddress(net::IPEndPoint*) const
E/chromium(21942): [ERROR:unix_domain_client_socket_posix.cc(101)] Not implemented reached in virtual int net::UnixDomainClientSocket::GetPeerAddress(net::IPEndPoint*) const
E/chromium(21942): [ERROR:unix_domain_client_socket_posix.cc(101)] Not implemented reached in virtual int net::UnixDomainClientSocket::GetPeerAddress(net::IPEndPoint*) const
E/chromium(21942): [ERROR:unix_domain_client_socket_posix.cc(101)] Not implemented reached in virtual int net::UnixDomainClientSocket::GetPeerAddress(net::IPEndPoint*) const
E/chromium(21942): [ERROR:unix_domain_client_socket_posix.cc(101)] Not implemented reached in virtual int net::UnixDomainClientSocket::GetPeerAddress(net::IPEndPoint*) const
E/chromium(21942): [ERROR:unix_domain_client_socket_posix.cc(101)] Not implemented reached in virtual int net::UnixDomainClientSocket::GetPeerAddress(net::IPEndPoint*) const
E/chromium(21942): [ERROR:unix_domain_client_socket_posix.cc(101)] Not implemented reached in virtual int net::UnixDomainClientSocket::GetPeerAddress(net::IPEndPoint*) const
E/chromium(21942): [ERROR:unix_domain_client_socket_posix.cc(101)] Not implemented reached in virtual int net::UnixDomainClientSocket::GetPeerAddress(net::IPEndPoint*) const
E/chromium(21942): [ERROR:unix_domain_client_socket_posix.cc(101)] Not implemented reached in virtual int net::UnixDomainClientSocket::GetPeerAddress(net::IPEndPoint*) const
E/WifiStateMachine(  751): WifiStateMachine CMD_START_SCAN source -2 txSuccessRate=0.02 rxSuccessRate=2.20 targetRoamBSSID=7c:03:4c:ba:fa:f8 RSSI=-75
E/WifiStateMachine(  751): WifiStateMachine starting scan for "Griffin Wire"WPA_PSK with 2412
I/wpa_supplicant( 1355): wlan0: CTRL-EVENT-SCAN-STARTED 
E/chromium(21942): [ERROR:unix_domain_client_socket_posix.cc(101)] Not implemented reached in virtual int net::UnixDomainClientSocket::GetPeerAddress(net::IPEndPoint*) const
E/chromium(21942): [ERROR:unix_domain_client_socket_posix.cc(101)] Not implemented reached in virtual int net::UnixDomainClientSocket::GetPeerAddress(net::IPEndPoint*) const
E/chromium(21942): [ERROR:unix_domain_client_socket_posix.cc(101)] Not implemented reached in virtual int net::UnixDomainClientSocket::GetPeerAddress(net::IPEndPoint*) const
E/chromium(21942): [ERROR:unix_domain_client_socket_posix.cc(101)] Not implemented reached in virtual int net::UnixDomainClientSocket::GetPeerAddress(net::IPEndPoint*) const
E/chromium(21942): [ERROR:unix_domain_client_socket_posix.cc(101)] Not implemented reached in virtual int net::UnixDomainClientSocket::GetPeerAddress(net::IPEndPoint*) const
E/chromium(21942): [ERROR:unix_domain_client_socket_posix.cc(101)] Not implemented reached in virtual int net::UnixDomainClientSocket::GetPeerAddress(net::IPEndPoint*) const
E/chromium(21942): [ERROR:unix_domain_client_socket_posix.cc(101)] Not implemented reached in virtual int net::UnixDomainClientSocket::GetPeerAddress(net::IPEndPoint*) const
E/chromium(21942): [ERROR:unix_domain_client_socket_posix.cc(101)] Not implemented reached in virtual int net::UnixDomainClientSocket::GetPeerAddress(net::IPEndPoint*) const
E/chromium(21942): [ERROR:unix_domain_client_socket_posix.cc(101)] Not implemented reached in virtual int net::UnixDomainClientSocket::GetPeerAddress(net::IPEndPoint*) const
E/chromium(21942): [ERROR:unix_domain_client_socket_posix.cc(101)] Not implemented reached in virtual int net::UnixDomainClientSocket::GetPeerAddress(net::IPEndPoint*) const
E/chromium(21942): [ERROR:unix_domain_client_socket_posix.cc(101)] Not implemented reached in virtual int net::UnixDomainClientSocket::GetPeerAddress(net::IPEndPoint*) const
E/chromium(21942): [ERROR:unix_domain_client_socket_posix.cc(101)] Not implemented reached in virtual int net::UnixDomainClientSocket::GetPeerAddress(net::IPEndPoint*) const
E/chromium(21942): [ERROR:unix_domain_client_socket_posix.cc(101)] Not implemented reached in virtual int net::UnixDomainClientSocket::GetPeerAddress(net::IPEndPoint*) const
E/chromium(21942): [ERROR:unix_domain_client_socket_posix.cc(101)] Not implemented reached in virtual int net::UnixDomainClientSocket::GetPeerAddress(net::IPEndPoint*) const
E/chromium(21942): [ERROR:unix_domain_client_socket_posix.cc(101)] Not implemented reached in virtual int net::UnixDomainClientSocket::GetPeerAddress(net::IPEndPoint*) const
E/chromium(21942): [ERROR:unix_domain_client_socket_posix.cc(101)] Not implemented reached in virtual int net::UnixDomainClientSocket::GetPeerAddress(net::IPEndPoint*) const
E/chromium(21942): [ERROR:unix_domain_client_socket_posix.cc(101)] Not implemented reached in virtual int net::UnixDomainClientSocket::GetPeerAddress(net::IPEndPoint*) const
E/chromium(21942): [ERROR:unix_domain_client_socket_posix.cc(101)] Not implemented reached in virtual int net::UnixDomainClientSocket::GetPeerAddress(net::IPEndPoint*) const
E/chromium(21942): [ERROR:unix_domain_client_socket_posix.cc(101)] Not implemented reached in virtual int net::UnixDomainClientSocket::GetPeerAddress(net::IPEndPoint*) const
E/chromium(21942): [ERROR:unix_domain_client_socket_posix.cc(101)] Not implemented reached in virtual int net::UnixDomainClientSocket::GetPeerAddress(net::IPEndPoint*) const
E/WifiStateMachine(  751): WifiStateMachine CMD_START_SCAN source -2 txSuccessRate=0.00 rxSuccessRate=3.76 targetRoamBSSID=7c:03:4c:ba:fa:f8 RSSI=-75
E/WifiStateMachine(  751): WifiStateMachine starting scan for "Griffin Wire"WPA_PSK with 2412
I/wpa_supplicant( 1355): wlan0: CTRL-EVENT-SCAN-STARTED 
E/chromium(21942): [ERROR:unix_domain_client_socket_posix.cc(101)] Not implemented reached in virtual int net::UnixDomainClientSocket::GetPeerAddress(net::IPEndPoint*) const
E/chromium(21942): [ERROR:unix_domain_client_socket_posix.cc(101)] Not implemented reached in virtual int net::UnixDomainClientSocket::GetPeerAddress(net::IPEndPoint*) const
E/chromium(21942): [ERROR:unix_domain_client_socket_posix.cc(101)] Not implemented reached in virtual int net::UnixDomainClientSocket::GetPeerAddress(net::IPEndPoint*) const
E/chromium(21942): [ERROR:unix_domain_client_socket_posix.cc(101)] Not implemented reached in virtual int net::UnixDomainClientSocket::GetPeerAddress(net::IPEndPoint*) const
E/chromium(21942): [ERROR:unix_domain_client_socket_posix.cc(101)] Not implemented reached in virtual int net::UnixDomainClientSocket::GetPeerAddress(net::IPEndPoint*) const
E/chromium(21942): [ERROR:unix_domain_client_socket_posix.cc(101)] Not implemented reached in virtual int net::UnixDomainClientSocket::GetPeerAddress(net::IPEndPoint*) const
E/chromium(21942): [ERROR:unix_domain_client_socket_posix.cc(101)] Not implemented reached in virtual int net::UnixDomainClientSocket::GetPeerAddress(net::IPEndPoint*) const
E/chromium(21942): [ERROR:unix_domain_client_socket_posix.cc(101)] Not implemented reached in virtual int net::UnixDomainClientSocket::GetPeerAddress(net::IPEndPoint*) const
E/chromium(21942): [ERROR:unix_domain_client_socket_posix.cc(101)] Not implemented reached in virtual int net::UnixDomainClientSocket::GetPeerAddress(net::IPEndPoint*) const
E/chromium(21942): [ERROR:unix_domain_client_socket_posix.cc(101)] Not implemented reached in virtual int net::UnixDomainClientSocket::GetPeerAddress(net::IPEndPoint*) const
E/chromium(21942): [ERROR:unix_domain_client_socket_posix.cc(101)] Not implemented reached in virtual int net::UnixDomainClientSocket::GetPeerAddress(net::IPEndPoint*) const
E/chromium(21942): [ERROR:unix_domain_client_socket_posix.cc(101)] Not implemented reached in virtual int net::UnixDomainClientSocket::GetPeerAddress(net::IPEndPoint*) const
E/chromium(21942): [ERROR:unix_domain_client_socket_posix.cc(101)] Not implemented reached in virtual int net::UnixDomainClientSocket::GetPeerAddress(net::IPEndPoint*) const
E/chromium(21942): [ERROR:unix_domain_client_socket_posix.cc(101)] Not implemented reached in virtual int net::UnixDomainClientSocket::GetPeerAddress(net::IPEndPoint*) const
E/chromium(21942): [ERROR:unix_domain_client_socket_posix.cc(101)] Not implemented reached in virtual int net::UnixDomainClientSocket::GetPeerAddress(net::IPEndPoint*) const
E/chromium(21942): [ERROR:unix_domain_client_socket_posix.cc(101)] Not implemented reached in virtual int net::UnixDomainClientSocket::GetPeerAddress(net::IPEndPoint*) const
E/chromium(21942): [ERROR:unix_domain_client_socket_posix.cc(101)] Not implemented reached in virtual int net::UnixDomainClientSocket::GetPeerAddress(net::IPEndPoint*) const
E/chromium(21942): [ERROR:unix_domain_client_socket_posix.cc(101)] Not implemented reached in virtual int net::UnixDomainClientSocket::GetPeerAddress(net::IPEndPoint*) const
E/chromium(21942): [ERROR:unix_domain_client_socket_posix.cc(101)] Not implemented reached in virtual int net::UnixDomainClientSocket::GetPeerAddress(net::IPEndPoint*) const
E/chromium(21942): [ERROR:unix_domain_client_socket_posix.cc(101)] Not implemented reached in virtual int net::UnixDomainClientSocket::GetPeerAddress(net::IPEndPoint*) const
E/chromium(21942): [ERROR:unix_domain_client_socket_posix.cc(101)] Not implemented reached in virtual int net::UnixDomainClientSocket::GetPeerAddress(net::IPEndPoint*) const
E/chromium(21942): [ERROR:unix_domain_client_socket_posix.cc(101)] Not implemented reached in virtual int net::UnixDomainClientSocket::GetPeerAddress(net::IPEndPoint*) const
E/chromium(21942): [ERROR:unix_domain_client_socket_posix.cc(101)] Not implemented reached in virtual int net::UnixDomainClientSocket::GetPeerAddress(net::IPEndPoint*) const
E/chromium(21942): [ERROR:unix_domain_client_socket_posix.cc(101)] Not implemented reached in virtual int net::UnixDomainClientSocket::GetPeerAddress(net::IPEndPoint*) const
E/chromium(21942): [ERROR:unix_domain_client_socket_posix.cc(101)] Not implemented reached in virtual int net::UnixDomainClientSocket::GetPeerAddress(net::IPEndPoint*) const
E/chromium(21942): [ERROR:unix_domain_client_socket_posix.cc(101)] Not implemented reached in virtual int net::UnixDomainClientSocket::GetPeerAddress(net::IPEndPoint*) const
E/chromium(21942): [ERROR:unix_domain_client_socket_posix.cc(101)] Not implemented reached in virtual int net::UnixDomainClientSocket::GetPeerAddress(net::IPEndPoint*) const
E/chromium(21942): [ERROR:unix_domain_client_socket_posix.cc(101)] Not implemented reached in virtual int net::UnixDomainClientSocket::GetPeerAddress(net::IPEndPoint*) const
E/chromium(21942): [ERROR:unix_domain_client_socket_posix.cc(101)] Not implemented reached in virtual int net::UnixDomainClientSocket::GetPeerAddress(net::IPEndPoint*) const
E/chromium(21942): [ERROR:unix_domain_client_socket_posix.cc(101)] Not implemented reached in virtual int net::UnixDomainClientSocket::GetPeerAddress(net::IPEndPoint*) const
E/chromium(21942): [ERROR:unix_domain_client_socket_posix.cc(101)] Not implemented reached in virtual int net::UnixDomainClientSocket::GetPeerAddress(net::IPEndPoint*) const
E/chromium(21942): [ERROR:unix_domain_client_socket_posix.cc(101)] Not implemented reached in virtual int net::UnixDomainClientSocket::GetPeerAddress(net::IPEndPoint*) const
E/chromium(21942): [ERROR:unix_domain_client_socket_posix.cc(101)] Not implemented reached in virtual int net::UnixDomainClientSocket::GetPeerAddress(net::IPEndPoint*) const
E/chromium(21942): [ERROR:unix_domain_client_socket_posix.cc(101)] Not implemented reached in virtual int net::UnixDomainClientSocket::GetPeerAddress(net::IPEndPoint*) const
E/WifiStateMachine(  751): WifiStateMachine CMD_START_SCAN source -2 txSuccessRate=0.02 rxSuccessRate=1.95 targetRoamBSSID=7c:03:4c:ba:fa:f8 RSSI=-76
E/WifiStateMachine(  751): WifiStateMachine starting scan for "Griffin Wire"WPA_PSK with 2412
I/wpa_supplicant( 1355): wlan0: CTRL-EVENT-SCAN-STARTED 
E/chromium(21942): [ERROR:unix_domain_client_socket_posix.cc(101)] Not implemented reached in virtual int net::UnixDomainClientSocket::GetPeerAddress(net::IPEndPoint*) const
E/chromium(21942): [ERROR:unix_domain_client_socket_posix.cc(101)] Not implemented reached in virtual int net::UnixDomainClientSocket::GetPeerAddress(net::IPEndPoint*) const
E/chromium(21942): [ERROR:unix_domain_client_socket_posix.cc(101)] Not implemented reached in virtual int net::UnixDomainClientSocket::GetPeerAddress(net::IPEndPoint*) const
E/chromium(21942): [ERROR:unix_domain_client_socket_posix.cc(101)] Not implemented reached in virtual int net::UnixDomainClientSocket::GetPeerAddress(net::IPEndPoint*) const
E/chromium(21942): [ERROR:unix_domain_client_socket_posix.cc(101)] Not implemented reached in virtual int net::UnixDomainClientSocket::GetPeerAddress(net::IPEndPoint*) const
E/chromium(21942): [ERROR:unix_domain_client_socket_posix.cc(101)] Not implemented reached in virtual int net::UnixDomainClientSocket::GetPeerAddress(net::IPEndPoint*) const
E/chromium(21942): [ERROR:unix_domain_client_socket_posix.cc(101)] Not implemented reached in virtual int net::UnixDomainClientSocket::GetPeerAddress(net::IPEndPoint*) const
E/chromium(21942): [ERROR:unix_domain_client_socket_posix.cc(101)] Not implemented reached in virtual int net::UnixDomainClientSocket::GetPeerAddress(net::IPEndPoint*) const
E/chromium(21942): [ERROR:unix_domain_client_socket_posix.cc(101)] Not implemented reached in virtual int net::UnixDomainClientSocket::GetPeerAddress(net::IPEndPoint*) const
E/chromium(21942): [ERROR:unix_domain_client_socket_posix.cc(101)] Not implemented reached in virtual int net::UnixDomainClientSocket::GetPeerAddress(net::IPEndPoint*) const
E/chromium(21942): [ERROR:unix_domain_client_socket_posix.cc(101)] Not implemented reached in virtual int net::UnixDomainClientSocket::GetPeerAddress(net::IPEndPoint*) const
E/chromium(21942): [ERROR:unix_domain_client_socket_posix.cc(101)] Not implemented reached in virtual int net::UnixDomainClientSocket::GetPeerAddress(net::IPEndPoint*) const
E/chromium(21942): [ERROR:unix_domain_client_socket_posix.cc(101)] Not implemented reached in virtual int net::UnixDomainClientSocket::GetPeerAddress(net::IPEndPoint*) const
E/chromium(21942): [ERROR:unix_domain_client_socket_posix.cc(101)] Not implemented reached in virtual int net::UnixDomainClientSocket::GetPeerAddress(net::IPEndPoint*) const
E/chromium(21942): [ERROR:unix_domain_client_socket_posix.cc(101)] Not implemented reached in virtual int net::UnixDomainClientSocket::GetPeerAddress(net::IPEndPoint*) const
E/chromium(21942): [ERROR:unix_domain_client_socket_posix.cc(101)] Not implemented reached in virtual int net::UnixDomainClientSocket::GetPeerAddress(net::IPEndPoint*) const
E/chromium(21942): [ERROR:unix_domain_client_socket_posix.cc(101)] Not implemented reached in virtual int net::UnixDomainClientSocket::GetPeerAddress(net::IPEndPoint*) const
E/chromium(21942): [ERROR:unix_domain_client_socket_posix.cc(101)] Not implemented reached in virtual int net::UnixDomainClientSocket::GetPeerAddress(net::IPEndPoint*) const
E/chromium(21942): [ERROR:unix_domain_client_socket_posix.cc(101)] Not implemented reached in virtual int net::UnixDomainClientSocket::GetPeerAddress(net::IPEndPoint*) const
E/chromium(21942): [ERROR:unix_domain_client_socket_posix.cc(101)] Not implemented reached in virtual int net::UnixDomainClientSocket::GetPeerAddress(net::IPEndPoint*) const
E/chromium(21942): [ERROR:unix_domain_client_socket_posix.cc(101)] Not implemented reached in virtual int net::UnixDomainClientSocket::GetPeerAddress(net::IPEndPoint*) const
E/chromium(21942): [ERROR:unix_domain_client_socket_posix.cc(101)] Not implemented reached in virtual int net::UnixDomainClientSocket::GetPeerAddress(net::IPEndPoint*) const
E/chromium(21942): [ERROR:unix_domain_client_socket_posix.cc(101)] Not implemented reached in virtual int net::UnixDomainClientSocket::GetPeerAddress(net::IPEndPoint*) const
E/chromium(21942): [ERROR:unix_domain_client_socket_posix.cc(101)] Not implemented reached in virtual int net::UnixDomainClientSocket::GetPeerAddress(net::IPEndPoint*) const
E/chromium(21942): [ERROR:unix_domain_client_socket_posix.cc(101)] Not implemented reached in virtual int net::UnixDomainClientSocket::GetPeerAddress(net::IPEndPoint*) const
E/chromium(21942): [ERROR:unix_domain_client_socket_posix.cc(101)] Not implemented reached in virtual int net::UnixDomainClientSocket::GetPeerAddress(net::IPEndPoint*) const
I/art     (  751): Background sticky concurrent mark sweep GC freed 161029(11MB) AllocSpace objects, 271(4MB) LOS objects, 15% free, 44MB/52MB, paused 1.105ms total 150.487ms
E/chromium(21942): [ERROR:unix_domain_client_socket_posix.cc(101)] Not implemented reached in virtual int net::UnixDomainClientSocket::GetPeerAddress(net::IPEndPoint*) const
E/chromium(21942): [ERROR:unix_domain_client_socket_posix.cc(101)] Not implemented reached in virtual int net::UnixDomainClientSocket::GetPeerAddress(net::IPEndPoint*) const
E/chromium(21942): [ERROR:unix_domain_client_socket_posix.cc(101)] Not implemented reached in virtual int net::UnixDomainClientSocket::GetPeerAddress(net::IPEndPoint*) const
E/chromium(21942): [ERROR:unix_domain_client_socket_posix.cc(101)] Not implemented reached in virtual int net::UnixDomainClientSocket::GetPeerAddress(net::IPEndPoint*) const
E/chromium(21942): [ERROR:unix_domain_client_socket_posix.cc(101)] Not implemented reached in virtual int net::UnixDomainClientSocket::GetPeerAddress(net::IPEndPoint*) const
E/chromium(21942): [ERROR:unix_domain_client_socket_posix.cc(101)] Not implemented reached in virtual int net::UnixDomainClientSocket::GetPeerAddress(net::IPEndPoint*) const
E/chromium(21942): [ERROR:unix_domain_client_socket_posix.cc(101)] Not implemented reached in virtual int net::UnixDomainClientSocket::GetPeerAddress(net::IPEndPoint*) const
E/chromium(21942): [ERROR:unix_domain_client_socket_posix.cc(101)] Not implemented reached in virtual int net::UnixDomainClientSocket::GetPeerAddress(net::IPEndPoint*) const
E/WifiStateMachine(  751): WifiStateMachine CMD_START_SCAN source -2 txSuccessRate=0.00 rxSuccessRate=2.12 targetRoamBSSID=7c:03:4c:ba:fa:f8 RSSI=-72
E/WifiStateMachine(  751): WifiStateMachine starting scan for "Griffin Wire"WPA_PSK with 2412
I/wpa_supplicant( 1355): wlan0: CTRL-EVENT-SCAN-STARTED 
E/chromium(21942): [ERROR:unix_domain_client_socket_posix.cc(101)] Not implemented reached in virtual int net::UnixDomainClientSocket::GetPeerAddress(net::IPEndPoint*) const
E/chromium(21942): [ERROR:unix_domain_client_socket_posix.cc(101)] Not implemented reached in virtual int net::UnixDomainClientSocket::GetPeerAddress(net::IPEndPoint*) const
E/chromium(21942): [ERROR:unix_domain_client_socket_posix.cc(101)] Not implemented reached in virtual int net::UnixDomainClientSocket::GetPeerAddress(net::IPEndPoint*) const
E/chromium(21942): [ERROR:unix_domain_client_socket_posix.cc(101)] Not implemented reached in virtual int net::UnixDomainClientSocket::GetPeerAddress(net::IPEndPoint*) const
E/chromium(21942): [ERROR:unix_domain_client_socket_posix.cc(101)] Not implemented reached in virtual int net::UnixDomainClientSocket::GetPeerAddress(net::IPEndPoint*) const
E/chromium(21942): [ERROR:unix_domain_client_socket_posix.cc(101)] Not implemented reached in virtual int net::UnixDomainClientSocket::GetPeerAddress(net::IPEndPoint*) const
E/chromium(21942): [ERROR:unix_domain_client_socket_posix.cc(101)] Not implemented reached in virtual int net::UnixDomainClientSocket::GetPeerAddress(net::IPEndPoint*) const
E/chromium(21942): [ERROR:unix_domain_client_socket_posix.cc(101)] Not implemented reached in virtual int net::UnixDomainClientSocket::GetPeerAddress(net::IPEndPoint*) const
W/ProcessCpuTracker(  751): Skipping unknown process pid 3748
E/chromium(21942): [ERROR:unix_domain_client_socket_posix.cc(101)] Not implemented reached in virtual int net::UnixDomainClientSocket::GetPeerAddress(net::IPEndPoint*) const
E/chromium(21942): [ERROR:unix_domain_client_socket_posix.cc(101)] Not implemented reached in virtual int net::UnixDomainClientSocket::GetPeerAddress(net::IPEndPoint*) const
E/chromium(21942): [ERROR:unix_domain_client_socket_posix.cc(101)] Not implemented reached in virtual int net::UnixDomainClientSocket::GetPeerAddress(net::IPEndPoint*) const
E/chromium(21942): [ERROR:unix_domain_client_socket_posix.cc(101)] Not implemented reached in virtual int net::UnixDomainClientSocket::GetPeerAddress(net::IPEndPoint*) const
E/chromium(21942): [ERROR:unix_domain_client_socket_posix.cc(101)] Not implemented reached in virtual int net::UnixDomainClientSocket::GetPeerAddress(net::IPEndPoint*) const
E/chromium(21942): [ERROR:unix_domain_client_socket_posix.cc(101)] Not implemented reached in virtual int net::UnixDomainClientSocket::GetPeerAddress(net::IPEndPoint*) const
E/chromium(21942): [ERROR:unix_domain_client_socket_posix.cc(101)] Not implemented reached in virtual int net::UnixDomainClientSocket::GetPeerAddress(net::IPEndPoint*) const
E/chromium(21942): [ERROR:unix_domain_client_socket_posix.cc(101)] Not implemented reached in virtual int net::UnixDomainClientSocket::GetPeerAddress(net::IPEndPoint*) const
E/chromium(21942): [ERROR:unix_domain_client_socket_posix.cc(101)] Not implemented reached in virtual int net::UnixDomainClientSocket::GetPeerAddress(net::IPEndPoint*) const
E/chromium(21942): [ERROR:unix_domain_client_socket_posix.cc(101)] Not implemented reached in virtual int net::UnixDomainClientSocket::GetPeerAddress(net::IPEndPoint*) const
E/chromium(21942): [ERROR:unix_domain_client_socket_posix.cc(101)] Not implemented reached in virtual int net::UnixDomainClientSocket::GetPeerAddress(net::IPEndPoint*) const
E/chromium(21942): [ERROR:unix_domain_client_socket_posix.cc(101)] Not implemented reached in virtual int net::UnixDomainClientSocket::GetPeerAddress(net::IPEndPoint*) const
E/chromium(21942): [ERROR:unix_domain_client_socket_posix.cc(101)] Not implemented reached in virtual int net::UnixDomainClientSocket::GetPeerAddress(net::IPEndPoint*) const
E/chromium(21942): [ERROR:unix_domain_client_socket_posix.cc(101)] Not implemented reached in virtual int net::UnixDomainClientSocket::GetPeerAddress(net::IPEndPoint*) const
E/chromium(21942): [ERROR:unix_domain_client_socket_posix.cc(101)] Not implemented reached in virtual int net::UnixDomainClientSocket::GetPeerAddress(net::IPEndPoint*) const
E/chromium(21942): [ERROR:unix_domain_client_socket_posix.cc(101)] Not implemented reached in virtual int net::UnixDomainClientSocket::GetPeerAddress(net::IPEndPoint*) const
E/chromium(21942): [ERROR:unix_domain_client_socket_posix.cc(101)] Not implemented reached in virtual int net::UnixDomainClientSocket::GetPeerAddress(net::IPEndPoint*) const
E/chromium(21942): [ERROR:unix_domain_client_socket_posix.cc(101)] Not implemented reached in virtual int net::UnixDomainClientSocket::GetPeerAddress(net::IPEndPoint*) const
E/chromium(21942): [ERROR:unix_domain_client_socket_posix.cc(101)] Not implemented reached in virtual int net::UnixDomainClientSocket::GetPeerAddress(net::IPEndPoint*) const
E/chromium(21942): [ERROR:unix_domain_client_socket_posix.cc(101)] Not implemented reached in virtual int net::UnixDomainClientSocket::GetPeerAddress(net::IPEndPoint*) const
E/chromium(21942): [ERROR:unix_domain_client_socket_posix.cc(101)] Not implemented reached in virtual int net::UnixDomainClientSocket::GetPeerAddress(net::IPEndPoint*) const
E/chromium(21942): [ERROR:unix_domain_client_socket_posix.cc(101)] Not implemented reached in virtual int net::UnixDomainClientSocket::GetPeerAddress(net::IPEndPoint*) const
E/chromium(21942): [ERROR:unix_domain_client_socket_posix.cc(101)] Not implemented reached in virtual int net::UnixDomainClientSocket::GetPeerAddress(net::IPEndPoint*) const
E/chromium(21942): [ERROR:unix_domain_client_socket_posix.cc(101)] Not implemented reached in virtual int net::UnixDomainClientSocket::GetPeerAddress(net::IPEndPoint*) const
E/chromium(21942): [ERROR:unix_domain_client_socket_posix.cc(101)] Not implemented reached in virtual int net::UnixDomainClientSocket::GetPeerAddress(net::IPEndPoint*) const
E/chromium(21942): [ERROR:unix_domain_client_socket_posix.cc(101)] Not implemented reached in virtual int net::UnixDomainClientSocket::GetPeerAddress(net::IPEndPoint*) const
E/WifiStateMachine(  751): WifiStateMachine CMD_START_SCAN source -2 txSuccessRate=0.03 rxSuccessRate=4.63 targetRoamBSSID=7c:03:4c:ba:fa:f8 RSSI=-72
E/WifiStateMachine(  751): WifiStateMachine starting scan for "Griffin Wire"WPA_PSK with 2412
I/wpa_supplicant( 1355): wlan0: CTRL-EVENT-SCAN-STARTED 
I/ActivityManager(  751): Start proc com.google.android.apps.fitness for broadcast com.google.android.apps.fitness/.api.services.ActivitySummaryAlarmReceiver: pid=3876 uid=10135 gids={50135, 9997, 3003, 1028, 1015, 3002, 3001} abi=armeabi-v7a
E/chromium(21942): [ERROR:unix_domain_client_socket_posix.cc(101)] Not implemented reached in virtual int net::UnixDomainClientSocket::GetPeerAddress(net::IPEndPoint*) const
E/chromium(21942): [ERROR:unix_domain_client_socket_posix.cc(101)] Not implemented reached in virtual int net::UnixDomainClientSocket::GetPeerAddress(net::IPEndPoint*) const
I/FitnessApp( 3876): Validating ObjectGraph
I/FitnessApp( 3876): Initializers took 27 milliseconds
I/FitnessApp( 3876): ActivitySummaryAlarmReceiver
I/Fitness ( 3209): Account supported from cache: true
W/Fitness ( 3209): FitnessAccountManager connection failed: c{statusCode=unknown status code 16, resolution=null}
I/FitnessApp( 3876): Querying Data ActivitySummaryQuery
W/Fitness ( 3209): One or more invalid step counts, delta=0, start=09:01:05, end=09:01:42
W/Fitness ( 3209): One or more invalid step counts, delta=0, start=09:01:42, end=09:31:59
W/Fitness ( 3209): One or more invalid step counts, delta=1, start=09:31:59, end=09:35:42
W/Fitness ( 3209): One or more invalid step counts, delta=0, start=09:01:05, end=09:01:42
W/Fitness ( 3209): One or more invalid step counts, delta=0, start=09:01:42, end=09:31:59
W/Fitness ( 3209): One or more invalid step counts, delta=1, start=09:31:59, end=09:35:42
I/FitnessApp( 3876): Added 457 steps with other activity type to walking. Bucket{startTime=1418853600000, endTime=1418893906243, activity=3, dataSets=[DataSet{d:step_count.delta:gms:aggregated [RawDataPoint{[457]@[1418855868407000000, 1418892011203455810](0,1)}]}, DataSet{d:activity.summary:gms:aggregated [RawDataPoint{[3, 38706337, 8]@[1418853600000000000, 1418893906243000000](2,3)}]}], bucketType=type, serverHasMoreData=false}
I/FitnessApp( 3876): Added 23 steps with other activity type to walking. Bucket{startTime=1418857346326, endTime=1418895072733, activity=4, dataSets=[DataSet{d:step_count.delta:gms:aggregated [RawDataPoint{[23]@[1418857346326000000, 1418857361258798828](0,1)}]}, DataSet{d:activity.summary:gms:aggregated [RawDataPoint{[4, 1216996, 2]@[1418857346326000000, 1418895072733000000](2,-1)}]}], bucketType=type, serverHasMoreData=false}
I/FitnessApp( 3876): Added 1392 steps with activity type WALKING . Bucket{startTime=1418882460587, endTime=1418889518370, activity=7, dataSets=[DataSet{d:step_count.delta:gms:aggregated [RawDataPoint{[1392]@[1418882460587000000, 1418889518370000000](0,1)}]}, DataSet{d:activity.summary:gms:aggregated [RawDataPoint{[7, 1013718, 5]@[1418882460587000000, 1418889518370000000](2,3)}]}], bucketType=type, serverHasMoreData=false}
I/FitnessApp( 3876): ActivitySummaryQuery generated summary ActivitySummary {WALKING= [DURATION=1013718,STEP_COUNT=1872], otherData= [[STEP_COUNT=1872]]}
I/FitnessApp( 3876): Processing Results FitnessHistoryQueryRunner: 481ms
I/FitAppActSumService( 3876): Cached updated activity summary ActivitySummary {WALKING= [DURATION=1013718,STEP_COUNT=1872], otherData= [[STEP_COUNT=1872]]}
I/FitAppActSumService( 3876): Clearing goal notification
E/chromium(21942): [ERROR:unix_domain_client_socket_posix.cc(101)] Not implemented reached in virtual int net::UnixDomainClientSocket::GetPeerAddress(net::IPEndPoint*) const
E/chromium(21942): [ERROR:unix_domain_client_socket_posix.cc(101)] Not implemented reached in virtual int net::UnixDomainClientSocket::GetPeerAddress(net::IPEndPoint*) const
E/chromium(21942): [ERROR:unix_domain_client_socket_posix.cc(101)] Not implemented reached in virtual int net::UnixDomainClientSocket::GetPeerAddress(net::IPEndPoint*) const
E/chromium(21942): [ERROR:unix_domain_client_socket_posix.cc(101)] Not implemented reached in virtual int net::UnixDomainClientSocket::GetPeerAddress(net::IPEndPoint*) const
E/chromium(21942): [ERROR:unix_domain_client_socket_posix.cc(101)] Not implemented reached in virtual int net::UnixDomainClientSocket::GetPeerAddress(net::IPEndPoint*) const
E/chromium(21942): [ERROR:unix_domain_client_socket_posix.cc(101)] Not implemented reached in virtual int net::UnixDomainClientSocket::GetPeerAddress(net::IPEndPoint*) const
E/chromium(21942): [ERROR:unix_domain_client_socket_posix.cc(101)] Not implemented reached in virtual int net::UnixDomainClientSocket::GetPeerAddress(net::IPEndPoint*) const
E/chromium(21942): [ERROR:unix_domain_client_socket_posix.cc(101)] Not implemented reached in virtual int net::UnixDomainClientSocket::GetPeerAddress(net::IPEndPoint*) const
W/CursorWrapperInner( 3876): Cursor finalized without prior close()
E/chromium(21942): [ERROR:unix_domain_client_socket_posix.cc(101)] Not implemented reached in virtual int net::UnixDomainClientSocket::GetPeerAddress(net::IPEndPoint*) const
E/chromium(21942): [ERROR:unix_domain_client_socket_posix.cc(101)] Not implemented reached in virtual int net::UnixDomainClientSocket::GetPeerAddress(net::IPEndPoint*) const
E/chromium(21942): [ERROR:unix_domain_client_socket_posix.cc(101)] Not implemented reached in virtual int net::UnixDomainClientSocket::GetPeerAddress(net::IPEndPoint*) const
E/chromium(21942): [ERROR:unix_domain_client_socket_posix.cc(101)] Not implemented reached in virtual int net::UnixDomainClientSocket::GetPeerAddress(net::IPEndPoint*) const
E/chromium(21942): [ERROR:unix_domain_client_socket_posix.cc(101)] Not implemented reached in virtual int net::UnixDomainClientSocket::GetPeerAddress(net::IPEndPoint*) const
E/chromium(21942): [ERROR:unix_domain_client_socket_posix.cc(101)] Not implemented reached in virtual int net::UnixDomainClientSocket::GetPeerAddress(net::IPEndPoint*) const
E/chromium(21942): [ERROR:unix_domain_client_socket_posix.cc(101)] Not implemented reached in virtual int net::UnixDomainClientSocket::GetPeerAddress(net::IPEndPoint*) const
E/chromium(21942): [ERROR:unix_domain_client_socket_posix.cc(101)] Not implemented reached in virtual int net::UnixDomainClientSocket::GetPeerAddress(net::IPEndPoint*) const
E/chromium(21942): [ERROR:unix_domain_client_socket_posix.cc(101)] Not implemented reached in virtual int net::UnixDomainClientSocket::GetPeerAddress(net::IPEndPoint*) const
E/chromium(21942): [ERROR:unix_domain_client_socket_posix.cc(101)] Not implemented reached in virtual int net::UnixDomainClientSocket::GetPeerAddress(net::IPEndPoint*) const
E/chromium(21942): [ERROR:unix_domain_client_socket_posix.cc(101)] Not implemented reached in virtual int net::UnixDomainClientSocket::GetPeerAddress(net::IPEndPoint*) const
E/chromium(21942): [ERROR:unix_domain_client_socket_posix.cc(101)] Not implemented reached in virtual int net::UnixDomainClientSocket::GetPeerAddress(net::IPEndPoint*) const
E/chromium(21942): [ERROR:unix_domain_client_socket_posix.cc(101)] Not implemented reached in virtual int net::UnixDomainClientSocket::GetPeerAddress(net::IPEndPoint*) const
E/chromium(21942): [ERROR:unix_domain_client_socket_posix.cc(101)] Not implemented reached in virtual int net::UnixDomainClientSocket::GetPeerAddress(net::IPEndPoint*) const
E/chromium(21942): [ERROR:unix_domain_client_socket_posix.cc(101)] Not implemented reached in virtual int net::UnixDomainClientSocket::GetPeerAddress(net::IPEndPoint*) const
E/chromium(21942): [ERROR:unix_domain_client_socket_posix.cc(101)] Not implemented reached in virtual int net::UnixDomainClientSocket::GetPeerAddress(net::IPEndPoint*) const
E/chromium(21942): [ERROR:unix_domain_client_socket_posix.cc(101)] Not implemented reached in virtual int net::UnixDomainClientSocket::GetPeerAddress(net::IPEndPoint*) const
E/chromium(21942): [ERROR:unix_domain_client_socket_posix.cc(101)] Not implemented reached in virtual int net::UnixDomainClientSocket::GetPeerAddress(net::IPEndPoint*) const
E/chromium(21942): [ERROR:unix_domain_client_socket_posix.cc(101)] Not implemented reached in virtual int net::UnixDomainClientSocket::GetPeerAddress(net::IPEndPoint*) const
E/chromium(21942): [ERROR:unix_domain_client_socket_posix.cc(101)] Not implemented reached in virtual int net::UnixDomainClientSocket::GetPeerAddress(net::IPEndPoint*) const
E/chromium(21942): [ERROR:unix_domain_client_socket_posix.cc(101)] Not implemented reached in virtual int net::UnixDomainClientSocket::GetPeerAddress(net::IPEndPoint*) const
E/chromium(21942): [ERROR:unix_domain_client_socket_posix.cc(101)] Not implemented reached in virtual int net::UnixDomainClientSocket::GetPeerAddress(net::IPEndPoint*) const
E/chromium(21942): [ERROR:unix_domain_client_socket_posix.cc(101)] Not implemented reached in virtual int net::UnixDomainClientSocket::GetPeerAddress(net::IPEndPoint*) const
E/chromium(21942): [ERROR:unix_domain_client_socket_posix.cc(101)] Not implemented reached in virtual int net::UnixDomainClientSocket::GetPeerAddress(net::IPEndPoint*) const
E/WifiStateMachine(  751): WifiStateMachine CMD_START_SCAN source -2 txSuccessRate=0.22 rxSuccessRate=3.13 targetRoamBSSID=7c:03:4c:ba:fa:f8 RSSI=-73
E/WifiStateMachine(  751): WifiStateMachine starting scan for "Griffin Wire"WPA_PSK with 2412
I/wpa_supplicant( 1355): wlan0: CTRL-EVENT-SCAN-STARTED 
E/chromium(21942): [ERROR:unix_domain_client_socket_posix.cc(101)] Not implemented reached in virtual int net::UnixDomainClientSocket::GetPeerAddress(net::IPEndPoint*) const
E/chromium(21942): [ERROR:unix_domain_client_socket_posix.cc(101)] Not implemented reached in virtual int net::UnixDomainClientSocket::GetPeerAddress(net::IPEndPoint*) const
E/chromium(21942): [ERROR:unix_domain_client_socket_posix.cc(101)] Not implemented reached in virtual int net::UnixDomainClientSocket::GetPeerAddress(net::IPEndPoint*) const
E/chromium(21942): [ERROR:unix_domain_client_socket_posix.cc(101)] Not implemented reached in virtual int net::UnixDomainClientSocket::GetPeerAddress(net::IPEndPoint*) const
